<!doctype html public "-//w3c//dtd html 4.0 transitional//en">
<html><head>
<title>Static Call Graph - [.\OBJ\STM32F407VGT6.axf]</title></head>
<body><HR>
<H1>Static Call Graph for image .\OBJ\STM32F407VGT6.axf</H1><HR>
<BR><P>#&#060CALLGRAPH&#062# ARM Linker, 5050106: Last Updated: Sat Jul 04 21:55:47 2015
<BR><P>
<H3>Maximum Stack Usage =        320 bytes + Unknown(Functions without stacksize, Cycles, Untraceable Function Pointers)</H3><H3>
Call chain for Maximum Stack Depth:</H3>
_printf_f &rArr; _printf_fp_dec &rArr; _printf_fp_dec_real &rArr; _fp_digits &rArr; _btod_etento &rArr; _btod_emul &rArr; _e2e
<P>
<H3>
Functions with no stack information
</H3><UL>
 <LI><a href="#[235]">__user_initial_stackheap</a>
</UL>
</UL>
<P>
<H3>
Mutually Recursive functions
</H3> <LI><a href="#[c3]">assert_failed</a>&nbsp;&nbsp;&nbsp;&rArr;&nbsp;&nbsp;&nbsp;<a href="#[c3]">assert_failed</a><BR>
 <LI><a href="#[21]">HardFault_Handler</a>&nbsp;&nbsp;&nbsp;&rArr;&nbsp;&nbsp;&nbsp;<a href="#[21]">HardFault_Handler</a><BR>
 <LI><a href="#[22]">MemManage_Handler</a>&nbsp;&nbsp;&nbsp;&rArr;&nbsp;&nbsp;&nbsp;<a href="#[22]">MemManage_Handler</a><BR>
 <LI><a href="#[23]">BusFault_Handler</a>&nbsp;&nbsp;&nbsp;&rArr;&nbsp;&nbsp;&nbsp;<a href="#[23]">BusFault_Handler</a><BR>
 <LI><a href="#[24]">UsageFault_Handler</a>&nbsp;&nbsp;&nbsp;&rArr;&nbsp;&nbsp;&nbsp;<a href="#[24]">UsageFault_Handler</a><BR>
 <LI><a href="#[3b]">ADC_IRQHandler</a>&nbsp;&nbsp;&nbsp;&rArr;&nbsp;&nbsp;&nbsp;<a href="#[3b]">ADC_IRQHandler</a><BR>
 <LI><a href="#[ac]">_sys_exit</a>&nbsp;&nbsp;&nbsp;&rArr;&nbsp;&nbsp;&nbsp;<a href="#[ac]">_sys_exit</a><BR>
</UL>
<P>
<H3>
Function Pointers
</H3><UL>
 <LI><a href="#[3b]">ADC_IRQHandler</a> from startup_stm32f4xx.o(.text) referenced from startup_stm32f4xx.o(RESET)
 <LI><a href="#[23]">BusFault_Handler</a> from stm32f4xx_it.o(.text) referenced from startup_stm32f4xx.o(RESET)
 <LI><a href="#[3d]">CAN1_RX0_IRQHandler</a> from startup_stm32f4xx.o(.text) referenced from startup_stm32f4xx.o(RESET)
 <LI><a href="#[3e]">CAN1_RX1_IRQHandler</a> from startup_stm32f4xx.o(.text) referenced from startup_stm32f4xx.o(RESET)
 <LI><a href="#[3f]">CAN1_SCE_IRQHandler</a> from startup_stm32f4xx.o(.text) referenced from startup_stm32f4xx.o(RESET)
 <LI><a href="#[3c]">CAN1_TX_IRQHandler</a> from startup_stm32f4xx.o(.text) referenced from startup_stm32f4xx.o(RESET)
 <LI><a href="#[69]">CAN2_RX0_IRQHandler</a> from startup_stm32f4xx.o(.text) referenced from startup_stm32f4xx.o(RESET)
 <LI><a href="#[6a]">CAN2_RX1_IRQHandler</a> from startup_stm32f4xx.o(.text) referenced from startup_stm32f4xx.o(RESET)
 <LI><a href="#[6b]">CAN2_SCE_IRQHandler</a> from startup_stm32f4xx.o(.text) referenced from startup_stm32f4xx.o(RESET)
 <LI><a href="#[68]">CAN2_TX_IRQHandler</a> from startup_stm32f4xx.o(.text) referenced from startup_stm32f4xx.o(RESET)
 <LI><a href="#[78]">CRYP_IRQHandler</a> from startup_stm32f4xx.o(.text) referenced from startup_stm32f4xx.o(RESET)
 <LI><a href="#[77]">DCMI_IRQHandler</a> from startup_stm32f4xx.o(.text) referenced from startup_stm32f4xx.o(RESET)
 <LI><a href="#[34]">DMA1_Stream0_IRQHandler</a> from startup_stm32f4xx.o(.text) referenced from startup_stm32f4xx.o(RESET)
 <LI><a href="#[35]">DMA1_Stream1_IRQHandler</a> from startup_stm32f4xx.o(.text) referenced from startup_stm32f4xx.o(RESET)
 <LI><a href="#[36]">DMA1_Stream2_IRQHandler</a> from startup_stm32f4xx.o(.text) referenced from startup_stm32f4xx.o(RESET)
 <LI><a href="#[37]">DMA1_Stream3_IRQHandler</a> from startup_stm32f4xx.o(.text) referenced from startup_stm32f4xx.o(RESET)
 <LI><a href="#[38]">DMA1_Stream4_IRQHandler</a> from startup_stm32f4xx.o(.text) referenced from startup_stm32f4xx.o(RESET)
 <LI><a href="#[39]">DMA1_Stream5_IRQHandler</a> from startup_stm32f4xx.o(.text) referenced from startup_stm32f4xx.o(RESET)
 <LI><a href="#[3a]">DMA1_Stream6_IRQHandler</a> from startup_stm32f4xx.o(.text) referenced from startup_stm32f4xx.o(RESET)
 <LI><a href="#[58]">DMA1_Stream7_IRQHandler</a> from startup_stm32f4xx.o(.text) referenced from startup_stm32f4xx.o(RESET)
 <LI><a href="#[61]">DMA2_Stream0_IRQHandler</a> from startup_stm32f4xx.o(.text) referenced from startup_stm32f4xx.o(RESET)
 <LI><a href="#[62]">DMA2_Stream1_IRQHandler</a> from startup_stm32f4xx.o(.text) referenced from startup_stm32f4xx.o(RESET)
 <LI><a href="#[63]">DMA2_Stream2_IRQHandler</a> from startup_stm32f4xx.o(.text) referenced from startup_stm32f4xx.o(RESET)
 <LI><a href="#[64]">DMA2_Stream3_IRQHandler</a> from startup_stm32f4xx.o(.text) referenced from startup_stm32f4xx.o(RESET)
 <LI><a href="#[65]">DMA2_Stream4_IRQHandler</a> from startup_stm32f4xx.o(.text) referenced from startup_stm32f4xx.o(RESET)
 <LI><a href="#[6d]">DMA2_Stream5_IRQHandler</a> from startup_stm32f4xx.o(.text) referenced from startup_stm32f4xx.o(RESET)
 <LI><a href="#[6e]">DMA2_Stream6_IRQHandler</a> from startup_stm32f4xx.o(.text) referenced from startup_stm32f4xx.o(RESET)
 <LI><a href="#[6f]">DMA2_Stream7_IRQHandler</a> from startup_stm32f4xx.o(.text) referenced from startup_stm32f4xx.o(RESET)
 <LI><a href="#[26]">DebugMon_Handler</a> from stm32f4xx_it.o(.text) referenced from startup_stm32f4xx.o(RESET)
 <LI><a href="#[66]">ETH_IRQHandler</a> from startup_stm32f4xx.o(.text) referenced from startup_stm32f4xx.o(RESET)
 <LI><a href="#[67]">ETH_WKUP_IRQHandler</a> from startup_stm32f4xx.o(.text) referenced from startup_stm32f4xx.o(RESET)
 <LI><a href="#[2f]">EXTI0_IRQHandler</a> from main.o(.text) referenced from startup_stm32f4xx.o(RESET)
 <LI><a href="#[51]">EXTI15_10_IRQHandler</a> from startup_stm32f4xx.o(.text) referenced from startup_stm32f4xx.o(RESET)
 <LI><a href="#[30]">EXTI1_IRQHandler</a> from startup_stm32f4xx.o(.text) referenced from startup_stm32f4xx.o(RESET)
 <LI><a href="#[31]">EXTI2_IRQHandler</a> from startup_stm32f4xx.o(.text) referenced from startup_stm32f4xx.o(RESET)
 <LI><a href="#[32]">EXTI3_IRQHandler</a> from startup_stm32f4xx.o(.text) referenced from startup_stm32f4xx.o(RESET)
 <LI><a href="#[33]">EXTI4_IRQHandler</a> from startup_stm32f4xx.o(.text) referenced from startup_stm32f4xx.o(RESET)
 <LI><a href="#[40]">EXTI9_5_IRQHandler</a> from startup_stm32f4xx.o(.text) referenced from startup_stm32f4xx.o(RESET)
 <LI><a href="#[2d]">FLASH_IRQHandler</a> from startup_stm32f4xx.o(.text) referenced from startup_stm32f4xx.o(RESET)
 <LI><a href="#[7a]">FPU_IRQHandler</a> from startup_stm32f4xx.o(.text) referenced from startup_stm32f4xx.o(RESET)
 <LI><a href="#[59]">FSMC_IRQHandler</a> from startup_stm32f4xx.o(.text) referenced from startup_stm32f4xx.o(RESET)
 <LI><a href="#[79]">HASH_RNG_IRQHandler</a> from startup_stm32f4xx.o(.text) referenced from startup_stm32f4xx.o(RESET)
 <LI><a href="#[21]">HardFault_Handler</a> from stm32f4xx_it.o(.text) referenced from startup_stm32f4xx.o(RESET)
 <LI><a href="#[49]">I2C1_ER_IRQHandler</a> from startup_stm32f4xx.o(.text) referenced from startup_stm32f4xx.o(RESET)
 <LI><a href="#[48]">I2C1_EV_IRQHandler</a> from startup_stm32f4xx.o(.text) referenced from startup_stm32f4xx.o(RESET)
 <LI><a href="#[4b]">I2C2_ER_IRQHandler</a> from startup_stm32f4xx.o(.text) referenced from startup_stm32f4xx.o(RESET)
 <LI><a href="#[4a]">I2C2_EV_IRQHandler</a> from startup_stm32f4xx.o(.text) referenced from startup_stm32f4xx.o(RESET)
 <LI><a href="#[72]">I2C3_ER_IRQHandler</a> from startup_stm32f4xx.o(.text) referenced from startup_stm32f4xx.o(RESET)
 <LI><a href="#[71]">I2C3_EV_IRQHandler</a> from startup_stm32f4xx.o(.text) referenced from startup_stm32f4xx.o(RESET)
 <LI><a href="#[1c]">KEYBRD_Decode</a> from usbh_hid_keybd.o(.text) referenced 2 times from usbh_hid_keybd.o(.data)
 <LI><a href="#[1b]">KEYBRD_Init</a> from usbh_hid_keybd.o(.text) referenced 2 times from usbh_hid_keybd.o(.data)
 <LI><a href="#[1e]">MOUSE_Decode</a> from usbh_hid_mouse.o(.text) referenced 2 times from usbh_hid_mouse.o(.data)
 <LI><a href="#[1d]">MOUSE_Init</a> from usbh_hid_mouse.o(.text) referenced 2 times from usbh_hid_mouse.o(.data)
 <LI><a href="#[22]">MemManage_Handler</a> from stm32f4xx_it.o(.text) referenced from startup_stm32f4xx.o(RESET)
 <LI><a href="#[20]">NMI_Handler</a> from stm32f4xx_it.o(.text) referenced from startup_stm32f4xx.o(RESET)
 <LI><a href="#[6c]">OTG_FS_IRQHandler</a> from stm32f4xx_it.o(.text) referenced from startup_stm32f4xx.o(RESET)
 <LI><a href="#[53]">OTG_FS_WKUP_IRQHandler</a> from startup_stm32f4xx.o(.text) referenced from startup_stm32f4xx.o(RESET)
 <LI><a href="#[74]">OTG_HS_EP1_IN_IRQHandler</a> from startup_stm32f4xx.o(.text) referenced from startup_stm32f4xx.o(RESET)
 <LI><a href="#[73]">OTG_HS_EP1_OUT_IRQHandler</a> from startup_stm32f4xx.o(.text) referenced from startup_stm32f4xx.o(RESET)
 <LI><a href="#[76]">OTG_HS_IRQHandler</a> from startup_stm32f4xx.o(.text) referenced from startup_stm32f4xx.o(RESET)
 <LI><a href="#[75]">OTG_HS_WKUP_IRQHandler</a> from startup_stm32f4xx.o(.text) referenced from startup_stm32f4xx.o(RESET)
 <LI><a href="#[2a]">PVD_IRQHandler</a> from startup_stm32f4xx.o(.text) referenced from startup_stm32f4xx.o(RESET)
 <LI><a href="#[27]">PendSV_Handler</a> from stm32f4xx_it.o(.text) referenced from startup_stm32f4xx.o(RESET)
 <LI><a href="#[2e]">RCC_IRQHandler</a> from startup_stm32f4xx.o(.text) referenced from startup_stm32f4xx.o(RESET)
 <LI><a href="#[52]">RTC_Alarm_IRQHandler</a> from startup_stm32f4xx.o(.text) referenced from startup_stm32f4xx.o(RESET)
 <LI><a href="#[2c]">RTC_WKUP_IRQHandler</a> from startup_stm32f4xx.o(.text) referenced from startup_stm32f4xx.o(RESET)
 <LI><a href="#[1f]">Reset_Handler</a> from startup_stm32f4xx.o(.text) referenced from startup_stm32f4xx.o(RESET)
 <LI><a href="#[5a]">SDIO_IRQHandler</a> from startup_stm32f4xx.o(.text) referenced from startup_stm32f4xx.o(RESET)
 <LI><a href="#[4c]">SPI1_IRQHandler</a> from startup_stm32f4xx.o(.text) referenced from startup_stm32f4xx.o(RESET)
 <LI><a href="#[4d]">SPI2_IRQHandler</a> from startup_stm32f4xx.o(.text) referenced from startup_stm32f4xx.o(RESET)
 <LI><a href="#[5c]">SPI3_IRQHandler</a> from startup_stm32f4xx.o(.text) referenced from startup_stm32f4xx.o(RESET)
 <LI><a href="#[25]">SVC_Handler</a> from stm32f4xx_it.o(.text) referenced from startup_stm32f4xx.o(RESET)
 <LI><a href="#[28]">SysTick_Handler</a> from stm32f4xx_it.o(.text) referenced from startup_stm32f4xx.o(RESET)
 <LI><a href="#[7b]">SystemInit</a> from system_stm32f4xx.o(.text) referenced from startup_stm32f4xx.o(.text)
 <LI><a href="#[2b]">TAMP_STAMP_IRQHandler</a> from startup_stm32f4xx.o(.text) referenced from startup_stm32f4xx.o(RESET)
 <LI><a href="#[41]">TIM1_BRK_TIM9_IRQHandler</a> from startup_stm32f4xx.o(.text) referenced from startup_stm32f4xx.o(RESET)
 <LI><a href="#[44]">TIM1_CC_IRQHandler</a> from startup_stm32f4xx.o(.text) referenced from startup_stm32f4xx.o(RESET)
 <LI><a href="#[43]">TIM1_TRG_COM_TIM11_IRQHandler</a> from startup_stm32f4xx.o(.text) referenced from startup_stm32f4xx.o(RESET)
 <LI><a href="#[42]">TIM1_UP_TIM10_IRQHandler</a> from startup_stm32f4xx.o(.text) referenced from startup_stm32f4xx.o(RESET)
 <LI><a href="#[45]">TIM2_IRQHandler</a> from stm32f4xx_it.o(.text) referenced from startup_stm32f4xx.o(RESET)
 <LI><a href="#[46]">TIM3_IRQHandler</a> from steering.o(.text) referenced from startup_stm32f4xx.o(RESET)
 <LI><a href="#[47]">TIM4_IRQHandler</a> from startup_stm32f4xx.o(.text) referenced from startup_stm32f4xx.o(RESET)
 <LI><a href="#[5b]">TIM5_IRQHandler</a> from car.o(.text) referenced from startup_stm32f4xx.o(RESET)
 <LI><a href="#[5f]">TIM6_DAC_IRQHandler</a> from startup_stm32f4xx.o(.text) referenced from startup_stm32f4xx.o(RESET)
 <LI><a href="#[60]">TIM7_IRQHandler</a> from startup_stm32f4xx.o(.text) referenced from startup_stm32f4xx.o(RESET)
 <LI><a href="#[54]">TIM8_BRK_TIM12_IRQHandler</a> from startup_stm32f4xx.o(.text) referenced from startup_stm32f4xx.o(RESET)
 <LI><a href="#[57]">TIM8_CC_IRQHandler</a> from startup_stm32f4xx.o(.text) referenced from startup_stm32f4xx.o(RESET)
 <LI><a href="#[56]">TIM8_TRG_COM_TIM14_IRQHandler</a> from startup_stm32f4xx.o(.text) referenced from startup_stm32f4xx.o(RESET)
 <LI><a href="#[55]">TIM8_UP_TIM13_IRQHandler</a> from startup_stm32f4xx.o(.text) referenced from startup_stm32f4xx.o(RESET)
 <LI><a href="#[5d]">UART4_IRQHandler</a> from startup_stm32f4xx.o(.text) referenced from startup_stm32f4xx.o(RESET)
 <LI><a href="#[5e]">UART5_IRQHandler</a> from startup_stm32f4xx.o(.text) referenced from startup_stm32f4xx.o(RESET)
 <LI><a href="#[4e]">USART1_IRQHandler</a> from serie1.o(.text) referenced from startup_stm32f4xx.o(RESET)
 <LI><a href="#[4f]">USART2_IRQHandler</a> from serie2.o(.text) referenced from startup_stm32f4xx.o(RESET)
 <LI><a href="#[50]">USART3_IRQHandler</a> from serie3.o(.text) referenced from startup_stm32f4xx.o(RESET)
 <LI><a href="#[70]">USART6_IRQHandler</a> from startup_stm32f4xx.o(.text) referenced from startup_stm32f4xx.o(RESET)
 <LI><a href="#[15]">USBH_Connected</a> from usbh_core.o(.text) referenced 2 times from usbh_core.o(.data)
 <LI><a href="#[16]">USBH_Disconnected</a> from usbh_core.o(.text) referenced 2 times from usbh_core.o(.data)
 <LI><a href="#[19]">USBH_HID_ClassRequest</a> from usbh_hid_core.o(.text) referenced 2 times from usbh_hid_core.o(.data)
 <LI><a href="#[1a]">USBH_HID_Handle</a> from usbh_hid_core.o(.text) referenced 2 times from usbh_hid_core.o(.data)
 <LI><a href="#[18]">USBH_HID_InterfaceDeInit</a> from usbh_hid_core.o(.text) referenced 2 times from usbh_hid_core.o(.data)
 <LI><a href="#[17]">USBH_HID_InterfaceInit</a> from usbh_hid_core.o(.text) referenced 2 times from usbh_hid_core.o(.data)
 <LI><a href="#[14]">USBH_SOF</a> from usbh_core.o(.text) referenced 2 times from usbh_core.o(.data)
 <LI><a href="#[c]">USBH_USR_Configuration_DescAvailable</a> from usbh_usr.o(.text) referenced 2 times from usbh_usr.o(.data)
 <LI><a href="#[4]">USBH_USR_DeInit</a> from usbh_usr.o(.text) referenced 2 times from usbh_usr.o(.data)
 <LI><a href="#[b]">USBH_USR_DeviceAddressAssigned</a> from usbh_usr.o(.text) referenced 2 times from usbh_usr.o(.data)
 <LI><a href="#[5]">USBH_USR_DeviceAttached</a> from usbh_usr.o(.text) referenced 2 times from usbh_usr.o(.data)
 <LI><a href="#[7]">USBH_USR_DeviceDisconnected</a> from usbh_usr.o(.text) referenced 2 times from usbh_usr.o(.data)
 <LI><a href="#[12]">USBH_USR_DeviceNotSupported</a> from usbh_usr.o(.text) referenced 2 times from usbh_usr.o(.data)
 <LI><a href="#[9]">USBH_USR_DeviceSpeedDetected</a> from usbh_usr.o(.text) referenced 2 times from usbh_usr.o(.data)
 <LI><a href="#[a]">USBH_USR_Device_DescAvailable</a> from usbh_usr.o(.text) referenced 2 times from usbh_usr.o(.data)
 <LI><a href="#[10]">USBH_USR_EnumerationDone</a> from usbh_usr.o(.text) referenced 2 times from usbh_usr.o(.data)
 <LI><a href="#[3]">USBH_USR_Init</a> from usbh_usr.o(.text) referenced 2 times from usbh_usr.o(.data)
 <LI><a href="#[d]">USBH_USR_Manufacturer_String</a> from usbh_usr.o(.text) referenced 2 times from usbh_usr.o(.data)
 <LI><a href="#[8]">USBH_USR_OverCurrentDetected</a> from usbh_usr.o(.text) referenced 2 times from usbh_usr.o(.data)
 <LI><a href="#[e]">USBH_USR_Product_String</a> from usbh_usr.o(.text) referenced 2 times from usbh_usr.o(.data)
 <LI><a href="#[6]">USBH_USR_ResetDevice</a> from usbh_usr.o(.text) referenced 2 times from usbh_usr.o(.data)
 <LI><a href="#[f]">USBH_USR_SerialNum_String</a> from usbh_usr.o(.text) referenced 2 times from usbh_usr.o(.data)
 <LI><a href="#[13]">USBH_USR_UnrecoveredError</a> from usbh_usr.o(.text) referenced 2 times from usbh_usr.o(.data)
 <LI><a href="#[11]">USBH_USR_UserInput</a> from usbh_usr.o(.text) referenced 2 times from usbh_usr.o(.data)
 <LI><a href="#[24]">UsageFault_Handler</a> from stm32f4xx_it.o(.text) referenced from startup_stm32f4xx.o(RESET)
 <LI><a href="#[29]">WWDG_IRQHandler</a> from startup_stm32f4xx.o(.text) referenced from startup_stm32f4xx.o(RESET)
 <LI><a href="#[8b]">__main</a> from __main.o(!!!main) referenced from startup_stm32f4xx.o(.text)
 <LI><a href="#[84]">_addPoint</a> from interface.o(.text) referenced from interface.o(.constdata)
 <LI><a href="#[85]">_checkPos</a> from interface.o(.text) referenced from interface.o(.constdata)
 <LI><a href="#[83]">_get_lc_ctype</a> from lc_ctype_c.o(locale$$code) referenced from rt_ctype_table.o(.text)
 <LI><a href="#[8a]">_help</a> from interface.o(.text) referenced from interface.o(.constdata)
 <LI><a href="#[89]">_playHorn</a> from interface.o(.text) referenced from interface.o(.constdata)
 <LI><a href="#[82]">_printf_input_char</a> from _printf_char_common.o(.text) referenced from _printf_char_common.o(.text)
 <LI><a href="#[86]">_report</a> from interface.o(.text) referenced from interface.o(.constdata)
 <LI><a href="#[7e]">_sbackspace</a> from _sgetc.o(.text) referenced from __0sscanf.o(.text)
 <LI><a href="#[80]">_scanf_char_input</a> from scanf_char.o(.text) referenced from scanf_char.o(.text)
 <LI><a href="#[88]">_selectMode</a> from interface.o(.text) referenced from interface.o(.constdata)
 <LI><a href="#[7d]">_sgetc</a> from _sgetc.o(.text) referenced from __0sscanf.o(.text)
 <LI><a href="#[87]">_switchCurrentPoint</a> from interface.o(.text) referenced from interface.o(.constdata)
 <LI><a href="#[7f]">fputc</a> from retarget.o(.text) referenced from _printf_char_file.o(.text)
 <LI><a href="#[81]">isspace</a> from isspace.o(.text) referenced from scanf_char.o(.text)
</UL>
<P>
<H3>
Global Symbols
</H3>
<P><STRONG><a name="[8b]"></a>__main</STRONG> (Thumb, 8 bytes, Stack size 0 bytes, __main.o(!!!main))
<BR><BR>[Calls]<UL><LI><a href="#[8d]">&gt;&gt;</a>&nbsp;&nbsp;&nbsp;__rt_entry
<LI><a href="#[8c]">&gt;&gt;</a>&nbsp;&nbsp;&nbsp;__scatterload
</UL>

<P><STRONG><a name="[8c]"></a>__scatterload</STRONG> (Thumb, 0 bytes, Stack size unknown bytes, __scatter.o(!!!scatter))
<BR><BR>[Called By]<UL><LI><a href="#[8b]">&gt;&gt;</a>&nbsp;&nbsp;&nbsp;__main
</UL>

<P><STRONG><a name="[8e]"></a>__scatterload_rt2</STRONG> (Thumb, 44 bytes, Stack size unknown bytes, __scatter.o(!!!scatter), UNUSED)
<BR><BR>[Calls]<UL><LI><a href="#[8d]">&gt;&gt;</a>&nbsp;&nbsp;&nbsp;__rt_entry
</UL>

<P><STRONG><a name="[245]"></a>__scatterload_rt2_thumb_only</STRONG> (Thumb, 0 bytes, Stack size unknown bytes, __scatter.o(!!!scatter), UNUSED)

<P><STRONG><a name="[246]"></a>__scatterload_null</STRONG> (Thumb, 0 bytes, Stack size unknown bytes, __scatter.o(!!!scatter), UNUSED)

<P><STRONG><a name="[247]"></a>__decompress</STRONG> (Thumb, 90 bytes, Stack size unknown bytes, __dczerorl2.o(!!dczerorl2), UNUSED)

<P><STRONG><a name="[248]"></a>__decompress1</STRONG> (Thumb, 0 bytes, Stack size unknown bytes, __dczerorl2.o(!!dczerorl2), UNUSED)

<P><STRONG><a name="[249]"></a>__scatterload_zeroinit</STRONG> (Thumb, 28 bytes, Stack size unknown bytes, __scatter_zi.o(!!handler_zi), UNUSED)

<P><STRONG><a name="[8f]"></a>_printf_f</STRONG> (Thumb, 0 bytes, Stack size unknown bytes, _printf_f.o(.ARM.Collect$$_printf_percent$$00000003))
<BR><BR>[Stack]<UL><LI>Max Depth = 320 + Unknown Stack Size
<LI>Call Chain = _printf_f &rArr; _printf_fp_dec &rArr; _printf_fp_dec_real &rArr; _fp_digits &rArr; _btod_etento &rArr; _btod_emul &rArr; _e2e
</UL>
<BR>[Calls]<UL><LI><a href="#[90]">&gt;&gt;</a>&nbsp;&nbsp;&nbsp;_printf_fp_dec
</UL>

<P><STRONG><a name="[21f]"></a>_printf_percent</STRONG> (Thumb, 0 bytes, Stack size unknown bytes, _printf_percent.o(.ARM.Collect$$_printf_percent$$00000000))
<BR><BR>[Called By]<UL><LI><a href="#[21d]">&gt;&gt;</a>&nbsp;&nbsp;&nbsp;__printf
</UL>

<P><STRONG><a name="[24a]"></a>_printf_ll</STRONG> (Thumb, 0 bytes, Stack size unknown bytes, _printf_ll.o(.ARM.Collect$$_printf_percent$$00000007))

<P><STRONG><a name="[91]"></a>_printf_d</STRONG> (Thumb, 0 bytes, Stack size unknown bytes, _printf_d.o(.ARM.Collect$$_printf_percent$$00000009))
<BR><BR>[Stack]<UL><LI>Max Depth = 72 + Unknown Stack Size
<LI>Call Chain = _printf_d &rArr; _printf_int_dec &rArr; _printf_int_common &rArr; _printf_post_padding
</UL>
<BR>[Calls]<UL><LI><a href="#[92]">&gt;&gt;</a>&nbsp;&nbsp;&nbsp;_printf_int_dec
</UL>

<P><STRONG><a name="[93]"></a>_printf_x</STRONG> (Thumb, 0 bytes, Stack size unknown bytes, _printf_x.o(.ARM.Collect$$_printf_percent$$0000000C))
<BR><BR>[Stack]<UL><LI>Max Depth = 64 + Unknown Stack Size
<LI>Call Chain = _printf_x &rArr; _printf_int_hex &rArr; _printf_int_common &rArr; _printf_post_padding
</UL>
<BR>[Calls]<UL><LI><a href="#[94]">&gt;&gt;</a>&nbsp;&nbsp;&nbsp;_printf_int_hex
</UL>

<P><STRONG><a name="[95]"></a>_printf_lld</STRONG> (Thumb, 0 bytes, Stack size unknown bytes, _printf_lld.o(.ARM.Collect$$_printf_percent$$0000000E))
<BR><BR>[Stack]<UL><LI>Max Depth = 72 + Unknown Stack Size
<LI>Call Chain = _printf_lld &rArr; _printf_longlong_dec &rArr; _printf_int_common &rArr; _printf_post_padding
</UL>
<BR>[Calls]<UL><LI><a href="#[96]">&gt;&gt;</a>&nbsp;&nbsp;&nbsp;_printf_longlong_dec
</UL>

<P><STRONG><a name="[97]"></a>_printf_c</STRONG> (Thumb, 0 bytes, Stack size unknown bytes, _printf_c.o(.ARM.Collect$$_printf_percent$$00000013))
<BR><BR>[Stack]<UL><LI>Max Depth = 40 + Unknown Stack Size
<LI>Call Chain = _printf_c &rArr; _printf_char &rArr; _printf_cs_common &rArr; _printf_str &rArr; _printf_post_padding
</UL>
<BR>[Calls]<UL><LI><a href="#[98]">&gt;&gt;</a>&nbsp;&nbsp;&nbsp;_printf_char
</UL>

<P><STRONG><a name="[99]"></a>_printf_s</STRONG> (Thumb, 0 bytes, Stack size unknown bytes, _printf_s.o(.ARM.Collect$$_printf_percent$$00000014))
<BR><BR>[Stack]<UL><LI>Max Depth = 40 + Unknown Stack Size
<LI>Call Chain = _printf_s &rArr; _printf_string &rArr; _printf_cs_common &rArr; _printf_str &rArr; _printf_post_padding
</UL>
<BR>[Calls]<UL><LI><a href="#[9a]">&gt;&gt;</a>&nbsp;&nbsp;&nbsp;_printf_string
</UL>

<P><STRONG><a name="[24b]"></a>_printf_percent_end</STRONG> (Thumb, 0 bytes, Stack size unknown bytes, _printf_percent_end.o(.ARM.Collect$$_printf_percent$$00000017))

<P><STRONG><a name="[a5]"></a>__rt_lib_init</STRONG> (Thumb, 0 bytes, Stack size unknown bytes, libinit.o(.ARM.Collect$$libinit$$00000000))
<BR><BR>[Called By]<UL><LI><a href="#[a4]">&gt;&gt;</a>&nbsp;&nbsp;&nbsp;__rt_entry_li
</UL>

<P><STRONG><a name="[9b]"></a>__rt_lib_init_fp_1</STRONG> (Thumb, 0 bytes, Stack size unknown bytes, libinit2.o(.ARM.Collect$$libinit$$00000001))
<BR><BR>[Calls]<UL><LI><a href="#[9c]">&gt;&gt;</a>&nbsp;&nbsp;&nbsp;_fp_init
</UL>

<P><STRONG><a name="[24c]"></a>__rt_lib_init_heap_1</STRONG> (Thumb, 0 bytes, Stack size unknown bytes, libinit2.o(.ARM.Collect$$libinit$$0000000A))

<P><STRONG><a name="[9d]"></a>__rt_lib_init_lc_common</STRONG> (Thumb, 0 bytes, Stack size unknown bytes, libinit2.o(.ARM.Collect$$libinit$$0000000F))
<BR><BR>[Calls]<UL><LI><a href="#[9e]">&gt;&gt;</a>&nbsp;&nbsp;&nbsp;__rt_locale
</UL>

<P><STRONG><a name="[24d]"></a>__rt_lib_init_preinit_1</STRONG> (Thumb, 0 bytes, Stack size unknown bytes, libinit2.o(.ARM.Collect$$libinit$$00000004))

<P><STRONG><a name="[24e]"></a>__rt_lib_init_rand_1</STRONG> (Thumb, 0 bytes, Stack size unknown bytes, libinit2.o(.ARM.Collect$$libinit$$0000000E))

<P><STRONG><a name="[24f]"></a>__rt_lib_init_user_alloc_1</STRONG> (Thumb, 0 bytes, Stack size unknown bytes, libinit2.o(.ARM.Collect$$libinit$$0000000C))

<P><STRONG><a name="[250]"></a>__rt_lib_init_lc_collate_1</STRONG> (Thumb, 0 bytes, Stack size unknown bytes, libinit2.o(.ARM.Collect$$libinit$$00000011))

<P><STRONG><a name="[9f]"></a>__rt_lib_init_lc_ctype_2</STRONG> (Thumb, 0 bytes, Stack size unknown bytes, libinit2.o(.ARM.Collect$$libinit$$00000012))
<BR><BR>[Stack]<UL><LI>Max Depth = 8 + Unknown Stack Size
<LI>Call Chain = __rt_lib_init_lc_ctype_2 &rArr; _get_lc_ctype
</UL>
<BR>[Calls]<UL><LI><a href="#[83]">&gt;&gt;</a>&nbsp;&nbsp;&nbsp;_get_lc_ctype
</UL>

<P><STRONG><a name="[251]"></a>__rt_lib_init_lc_ctype_1</STRONG> (Thumb, 0 bytes, Stack size unknown bytes, libinit2.o(.ARM.Collect$$libinit$$00000013))

<P><STRONG><a name="[252]"></a>__rt_lib_init_lc_monetary_1</STRONG> (Thumb, 0 bytes, Stack size unknown bytes, libinit2.o(.ARM.Collect$$libinit$$00000015))

<P><STRONG><a name="[a0]"></a>__rt_lib_init_lc_numeric_2</STRONG> (Thumb, 0 bytes, Stack size unknown bytes, libinit2.o(.ARM.Collect$$libinit$$00000016))
<BR><BR>[Stack]<UL><LI>Max Depth = 8 + Unknown Stack Size
<LI>Call Chain = __rt_lib_init_lc_numeric_2 &rArr; _get_lc_numeric
</UL>
<BR>[Calls]<UL><LI><a href="#[a1]">&gt;&gt;</a>&nbsp;&nbsp;&nbsp;_get_lc_numeric
</UL>

<P><STRONG><a name="[253]"></a>__rt_lib_init_alloca_1</STRONG> (Thumb, 0 bytes, Stack size unknown bytes, libinit2.o(.ARM.Collect$$libinit$$0000002E))

<P><STRONG><a name="[254]"></a>__rt_lib_init_argv_1</STRONG> (Thumb, 0 bytes, Stack size unknown bytes, libinit2.o(.ARM.Collect$$libinit$$0000002C))

<P><STRONG><a name="[255]"></a>__rt_lib_init_atexit_1</STRONG> (Thumb, 0 bytes, Stack size unknown bytes, libinit2.o(.ARM.Collect$$libinit$$0000001B))

<P><STRONG><a name="[256]"></a>__rt_lib_init_clock_1</STRONG> (Thumb, 0 bytes, Stack size unknown bytes, libinit2.o(.ARM.Collect$$libinit$$00000021))

<P><STRONG><a name="[257]"></a>__rt_lib_init_cpp_1</STRONG> (Thumb, 0 bytes, Stack size unknown bytes, libinit2.o(.ARM.Collect$$libinit$$00000032))

<P><STRONG><a name="[258]"></a>__rt_lib_init_exceptions_1</STRONG> (Thumb, 0 bytes, Stack size unknown bytes, libinit2.o(.ARM.Collect$$libinit$$00000030))

<P><STRONG><a name="[259]"></a>__rt_lib_init_fp_trap_1</STRONG> (Thumb, 0 bytes, Stack size unknown bytes, libinit2.o(.ARM.Collect$$libinit$$0000001F))

<P><STRONG><a name="[25a]"></a>__rt_lib_init_getenv_1</STRONG> (Thumb, 0 bytes, Stack size unknown bytes, libinit2.o(.ARM.Collect$$libinit$$00000023))

<P><STRONG><a name="[25b]"></a>__rt_lib_init_lc_numeric_1</STRONG> (Thumb, 0 bytes, Stack size unknown bytes, libinit2.o(.ARM.Collect$$libinit$$00000017))

<P><STRONG><a name="[25c]"></a>__rt_lib_init_lc_time_1</STRONG> (Thumb, 0 bytes, Stack size unknown bytes, libinit2.o(.ARM.Collect$$libinit$$00000019))

<P><STRONG><a name="[25d]"></a>__rt_lib_init_return</STRONG> (Thumb, 0 bytes, Stack size unknown bytes, libinit2.o(.ARM.Collect$$libinit$$00000033))

<P><STRONG><a name="[25e]"></a>__rt_lib_init_signal_1</STRONG> (Thumb, 0 bytes, Stack size unknown bytes, libinit2.o(.ARM.Collect$$libinit$$0000001D))

<P><STRONG><a name="[25f]"></a>__rt_lib_init_stdio_1</STRONG> (Thumb, 0 bytes, Stack size unknown bytes, libinit2.o(.ARM.Collect$$libinit$$00000025))

<P><STRONG><a name="[aa]"></a>__rt_lib_shutdown</STRONG> (Thumb, 0 bytes, Stack size unknown bytes, libshutdown.o(.ARM.Collect$$libshutdown$$00000000))
<BR><BR>[Called By]<UL><LI><a href="#[a9]">&gt;&gt;</a>&nbsp;&nbsp;&nbsp;__rt_exit_ls
</UL>

<P><STRONG><a name="[260]"></a>__rt_lib_shutdown_fp_trap_1</STRONG> (Thumb, 0 bytes, Stack size unknown bytes, libshutdown2.o(.ARM.Collect$$libshutdown$$00000006))

<P><STRONG><a name="[261]"></a>__rt_lib_shutdown_heap_1</STRONG> (Thumb, 0 bytes, Stack size unknown bytes, libshutdown2.o(.ARM.Collect$$libshutdown$$0000000E))

<P><STRONG><a name="[262]"></a>__rt_lib_shutdown_return</STRONG> (Thumb, 0 bytes, Stack size unknown bytes, libshutdown2.o(.ARM.Collect$$libshutdown$$0000000F))

<P><STRONG><a name="[263]"></a>__rt_lib_shutdown_signal_1</STRONG> (Thumb, 0 bytes, Stack size unknown bytes, libshutdown2.o(.ARM.Collect$$libshutdown$$00000009))

<P><STRONG><a name="[264]"></a>__rt_lib_shutdown_stdio_1</STRONG> (Thumb, 0 bytes, Stack size unknown bytes, libshutdown2.o(.ARM.Collect$$libshutdown$$00000003))

<P><STRONG><a name="[265]"></a>__rt_lib_shutdown_user_alloc_1</STRONG> (Thumb, 0 bytes, Stack size unknown bytes, libshutdown2.o(.ARM.Collect$$libshutdown$$0000000B))

<P><STRONG><a name="[8d]"></a>__rt_entry</STRONG> (Thumb, 0 bytes, Stack size unknown bytes, __rtentry.o(.ARM.Collect$$rtentry$$00000000))
<BR><BR>[Called By]<UL><LI><a href="#[8b]">&gt;&gt;</a>&nbsp;&nbsp;&nbsp;__main
<LI><a href="#[8e]">&gt;&gt;</a>&nbsp;&nbsp;&nbsp;__scatterload_rt2
</UL>

<P><STRONG><a name="[266]"></a>__rt_entry_presh_1</STRONG> (Thumb, 0 bytes, Stack size unknown bytes, __rtentry2.o(.ARM.Collect$$rtentry$$00000002))

<P><STRONG><a name="[a2]"></a>__rt_entry_sh</STRONG> (Thumb, 0 bytes, Stack size unknown bytes, __rtentry4.o(.ARM.Collect$$rtentry$$00000004))
<BR><BR>[Stack]<UL><LI>Max Depth = 8 + Unknown Stack Size
<LI>Call Chain = __rt_entry_sh &rArr; __user_setup_stackheap
</UL>
<BR>[Calls]<UL><LI><a href="#[a3]">&gt;&gt;</a>&nbsp;&nbsp;&nbsp;__user_setup_stackheap
</UL>

<P><STRONG><a name="[a4]"></a>__rt_entry_li</STRONG> (Thumb, 0 bytes, Stack size unknown bytes, __rtentry2.o(.ARM.Collect$$rtentry$$0000000A))
<BR><BR>[Calls]<UL><LI><a href="#[a5]">&gt;&gt;</a>&nbsp;&nbsp;&nbsp;__rt_lib_init
</UL>

<P><STRONG><a name="[267]"></a>__rt_entry_postsh_1</STRONG> (Thumb, 0 bytes, Stack size unknown bytes, __rtentry2.o(.ARM.Collect$$rtentry$$00000009))

<P><STRONG><a name="[a6]"></a>__rt_entry_main</STRONG> (Thumb, 0 bytes, Stack size unknown bytes, __rtentry2.o(.ARM.Collect$$rtentry$$0000000D))
<BR><BR>[Stack]<UL><LI>Max Depth = 320 + Unknown Stack Size
<LI>Call Chain = __rt_entry_main &rArr; main &rArr; USBH_Process &rArr; HCD_ResetPort &rArr; USB_OTG_ResetPort &rArr; USB_OTG_BSP_mDelay &rArr; TIM_TimeBaseInit
</UL>
<BR>[Calls]<UL><LI><a href="#[a7]">&gt;&gt;</a>&nbsp;&nbsp;&nbsp;main
<LI><a href="#[a8]">&gt;&gt;</a>&nbsp;&nbsp;&nbsp;exit
</UL>

<P><STRONG><a name="[268]"></a>__rt_entry_postli_1</STRONG> (Thumb, 0 bytes, Stack size unknown bytes, __rtentry2.o(.ARM.Collect$$rtentry$$0000000C))

<P><STRONG><a name="[236]"></a>__rt_exit</STRONG> (Thumb, 0 bytes, Stack size unknown bytes, rtexit.o(.ARM.Collect$$rtexit$$00000000))
<BR><BR>[Called By]<UL><LI><a href="#[a8]">&gt;&gt;</a>&nbsp;&nbsp;&nbsp;exit
</UL>

<P><STRONG><a name="[a9]"></a>__rt_exit_ls</STRONG> (Thumb, 0 bytes, Stack size unknown bytes, rtexit2.o(.ARM.Collect$$rtexit$$00000003))
<BR><BR>[Calls]<UL><LI><a href="#[aa]">&gt;&gt;</a>&nbsp;&nbsp;&nbsp;__rt_lib_shutdown
</UL>

<P><STRONG><a name="[269]"></a>__rt_exit_prels_1</STRONG> (Thumb, 0 bytes, Stack size unknown bytes, rtexit2.o(.ARM.Collect$$rtexit$$00000002))

<P><STRONG><a name="[ab]"></a>__rt_exit_exit</STRONG> (Thumb, 0 bytes, Stack size unknown bytes, rtexit2.o(.ARM.Collect$$rtexit$$00000004))
<BR><BR>[Calls]<UL><LI><a href="#[ac]">&gt;&gt;</a>&nbsp;&nbsp;&nbsp;_sys_exit
</UL>

<P><STRONG><a name="[e2]"></a>Delay</STRONG> (Thumb, 18 bytes, Stack size 4 bytes, main.o(.text))
<BR><BR>[Stack]<UL><LI>Max Depth = 4<LI>Call Chain = Delay
</UL>
<BR>[Called By]<UL><LI><a href="#[e0]">&gt;&gt;</a>&nbsp;&nbsp;&nbsp;USR_MOUSE_ProcessData
</UL>

<P><STRONG><a name="[ad]"></a>sensorAlert</STRONG> (Thumb, 318 bytes, Stack size 8 bytes, main.o(.text), UNUSED)
<BR><BR>[Calls]<UL><LI><a href="#[af]">&gt;&gt;</a>&nbsp;&nbsp;&nbsp;_putchar2
<LI><a href="#[ae]">&gt;&gt;</a>&nbsp;&nbsp;&nbsp;CHCKSTAT
<LI><a href="#[b0]">&gt;&gt;</a>&nbsp;&nbsp;&nbsp;__2printf
</UL>

<P><STRONG><a name="[b1]"></a>init</STRONG> (Thumb, 194 bytes, Stack size 16 bytes, main.o(.text), UNUSED)
<BR><BR>[Calls]<UL><LI><a href="#[b2]">&gt;&gt;</a>&nbsp;&nbsp;&nbsp;uart2_init
<LI><a href="#[b9]">&gt;&gt;</a>&nbsp;&nbsp;&nbsp;playHorn
<LI><a href="#[b8]">&gt;&gt;</a>&nbsp;&nbsp;&nbsp;joyStickInit
<LI><a href="#[b5]">&gt;&gt;</a>&nbsp;&nbsp;&nbsp;carInit
<LI><a href="#[af]">&gt;&gt;</a>&nbsp;&nbsp;&nbsp;_putchar2
<LI><a href="#[b6]">&gt;&gt;</a>&nbsp;&nbsp;&nbsp;USBH_Process
<LI><a href="#[b4]">&gt;&gt;</a>&nbsp;&nbsp;&nbsp;USBH_Init
<LI><a href="#[b3]">&gt;&gt;</a>&nbsp;&nbsp;&nbsp;RCC_GetClocksFreq
<LI><a href="#[b7]">&gt;&gt;</a>&nbsp;&nbsp;&nbsp;ESPinit
<LI><a href="#[b0]">&gt;&gt;</a>&nbsp;&nbsp;&nbsp;__2printf
</UL>

<P><STRONG><a name="[a7]"></a>main</STRONG> (Thumb, 946 bytes, Stack size 136 bytes, main.o(.text))
<BR><BR>[Stack]<UL><LI>Max Depth = 320 + Unknown Stack Size
<LI>Call Chain = main &rArr; USBH_Process &rArr; HCD_ResetPort &rArr; USB_OTG_ResetPort &rArr; USB_OTG_BSP_mDelay &rArr; TIM_TimeBaseInit
</UL>
<BR>[Calls]<UL><LI><a href="#[bb]">&gt;&gt;</a>&nbsp;&nbsp;&nbsp;updateCarStatus
<LI><a href="#[b2]">&gt;&gt;</a>&nbsp;&nbsp;&nbsp;uart2_init
<LI><a href="#[bc]">&gt;&gt;</a>&nbsp;&nbsp;&nbsp;promptInput
<LI><a href="#[b9]">&gt;&gt;</a>&nbsp;&nbsp;&nbsp;playHorn
<LI><a href="#[b8]">&gt;&gt;</a>&nbsp;&nbsp;&nbsp;joyStickInit
<LI><a href="#[bd]">&gt;&gt;</a>&nbsp;&nbsp;&nbsp;getCommand
<LI><a href="#[ba]">&gt;&gt;</a>&nbsp;&nbsp;&nbsp;generalInit
<LI><a href="#[b5]">&gt;&gt;</a>&nbsp;&nbsp;&nbsp;carInit
<LI><a href="#[af]">&gt;&gt;</a>&nbsp;&nbsp;&nbsp;_putchar2
<LI><a href="#[b6]">&gt;&gt;</a>&nbsp;&nbsp;&nbsp;USBH_Process
<LI><a href="#[b4]">&gt;&gt;</a>&nbsp;&nbsp;&nbsp;USBH_Init
<LI><a href="#[b3]">&gt;&gt;</a>&nbsp;&nbsp;&nbsp;RCC_GetClocksFreq
<LI><a href="#[b7]">&gt;&gt;</a>&nbsp;&nbsp;&nbsp;ESPinit
<LI><a href="#[ae]">&gt;&gt;</a>&nbsp;&nbsp;&nbsp;CHCKSTAT
<LI><a href="#[be]">&gt;&gt;</a>&nbsp;&nbsp;&nbsp;strcpy
<LI><a href="#[b0]">&gt;&gt;</a>&nbsp;&nbsp;&nbsp;__2printf
</UL>
<BR>[Called By]<UL><LI><a href="#[a6]">&gt;&gt;</a>&nbsp;&nbsp;&nbsp;__rt_entry_main
</UL>

<P><STRONG><a name="[2f]"></a>EXTI0_IRQHandler</STRONG> (Thumb, 78 bytes, Stack size 8 bytes, main.o(.text))
<BR><BR>[Stack]<UL><LI>Max Depth = 152 + Unknown Stack Size
<LI>Call Chain = EXTI0_IRQHandler &rArr; __2printf &rArr; _printf_char_file &rArr; _printf_char_common &rArr; __printf
</UL>
<BR>[Calls]<UL><LI><a href="#[af]">&gt;&gt;</a>&nbsp;&nbsp;&nbsp;_putchar2
<LI><a href="#[bf]">&gt;&gt;</a>&nbsp;&nbsp;&nbsp;EXTI_GetITStatus
<LI><a href="#[c0]">&gt;&gt;</a>&nbsp;&nbsp;&nbsp;EXTI_ClearITPendingBit
<LI><a href="#[b0]">&gt;&gt;</a>&nbsp;&nbsp;&nbsp;__2printf
</UL>
<BR>[Address Reference Count : 1]<UL><LI> startup_stm32f4xx.o(RESET)
</UL>
<P><STRONG><a name="[c1]"></a>manualControl</STRONG> (Thumb, 168 bytes, Stack size 8 bytes, main.o(.text), UNUSED)
<BR><BR>[Calls]<UL><LI><a href="#[c2]">&gt;&gt;</a>&nbsp;&nbsp;&nbsp;_getkey2
</UL>

<P><STRONG><a name="[c3]"></a>assert_failed</STRONG> (Thumb, 2 bytes, Stack size 0 bytes, main.o(.text))
<BR><BR>[Calls]<UL><LI><a href="#[c3]">&gt;&gt;</a>&nbsp;&nbsp;&nbsp;assert_failed
</UL>
<BR>[Called By]<UL><LI><a href="#[109]">&gt;&gt;</a>&nbsp;&nbsp;&nbsp;USART_Init
<LI><a href="#[10a]">&gt;&gt;</a>&nbsp;&nbsp;&nbsp;USART_ITConfig
<LI><a href="#[10b]">&gt;&gt;</a>&nbsp;&nbsp;&nbsp;USART_Cmd
<LI><a href="#[104]">&gt;&gt;</a>&nbsp;&nbsp;&nbsp;TIM_OC4PreloadConfig
<LI><a href="#[103]">&gt;&gt;</a>&nbsp;&nbsp;&nbsp;TIM_OC4Init
<LI><a href="#[fe]">&gt;&gt;</a>&nbsp;&nbsp;&nbsp;TIM_OC3PreloadConfig
<LI><a href="#[fd]">&gt;&gt;</a>&nbsp;&nbsp;&nbsp;TIM_OC3Init
<LI><a href="#[101]">&gt;&gt;</a>&nbsp;&nbsp;&nbsp;TIM_OC2PreloadConfig
<LI><a href="#[100]">&gt;&gt;</a>&nbsp;&nbsp;&nbsp;TIM_OC2Init
<LI><a href="#[fb]">&gt;&gt;</a>&nbsp;&nbsp;&nbsp;TIM_OC1PreloadConfig
<LI><a href="#[fa]">&gt;&gt;</a>&nbsp;&nbsp;&nbsp;TIM_OC1Init
<LI><a href="#[f6]">&gt;&gt;</a>&nbsp;&nbsp;&nbsp;SYSCFG_EXTILineConfig
<LI><a href="#[f7]">&gt;&gt;</a>&nbsp;&nbsp;&nbsp;EXTI_Init
<LI><a href="#[f2]">&gt;&gt;</a>&nbsp;&nbsp;&nbsp;SPI_Init
<LI><a href="#[ef]">&gt;&gt;</a>&nbsp;&nbsp;&nbsp;SPI_I2S_SendData
<LI><a href="#[f0]">&gt;&gt;</a>&nbsp;&nbsp;&nbsp;SPI_I2S_ReceiveData
<LI><a href="#[ee]">&gt;&gt;</a>&nbsp;&nbsp;&nbsp;SPI_I2S_GetFlagStatus
<LI><a href="#[f1]">&gt;&gt;</a>&nbsp;&nbsp;&nbsp;SPI_I2S_DeInit
<LI><a href="#[f3]">&gt;&gt;</a>&nbsp;&nbsp;&nbsp;SPI_Cmd
<LI><a href="#[d5]">&gt;&gt;</a>&nbsp;&nbsp;&nbsp;TIM_TimeBaseInit
<LI><a href="#[d4]">&gt;&gt;</a>&nbsp;&nbsp;&nbsp;TIM_ITConfig
<LI><a href="#[db]">&gt;&gt;</a>&nbsp;&nbsp;&nbsp;TIM_GetITStatus
<LI><a href="#[d3]">&gt;&gt;</a>&nbsp;&nbsp;&nbsp;TIM_Cmd
<LI><a href="#[d6]">&gt;&gt;</a>&nbsp;&nbsp;&nbsp;TIM_ClearITPendingBit
<LI><a href="#[d7]">&gt;&gt;</a>&nbsp;&nbsp;&nbsp;TIM_ARRPreloadConfig
<LI><a href="#[c8]">&gt;&gt;</a>&nbsp;&nbsp;&nbsp;RCC_APB2PeriphClockCmd
<LI><a href="#[cd]">&gt;&gt;</a>&nbsp;&nbsp;&nbsp;RCC_APB1PeriphClockCmd
<LI><a href="#[c9]">&gt;&gt;</a>&nbsp;&nbsp;&nbsp;RCC_AHB2PeriphClockCmd
<LI><a href="#[c5]">&gt;&gt;</a>&nbsp;&nbsp;&nbsp;RCC_AHB1PeriphClockCmd
<LI><a href="#[ca]">&gt;&gt;</a>&nbsp;&nbsp;&nbsp;NVIC_SetVectorTable
<LI><a href="#[cb]">&gt;&gt;</a>&nbsp;&nbsp;&nbsp;NVIC_PriorityGroupConfig
<LI><a href="#[cc]">&gt;&gt;</a>&nbsp;&nbsp;&nbsp;NVIC_Init
<LI><a href="#[d1]">&gt;&gt;</a>&nbsp;&nbsp;&nbsp;GPIO_SetBits
<LI><a href="#[d0]">&gt;&gt;</a>&nbsp;&nbsp;&nbsp;GPIO_ResetBits
<LI><a href="#[c7]">&gt;&gt;</a>&nbsp;&nbsp;&nbsp;GPIO_PinAFConfig
<LI><a href="#[c6]">&gt;&gt;</a>&nbsp;&nbsp;&nbsp;GPIO_Init
<LI><a href="#[bf]">&gt;&gt;</a>&nbsp;&nbsp;&nbsp;EXTI_GetITStatus
<LI><a href="#[c0]">&gt;&gt;</a>&nbsp;&nbsp;&nbsp;EXTI_ClearITPendingBit
<LI><a href="#[c3]">&gt;&gt;</a>&nbsp;&nbsp;&nbsp;assert_failed
<LI><a href="#[1d2]">&gt;&gt;</a>&nbsp;&nbsp;&nbsp;SPI_I2S_ClearITPendingBit
<LI><a href="#[1d1]">&gt;&gt;</a>&nbsp;&nbsp;&nbsp;SPI_I2S_GetITStatus
<LI><a href="#[1d0]">&gt;&gt;</a>&nbsp;&nbsp;&nbsp;SPI_I2S_ClearFlag
<LI><a href="#[1cf]">&gt;&gt;</a>&nbsp;&nbsp;&nbsp;SPI_I2S_ITConfig
<LI><a href="#[1ce]">&gt;&gt;</a>&nbsp;&nbsp;&nbsp;SPI_I2S_DMACmd
<LI><a href="#[1cd]">&gt;&gt;</a>&nbsp;&nbsp;&nbsp;SPI_GetCRCPolynomial
<LI><a href="#[1cc]">&gt;&gt;</a>&nbsp;&nbsp;&nbsp;SPI_GetCRC
<LI><a href="#[1cb]">&gt;&gt;</a>&nbsp;&nbsp;&nbsp;SPI_TransmitCRC
<LI><a href="#[1ca]">&gt;&gt;</a>&nbsp;&nbsp;&nbsp;SPI_CalculateCRC
<LI><a href="#[1c9]">&gt;&gt;</a>&nbsp;&nbsp;&nbsp;I2S_FullDuplexConfig
<LI><a href="#[1c8]">&gt;&gt;</a>&nbsp;&nbsp;&nbsp;SPI_TIModeCmd
<LI><a href="#[1c7]">&gt;&gt;</a>&nbsp;&nbsp;&nbsp;SPI_SSOutputCmd
<LI><a href="#[1c6]">&gt;&gt;</a>&nbsp;&nbsp;&nbsp;SPI_NSSInternalSoftwareConfig
<LI><a href="#[1c5]">&gt;&gt;</a>&nbsp;&nbsp;&nbsp;SPI_BiDirectionalLineConfig
<LI><a href="#[1c4]">&gt;&gt;</a>&nbsp;&nbsp;&nbsp;SPI_DataSizeConfig
<LI><a href="#[1c3]">&gt;&gt;</a>&nbsp;&nbsp;&nbsp;I2S_Cmd
<LI><a href="#[1c2]">&gt;&gt;</a>&nbsp;&nbsp;&nbsp;I2S_Init
<LI><a href="#[1c1]">&gt;&gt;</a>&nbsp;&nbsp;&nbsp;SYSCFG_CompensationCellCmd
<LI><a href="#[1c0]">&gt;&gt;</a>&nbsp;&nbsp;&nbsp;SYSCFG_ETH_MediaInterfaceConfig
<LI><a href="#[1bf]">&gt;&gt;</a>&nbsp;&nbsp;&nbsp;SYSCFG_MemoryRemapConfig
<LI><a href="#[1bd]">&gt;&gt;</a>&nbsp;&nbsp;&nbsp;SysTick_CLKSourceConfig
<LI><a href="#[1bc]">&gt;&gt;</a>&nbsp;&nbsp;&nbsp;NVIC_SystemLPConfig
<LI><a href="#[1bb]">&gt;&gt;</a>&nbsp;&nbsp;&nbsp;GPIO_ToggleBits
<LI><a href="#[1ba]">&gt;&gt;</a>&nbsp;&nbsp;&nbsp;GPIO_Write
<LI><a href="#[1b9]">&gt;&gt;</a>&nbsp;&nbsp;&nbsp;GPIO_WriteBit
<LI><a href="#[1b8]">&gt;&gt;</a>&nbsp;&nbsp;&nbsp;GPIO_ReadOutputData
<LI><a href="#[1b7]">&gt;&gt;</a>&nbsp;&nbsp;&nbsp;GPIO_ReadOutputDataBit
<LI><a href="#[1b6]">&gt;&gt;</a>&nbsp;&nbsp;&nbsp;GPIO_ReadInputData
<LI><a href="#[1b5]">&gt;&gt;</a>&nbsp;&nbsp;&nbsp;GPIO_ReadInputDataBit
<LI><a href="#[1b4]">&gt;&gt;</a>&nbsp;&nbsp;&nbsp;GPIO_PinLockConfig
<LI><a href="#[1b3]">&gt;&gt;</a>&nbsp;&nbsp;&nbsp;GPIO_DeInit
<LI><a href="#[1b2]">&gt;&gt;</a>&nbsp;&nbsp;&nbsp;EXTI_ClearFlag
<LI><a href="#[1b1]">&gt;&gt;</a>&nbsp;&nbsp;&nbsp;EXTI_GetFlagStatus
<LI><a href="#[1b0]">&gt;&gt;</a>&nbsp;&nbsp;&nbsp;EXTI_GenerateSWInterrupt
<LI><a href="#[1af]">&gt;&gt;</a>&nbsp;&nbsp;&nbsp;USART_ClearITPendingBit
<LI><a href="#[1ae]">&gt;&gt;</a>&nbsp;&nbsp;&nbsp;USART_GetITStatus
<LI><a href="#[1ad]">&gt;&gt;</a>&nbsp;&nbsp;&nbsp;USART_ClearFlag
<LI><a href="#[1ac]">&gt;&gt;</a>&nbsp;&nbsp;&nbsp;USART_GetFlagStatus
<LI><a href="#[1ab]">&gt;&gt;</a>&nbsp;&nbsp;&nbsp;USART_DMACmd
<LI><a href="#[1aa]">&gt;&gt;</a>&nbsp;&nbsp;&nbsp;USART_IrDACmd
<LI><a href="#[1a9]">&gt;&gt;</a>&nbsp;&nbsp;&nbsp;USART_IrDAConfig
<LI><a href="#[1a8]">&gt;&gt;</a>&nbsp;&nbsp;&nbsp;USART_SmartCardNACKCmd
<LI><a href="#[1a7]">&gt;&gt;</a>&nbsp;&nbsp;&nbsp;USART_SmartCardCmd
<LI><a href="#[1a6]">&gt;&gt;</a>&nbsp;&nbsp;&nbsp;USART_SetGuardTime
<LI><a href="#[1a5]">&gt;&gt;</a>&nbsp;&nbsp;&nbsp;USART_HalfDuplexCmd
<LI><a href="#[1a4]">&gt;&gt;</a>&nbsp;&nbsp;&nbsp;USART_SendBreak
<LI><a href="#[1a3]">&gt;&gt;</a>&nbsp;&nbsp;&nbsp;USART_LINCmd
<LI><a href="#[1a2]">&gt;&gt;</a>&nbsp;&nbsp;&nbsp;USART_LINBreakDetectLengthConfig
<LI><a href="#[1a1]">&gt;&gt;</a>&nbsp;&nbsp;&nbsp;USART_WakeUpConfig
<LI><a href="#[1a0]">&gt;&gt;</a>&nbsp;&nbsp;&nbsp;USART_ReceiverWakeUpCmd
<LI><a href="#[19f]">&gt;&gt;</a>&nbsp;&nbsp;&nbsp;USART_SetAddress
<LI><a href="#[19e]">&gt;&gt;</a>&nbsp;&nbsp;&nbsp;USART_ReceiveData
<LI><a href="#[19d]">&gt;&gt;</a>&nbsp;&nbsp;&nbsp;USART_SendData
<LI><a href="#[19c]">&gt;&gt;</a>&nbsp;&nbsp;&nbsp;USART_OneBitMethodCmd
<LI><a href="#[19b]">&gt;&gt;</a>&nbsp;&nbsp;&nbsp;USART_OverSampling8Cmd
<LI><a href="#[19a]">&gt;&gt;</a>&nbsp;&nbsp;&nbsp;USART_SetPrescaler
<LI><a href="#[199]">&gt;&gt;</a>&nbsp;&nbsp;&nbsp;USART_ClockInit
<LI><a href="#[198]">&gt;&gt;</a>&nbsp;&nbsp;&nbsp;USART_DeInit
<LI><a href="#[197]">&gt;&gt;</a>&nbsp;&nbsp;&nbsp;TIM_RemapConfig
<LI><a href="#[196]">&gt;&gt;</a>&nbsp;&nbsp;&nbsp;TIM_SelectHallSensor
<LI><a href="#[195]">&gt;&gt;</a>&nbsp;&nbsp;&nbsp;TIM_EncoderInterfaceConfig
<LI><a href="#[194]">&gt;&gt;</a>&nbsp;&nbsp;&nbsp;TIM_SelectMasterSlaveMode
<LI><a href="#[193]">&gt;&gt;</a>&nbsp;&nbsp;&nbsp;TIM_SelectSlaveMode
<LI><a href="#[192]">&gt;&gt;</a>&nbsp;&nbsp;&nbsp;TIM_SelectOutputTrigger
<LI><a href="#[191]">&gt;&gt;</a>&nbsp;&nbsp;&nbsp;TIM_ETRClockMode2Config
<LI><a href="#[190]">&gt;&gt;</a>&nbsp;&nbsp;&nbsp;TIM_ETRClockMode1Config
<LI><a href="#[18f]">&gt;&gt;</a>&nbsp;&nbsp;&nbsp;TIM_ETRConfig
<LI><a href="#[18e]">&gt;&gt;</a>&nbsp;&nbsp;&nbsp;TIM_TIxExternalClockConfig
<LI><a href="#[18d]">&gt;&gt;</a>&nbsp;&nbsp;&nbsp;TIM_ITRxExternalClockConfig
<LI><a href="#[18c]">&gt;&gt;</a>&nbsp;&nbsp;&nbsp;TIM_SelectInputTrigger
<LI><a href="#[18b]">&gt;&gt;</a>&nbsp;&nbsp;&nbsp;TIM_InternalClockConfig
<LI><a href="#[18a]">&gt;&gt;</a>&nbsp;&nbsp;&nbsp;TIM_SelectCCDMA
<LI><a href="#[189]">&gt;&gt;</a>&nbsp;&nbsp;&nbsp;TIM_DMACmd
<LI><a href="#[188]">&gt;&gt;</a>&nbsp;&nbsp;&nbsp;TIM_DMAConfig
<LI><a href="#[187]">&gt;&gt;</a>&nbsp;&nbsp;&nbsp;TIM_ClearFlag
<LI><a href="#[186]">&gt;&gt;</a>&nbsp;&nbsp;&nbsp;TIM_GetFlagStatus
<LI><a href="#[185]">&gt;&gt;</a>&nbsp;&nbsp;&nbsp;TIM_GenerateEvent
<LI><a href="#[184]">&gt;&gt;</a>&nbsp;&nbsp;&nbsp;TIM_CCPreloadControl
<LI><a href="#[183]">&gt;&gt;</a>&nbsp;&nbsp;&nbsp;TIM_SelectCOM
<LI><a href="#[182]">&gt;&gt;</a>&nbsp;&nbsp;&nbsp;TIM_CtrlPWMOutputs
<LI><a href="#[181]">&gt;&gt;</a>&nbsp;&nbsp;&nbsp;TIM_BDTRConfig
<LI><a href="#[180]">&gt;&gt;</a>&nbsp;&nbsp;&nbsp;TIM_GetCapture4
<LI><a href="#[17f]">&gt;&gt;</a>&nbsp;&nbsp;&nbsp;TIM_GetCapture3
<LI><a href="#[17e]">&gt;&gt;</a>&nbsp;&nbsp;&nbsp;TIM_GetCapture2
<LI><a href="#[17d]">&gt;&gt;</a>&nbsp;&nbsp;&nbsp;TIM_GetCapture1
<LI><a href="#[17c]">&gt;&gt;</a>&nbsp;&nbsp;&nbsp;TIM_PWMIConfig
<LI><a href="#[17b]">&gt;&gt;</a>&nbsp;&nbsp;&nbsp;TIM_ICInit
<LI><a href="#[17a]">&gt;&gt;</a>&nbsp;&nbsp;&nbsp;TIM_SetIC1Prescaler
<LI><a href="#[179]">&gt;&gt;</a>&nbsp;&nbsp;&nbsp;TIM_SetIC2Prescaler
<LI><a href="#[178]">&gt;&gt;</a>&nbsp;&nbsp;&nbsp;TIM_SetIC3Prescaler
<LI><a href="#[177]">&gt;&gt;</a>&nbsp;&nbsp;&nbsp;TIM_SetIC4Prescaler
<LI><a href="#[176]">&gt;&gt;</a>&nbsp;&nbsp;&nbsp;TIM_CCxNCmd
<LI><a href="#[175]">&gt;&gt;</a>&nbsp;&nbsp;&nbsp;TIM_CCxCmd
<LI><a href="#[174]">&gt;&gt;</a>&nbsp;&nbsp;&nbsp;TIM_OC4PolarityConfig
<LI><a href="#[173]">&gt;&gt;</a>&nbsp;&nbsp;&nbsp;TIM_OC3NPolarityConfig
<LI><a href="#[172]">&gt;&gt;</a>&nbsp;&nbsp;&nbsp;TIM_OC3PolarityConfig
<LI><a href="#[171]">&gt;&gt;</a>&nbsp;&nbsp;&nbsp;TIM_OC2NPolarityConfig
<LI><a href="#[170]">&gt;&gt;</a>&nbsp;&nbsp;&nbsp;TIM_OC2PolarityConfig
<LI><a href="#[16f]">&gt;&gt;</a>&nbsp;&nbsp;&nbsp;TIM_OC1NPolarityConfig
<LI><a href="#[16e]">&gt;&gt;</a>&nbsp;&nbsp;&nbsp;TIM_OC1PolarityConfig
<LI><a href="#[16d]">&gt;&gt;</a>&nbsp;&nbsp;&nbsp;TIM_ClearOC4Ref
<LI><a href="#[16c]">&gt;&gt;</a>&nbsp;&nbsp;&nbsp;TIM_ClearOC3Ref
<LI><a href="#[16b]">&gt;&gt;</a>&nbsp;&nbsp;&nbsp;TIM_ClearOC2Ref
<LI><a href="#[16a]">&gt;&gt;</a>&nbsp;&nbsp;&nbsp;TIM_ClearOC1Ref
<LI><a href="#[169]">&gt;&gt;</a>&nbsp;&nbsp;&nbsp;TIM_OC4FastConfig
<LI><a href="#[168]">&gt;&gt;</a>&nbsp;&nbsp;&nbsp;TIM_OC3FastConfig
<LI><a href="#[167]">&gt;&gt;</a>&nbsp;&nbsp;&nbsp;TIM_OC2FastConfig
<LI><a href="#[166]">&gt;&gt;</a>&nbsp;&nbsp;&nbsp;TIM_OC1FastConfig
<LI><a href="#[165]">&gt;&gt;</a>&nbsp;&nbsp;&nbsp;TIM_ForcedOC4Config
<LI><a href="#[164]">&gt;&gt;</a>&nbsp;&nbsp;&nbsp;TIM_ForcedOC3Config
<LI><a href="#[163]">&gt;&gt;</a>&nbsp;&nbsp;&nbsp;TIM_ForcedOC2Config
<LI><a href="#[162]">&gt;&gt;</a>&nbsp;&nbsp;&nbsp;TIM_ForcedOC1Config
<LI><a href="#[161]">&gt;&gt;</a>&nbsp;&nbsp;&nbsp;TIM_SetCompare4
<LI><a href="#[160]">&gt;&gt;</a>&nbsp;&nbsp;&nbsp;TIM_SetCompare3
<LI><a href="#[15f]">&gt;&gt;</a>&nbsp;&nbsp;&nbsp;TIM_SetCompare2
<LI><a href="#[15e]">&gt;&gt;</a>&nbsp;&nbsp;&nbsp;TIM_SetCompare1
<LI><a href="#[15d]">&gt;&gt;</a>&nbsp;&nbsp;&nbsp;TIM_SelectOCxM
<LI><a href="#[15c]">&gt;&gt;</a>&nbsp;&nbsp;&nbsp;TIM_SetClockDivision
<LI><a href="#[15b]">&gt;&gt;</a>&nbsp;&nbsp;&nbsp;TIM_SelectOnePulseMode
<LI><a href="#[15a]">&gt;&gt;</a>&nbsp;&nbsp;&nbsp;TIM_UpdateRequestConfig
<LI><a href="#[159]">&gt;&gt;</a>&nbsp;&nbsp;&nbsp;TIM_UpdateDisableConfig
<LI><a href="#[158]">&gt;&gt;</a>&nbsp;&nbsp;&nbsp;TIM_GetPrescaler
<LI><a href="#[157]">&gt;&gt;</a>&nbsp;&nbsp;&nbsp;TIM_GetCounter
<LI><a href="#[156]">&gt;&gt;</a>&nbsp;&nbsp;&nbsp;TIM_SetAutoreload
<LI><a href="#[155]">&gt;&gt;</a>&nbsp;&nbsp;&nbsp;TIM_SetCounter
<LI><a href="#[154]">&gt;&gt;</a>&nbsp;&nbsp;&nbsp;TIM_CounterModeConfig
<LI><a href="#[153]">&gt;&gt;</a>&nbsp;&nbsp;&nbsp;TIM_PrescalerConfig
<LI><a href="#[152]">&gt;&gt;</a>&nbsp;&nbsp;&nbsp;TIM_DeInit
<LI><a href="#[151]">&gt;&gt;</a>&nbsp;&nbsp;&nbsp;RCC_ClearITPendingBit
<LI><a href="#[150]">&gt;&gt;</a>&nbsp;&nbsp;&nbsp;RCC_GetITStatus
<LI><a href="#[14f]">&gt;&gt;</a>&nbsp;&nbsp;&nbsp;RCC_ITConfig
<LI><a href="#[14e]">&gt;&gt;</a>&nbsp;&nbsp;&nbsp;RCC_APB2PeriphClockLPModeCmd
<LI><a href="#[14d]">&gt;&gt;</a>&nbsp;&nbsp;&nbsp;RCC_APB1PeriphClockLPModeCmd
<LI><a href="#[14c]">&gt;&gt;</a>&nbsp;&nbsp;&nbsp;RCC_AHB3PeriphClockLPModeCmd
<LI><a href="#[14b]">&gt;&gt;</a>&nbsp;&nbsp;&nbsp;RCC_AHB2PeriphClockLPModeCmd
<LI><a href="#[14a]">&gt;&gt;</a>&nbsp;&nbsp;&nbsp;RCC_AHB1PeriphClockLPModeCmd
<LI><a href="#[149]">&gt;&gt;</a>&nbsp;&nbsp;&nbsp;RCC_APB2PeriphResetCmd
<LI><a href="#[148]">&gt;&gt;</a>&nbsp;&nbsp;&nbsp;RCC_APB1PeriphResetCmd
<LI><a href="#[147]">&gt;&gt;</a>&nbsp;&nbsp;&nbsp;RCC_AHB3PeriphResetCmd
<LI><a href="#[146]">&gt;&gt;</a>&nbsp;&nbsp;&nbsp;RCC_AHB2PeriphResetCmd
<LI><a href="#[145]">&gt;&gt;</a>&nbsp;&nbsp;&nbsp;RCC_AHB1PeriphResetCmd
<LI><a href="#[144]">&gt;&gt;</a>&nbsp;&nbsp;&nbsp;RCC_AHB3PeriphClockCmd
<LI><a href="#[143]">&gt;&gt;</a>&nbsp;&nbsp;&nbsp;RCC_I2SCLKConfig
<LI><a href="#[142]">&gt;&gt;</a>&nbsp;&nbsp;&nbsp;RCC_BackupResetCmd
<LI><a href="#[141]">&gt;&gt;</a>&nbsp;&nbsp;&nbsp;RCC_RTCCLKCmd
<LI><a href="#[140]">&gt;&gt;</a>&nbsp;&nbsp;&nbsp;RCC_RTCCLKConfig
<LI><a href="#[13f]">&gt;&gt;</a>&nbsp;&nbsp;&nbsp;RCC_PCLK2Config
<LI><a href="#[13e]">&gt;&gt;</a>&nbsp;&nbsp;&nbsp;RCC_PCLK1Config
<LI><a href="#[13d]">&gt;&gt;</a>&nbsp;&nbsp;&nbsp;RCC_HCLKConfig
<LI><a href="#[13c]">&gt;&gt;</a>&nbsp;&nbsp;&nbsp;RCC_SYSCLKConfig
<LI><a href="#[13b]">&gt;&gt;</a>&nbsp;&nbsp;&nbsp;RCC_MCO2Config
<LI><a href="#[13a]">&gt;&gt;</a>&nbsp;&nbsp;&nbsp;RCC_MCO1Config
<LI><a href="#[139]">&gt;&gt;</a>&nbsp;&nbsp;&nbsp;RCC_ClockSecuritySystemCmd
<LI><a href="#[138]">&gt;&gt;</a>&nbsp;&nbsp;&nbsp;RCC_PLLI2SCmd
<LI><a href="#[137]">&gt;&gt;</a>&nbsp;&nbsp;&nbsp;RCC_PLLI2SConfig
<LI><a href="#[136]">&gt;&gt;</a>&nbsp;&nbsp;&nbsp;RCC_PLLCmd
<LI><a href="#[135]">&gt;&gt;</a>&nbsp;&nbsp;&nbsp;RCC_PLLConfig
<LI><a href="#[134]">&gt;&gt;</a>&nbsp;&nbsp;&nbsp;RCC_LSICmd
<LI><a href="#[133]">&gt;&gt;</a>&nbsp;&nbsp;&nbsp;RCC_LSEConfig
<LI><a href="#[132]">&gt;&gt;</a>&nbsp;&nbsp;&nbsp;RCC_HSICmd
<LI><a href="#[131]">&gt;&gt;</a>&nbsp;&nbsp;&nbsp;RCC_AdjustHSICalibrationValue
<LI><a href="#[130]">&gt;&gt;</a>&nbsp;&nbsp;&nbsp;RCC_GetFlagStatus
<LI><a href="#[12f]">&gt;&gt;</a>&nbsp;&nbsp;&nbsp;RCC_HSEConfig
</UL>

<P><STRONG><a name="[12d]"></a>TimingDelay_Decrement</STRONG> (Thumb, 18 bytes, Stack size 0 bytes, main.o(.text))
<BR><BR>[Called By]<UL><LI><a href="#[28]">&gt;&gt;</a>&nbsp;&nbsp;&nbsp;SysTick_Handler
</UL>

<P><STRONG><a name="[c4]"></a>USB_OTG_BSP_Init</STRONG> (Thumb, 194 bytes, Stack size 32 bytes, usb_bsp.o(.text))
<BR><BR>[Stack]<UL><LI>Max Depth = 72<LI>Call Chain = USB_OTG_BSP_Init &rArr; GPIO_Init
</UL>
<BR>[Calls]<UL><LI><a href="#[c8]">&gt;&gt;</a>&nbsp;&nbsp;&nbsp;RCC_APB2PeriphClockCmd
<LI><a href="#[cd]">&gt;&gt;</a>&nbsp;&nbsp;&nbsp;RCC_APB1PeriphClockCmd
<LI><a href="#[c9]">&gt;&gt;</a>&nbsp;&nbsp;&nbsp;RCC_AHB2PeriphClockCmd
<LI><a href="#[c5]">&gt;&gt;</a>&nbsp;&nbsp;&nbsp;RCC_AHB1PeriphClockCmd
<LI><a href="#[ca]">&gt;&gt;</a>&nbsp;&nbsp;&nbsp;NVIC_SetVectorTable
<LI><a href="#[cb]">&gt;&gt;</a>&nbsp;&nbsp;&nbsp;NVIC_PriorityGroupConfig
<LI><a href="#[cc]">&gt;&gt;</a>&nbsp;&nbsp;&nbsp;NVIC_Init
<LI><a href="#[c7]">&gt;&gt;</a>&nbsp;&nbsp;&nbsp;GPIO_PinAFConfig
<LI><a href="#[c6]">&gt;&gt;</a>&nbsp;&nbsp;&nbsp;GPIO_Init
</UL>
<BR>[Called By]<UL><LI><a href="#[b4]">&gt;&gt;</a>&nbsp;&nbsp;&nbsp;USBH_Init
</UL>

<P><STRONG><a name="[ce]"></a>USB_OTG_BSP_EnableInterrupt</STRONG> (Thumb, 40 bytes, Stack size 8 bytes, usb_bsp.o(.text))
<BR><BR>[Stack]<UL><LI>Max Depth = 24<LI>Call Chain = USB_OTG_BSP_EnableInterrupt &rArr; NVIC_Init
</UL>
<BR>[Calls]<UL><LI><a href="#[cb]">&gt;&gt;</a>&nbsp;&nbsp;&nbsp;NVIC_PriorityGroupConfig
<LI><a href="#[cc]">&gt;&gt;</a>&nbsp;&nbsp;&nbsp;NVIC_Init
</UL>
<BR>[Called By]<UL><LI><a href="#[b4]">&gt;&gt;</a>&nbsp;&nbsp;&nbsp;USBH_Init
</UL>

<P><STRONG><a name="[cf]"></a>USB_OTG_BSP_DriveVBUS</STRONG> (Thumb, 18 bytes, Stack size 0 bytes, usb_bsp.o(.text))
<BR><BR>[Stack]<UL><LI>Max Depth = 16<LI>Call Chain = USB_OTG_BSP_DriveVBUS &rArr; GPIO_SetBits
</UL>
<BR>[Calls]<UL><LI><a href="#[d1]">&gt;&gt;</a>&nbsp;&nbsp;&nbsp;GPIO_SetBits
<LI><a href="#[d0]">&gt;&gt;</a>&nbsp;&nbsp;&nbsp;GPIO_ResetBits
</UL>
<BR>[Called By]<UL><LI><a href="#[1fa]">&gt;&gt;</a>&nbsp;&nbsp;&nbsp;USB_OTG_CoreInitHost
<LI><a href="#[1f8]">&gt;&gt;</a>&nbsp;&nbsp;&nbsp;USB_OTG_DriveVbus
</UL>

<P><STRONG><a name="[d2]"></a>USB_OTG_BSP_mDelay</STRONG> (Thumb, 116 bytes, Stack size 24 bytes, usb_bsp.o(.text))
<BR><BR>[Stack]<UL><LI>Max Depth = 64<LI>Call Chain = USB_OTG_BSP_mDelay &rArr; TIM_TimeBaseInit
</UL>
<BR>[Calls]<UL><LI><a href="#[d5]">&gt;&gt;</a>&nbsp;&nbsp;&nbsp;TIM_TimeBaseInit
<LI><a href="#[d4]">&gt;&gt;</a>&nbsp;&nbsp;&nbsp;TIM_ITConfig
<LI><a href="#[d3]">&gt;&gt;</a>&nbsp;&nbsp;&nbsp;TIM_Cmd
<LI><a href="#[d6]">&gt;&gt;</a>&nbsp;&nbsp;&nbsp;TIM_ClearITPendingBit
<LI><a href="#[d7]">&gt;&gt;</a>&nbsp;&nbsp;&nbsp;TIM_ARRPreloadConfig
</UL>
<BR>[Called By]<UL><LI><a href="#[b6]">&gt;&gt;</a>&nbsp;&nbsp;&nbsp;USBH_Process
<LI><a href="#[1fa]">&gt;&gt;</a>&nbsp;&nbsp;&nbsp;USB_OTG_CoreInitHost
<LI><a href="#[1f9]">&gt;&gt;</a>&nbsp;&nbsp;&nbsp;USB_OTG_ResetPort
<LI><a href="#[1f8]">&gt;&gt;</a>&nbsp;&nbsp;&nbsp;USB_OTG_DriveVbus
<LI><a href="#[1f7]">&gt;&gt;</a>&nbsp;&nbsp;&nbsp;USB_OTG_SetCurrentMode
<LI><a href="#[1f4]">&gt;&gt;</a>&nbsp;&nbsp;&nbsp;USB_OTG_CoreInit
</UL>

<P><STRONG><a name="[d8]"></a>USB_OTG_BSP_ConfigVBUS</STRONG> (Thumb, 160 bytes, Stack size 32 bytes, usb_bsp.o(.text))
<BR><BR>[Stack]<UL><LI>Max Depth = 72<LI>Call Chain = USB_OTG_BSP_ConfigVBUS &rArr; TIM_TimeBaseInit
</UL>
<BR>[Calls]<UL><LI><a href="#[d5]">&gt;&gt;</a>&nbsp;&nbsp;&nbsp;TIM_TimeBaseInit
<LI><a href="#[d4]">&gt;&gt;</a>&nbsp;&nbsp;&nbsp;TIM_ITConfig
<LI><a href="#[d3]">&gt;&gt;</a>&nbsp;&nbsp;&nbsp;TIM_Cmd
<LI><a href="#[d6]">&gt;&gt;</a>&nbsp;&nbsp;&nbsp;TIM_ClearITPendingBit
<LI><a href="#[d7]">&gt;&gt;</a>&nbsp;&nbsp;&nbsp;TIM_ARRPreloadConfig
<LI><a href="#[c5]">&gt;&gt;</a>&nbsp;&nbsp;&nbsp;RCC_AHB1PeriphClockCmd
<LI><a href="#[d1]">&gt;&gt;</a>&nbsp;&nbsp;&nbsp;GPIO_SetBits
<LI><a href="#[c6]">&gt;&gt;</a>&nbsp;&nbsp;&nbsp;GPIO_Init
</UL>
<BR>[Called By]<UL><LI><a href="#[b4]">&gt;&gt;</a>&nbsp;&nbsp;&nbsp;USBH_Init
<LI><a href="#[1fa]">&gt;&gt;</a>&nbsp;&nbsp;&nbsp;USB_OTG_CoreInitHost
</UL>

<P><STRONG><a name="[d9]"></a>USB_OTG_BSP_uDelay</STRONG> (Thumb, 114 bytes, Stack size 24 bytes, usb_bsp.o(.text))
<BR><BR>[Stack]<UL><LI>Max Depth = 64<LI>Call Chain = USB_OTG_BSP_uDelay &rArr; TIM_TimeBaseInit
</UL>
<BR>[Calls]<UL><LI><a href="#[d5]">&gt;&gt;</a>&nbsp;&nbsp;&nbsp;TIM_TimeBaseInit
<LI><a href="#[d4]">&gt;&gt;</a>&nbsp;&nbsp;&nbsp;TIM_ITConfig
<LI><a href="#[d3]">&gt;&gt;</a>&nbsp;&nbsp;&nbsp;TIM_Cmd
<LI><a href="#[d6]">&gt;&gt;</a>&nbsp;&nbsp;&nbsp;TIM_ClearITPendingBit
<LI><a href="#[d7]">&gt;&gt;</a>&nbsp;&nbsp;&nbsp;TIM_ARRPreloadConfig
</UL>
<BR>[Called By]<UL><LI><a href="#[1fb]">&gt;&gt;</a>&nbsp;&nbsp;&nbsp;USB_OTG_StopHost
<LI><a href="#[1fa]">&gt;&gt;</a>&nbsp;&nbsp;&nbsp;USB_OTG_CoreInitHost
<LI><a href="#[1f6]">&gt;&gt;</a>&nbsp;&nbsp;&nbsp;USB_OTG_FlushRxFifo
<LI><a href="#[1f5]">&gt;&gt;</a>&nbsp;&nbsp;&nbsp;USB_OTG_FlushTxFifo
<LI><a href="#[1f4]">&gt;&gt;</a>&nbsp;&nbsp;&nbsp;USB_OTG_CoreInit
</UL>

<P><STRONG><a name="[da]"></a>USB_OTG_BSP_TimerIRQ</STRONG> (Thumb, 52 bytes, Stack size 8 bytes, usb_bsp.o(.text))
<BR><BR>[Stack]<UL><LI>Max Depth = 24<LI>Call Chain = USB_OTG_BSP_TimerIRQ &rArr; TIM_GetITStatus
</UL>
<BR>[Calls]<UL><LI><a href="#[db]">&gt;&gt;</a>&nbsp;&nbsp;&nbsp;TIM_GetITStatus
<LI><a href="#[d3]">&gt;&gt;</a>&nbsp;&nbsp;&nbsp;TIM_Cmd
<LI><a href="#[d6]">&gt;&gt;</a>&nbsp;&nbsp;&nbsp;TIM_ClearITPendingBit
</UL>
<BR>[Called By]<UL><LI><a href="#[45]">&gt;&gt;</a>&nbsp;&nbsp;&nbsp;TIM2_IRQHandler
</UL>

<P><STRONG><a name="[3]"></a>USBH_USR_Init</STRONG> (Thumb, 2 bytes, Stack size 0 bytes, usbh_usr.o(.text))
<BR>[Address Reference Count : 1]<UL><LI> usbh_usr.o(.data)
</UL>
<P><STRONG><a name="[5]"></a>USBH_USR_DeviceAttached</STRONG> (Thumb, 30 bytes, Stack size 8 bytes, usbh_usr.o(.text))
<BR><BR>[Stack]<UL><LI>Max Depth = 152 + Unknown Stack Size
<LI>Call Chain = USBH_USR_DeviceAttached &rArr; __2printf &rArr; _printf_char_file &rArr; _printf_char_common &rArr; __printf
</UL>
<BR>[Calls]<UL><LI><a href="#[af]">&gt;&gt;</a>&nbsp;&nbsp;&nbsp;_putchar2
<LI><a href="#[b0]">&gt;&gt;</a>&nbsp;&nbsp;&nbsp;__2printf
</UL>
<BR>[Address Reference Count : 1]<UL><LI> usbh_usr.o(.data)
</UL>
<P><STRONG><a name="[13]"></a>USBH_USR_UnrecoveredError</STRONG> (Thumb, 2 bytes, Stack size 0 bytes, usbh_usr.o(.text))
<BR>[Address Reference Count : 1]<UL><LI> usbh_usr.o(.data)
</UL>
<P><STRONG><a name="[7]"></a>USBH_USR_DeviceDisconnected</STRONG> (Thumb, 30 bytes, Stack size 8 bytes, usbh_usr.o(.text))
<BR><BR>[Stack]<UL><LI>Max Depth = 152 + Unknown Stack Size
<LI>Call Chain = USBH_USR_DeviceDisconnected &rArr; __2printf &rArr; _printf_char_file &rArr; _printf_char_common &rArr; __printf
</UL>
<BR>[Calls]<UL><LI><a href="#[af]">&gt;&gt;</a>&nbsp;&nbsp;&nbsp;_putchar2
<LI><a href="#[b0]">&gt;&gt;</a>&nbsp;&nbsp;&nbsp;__2printf
</UL>
<BR>[Address Reference Count : 1]<UL><LI> usbh_usr.o(.data)
</UL>
<P><STRONG><a name="[6]"></a>USBH_USR_ResetDevice</STRONG> (Thumb, 2 bytes, Stack size 0 bytes, usbh_usr.o(.text))
<BR>[Address Reference Count : 1]<UL><LI> usbh_usr.o(.data)
</UL>
<P><STRONG><a name="[9]"></a>USBH_USR_DeviceSpeedDetected</STRONG> (Thumb, 132 bytes, Stack size 8 bytes, usbh_usr.o(.text))
<BR><BR>[Stack]<UL><LI>Max Depth = 152 + Unknown Stack Size
<LI>Call Chain = USBH_USR_DeviceSpeedDetected &rArr; __2printf &rArr; _printf_char_file &rArr; _printf_char_common &rArr; __printf
</UL>
<BR>[Calls]<UL><LI><a href="#[af]">&gt;&gt;</a>&nbsp;&nbsp;&nbsp;_putchar2
<LI><a href="#[b0]">&gt;&gt;</a>&nbsp;&nbsp;&nbsp;__2printf
</UL>
<BR>[Address Reference Count : 1]<UL><LI> usbh_usr.o(.data)
</UL>
<P><STRONG><a name="[a]"></a>USBH_USR_Device_DescAvailable</STRONG> (Thumb, 60 bytes, Stack size 8 bytes, usbh_usr.o(.text))
<BR><BR>[Stack]<UL><LI>Max Depth = 152 + Unknown Stack Size
<LI>Call Chain = USBH_USR_Device_DescAvailable &rArr; __2printf &rArr; _printf_char_file &rArr; _printf_char_common &rArr; __printf
</UL>
<BR>[Calls]<UL><LI><a href="#[af]">&gt;&gt;</a>&nbsp;&nbsp;&nbsp;_putchar2
<LI><a href="#[b0]">&gt;&gt;</a>&nbsp;&nbsp;&nbsp;__2printf
</UL>
<BR>[Address Reference Count : 1]<UL><LI> usbh_usr.o(.data)
</UL>
<P><STRONG><a name="[b]"></a>USBH_USR_DeviceAddressAssigned</STRONG> (Thumb, 2 bytes, Stack size 0 bytes, usbh_usr.o(.text))
<BR>[Address Reference Count : 1]<UL><LI> usbh_usr.o(.data)
</UL>
<P><STRONG><a name="[c]"></a>USBH_USR_Configuration_DescAvailable</STRONG> (Thumb, 74 bytes, Stack size 8 bytes, usbh_usr.o(.text))
<BR><BR>[Stack]<UL><LI>Max Depth = 152 + Unknown Stack Size
<LI>Call Chain = USBH_USR_Configuration_DescAvailable &rArr; __2printf &rArr; _printf_char_file &rArr; _printf_char_common &rArr; __printf
</UL>
<BR>[Calls]<UL><LI><a href="#[af]">&gt;&gt;</a>&nbsp;&nbsp;&nbsp;_putchar2
<LI><a href="#[b0]">&gt;&gt;</a>&nbsp;&nbsp;&nbsp;__2printf
</UL>
<BR>[Address Reference Count : 1]<UL><LI> usbh_usr.o(.data)
</UL>
<P><STRONG><a name="[d]"></a>USBH_USR_Manufacturer_String</STRONG> (Thumb, 34 bytes, Stack size 8 bytes, usbh_usr.o(.text))
<BR><BR>[Stack]<UL><LI>Max Depth = 152 + Unknown Stack Size
<LI>Call Chain = USBH_USR_Manufacturer_String &rArr; __2printf &rArr; _printf_char_file &rArr; _printf_char_common &rArr; __printf
</UL>
<BR>[Calls]<UL><LI><a href="#[af]">&gt;&gt;</a>&nbsp;&nbsp;&nbsp;_putchar2
<LI><a href="#[b0]">&gt;&gt;</a>&nbsp;&nbsp;&nbsp;__2printf
</UL>
<BR>[Address Reference Count : 1]<UL><LI> usbh_usr.o(.data)
</UL>
<P><STRONG><a name="[e]"></a>USBH_USR_Product_String</STRONG> (Thumb, 34 bytes, Stack size 8 bytes, usbh_usr.o(.text))
<BR><BR>[Stack]<UL><LI>Max Depth = 152 + Unknown Stack Size
<LI>Call Chain = USBH_USR_Product_String &rArr; __2printf &rArr; _printf_char_file &rArr; _printf_char_common &rArr; __printf
</UL>
<BR>[Calls]<UL><LI><a href="#[af]">&gt;&gt;</a>&nbsp;&nbsp;&nbsp;_putchar2
<LI><a href="#[b0]">&gt;&gt;</a>&nbsp;&nbsp;&nbsp;__2printf
</UL>
<BR>[Address Reference Count : 1]<UL><LI> usbh_usr.o(.data)
</UL>
<P><STRONG><a name="[f]"></a>USBH_USR_SerialNum_String</STRONG> (Thumb, 34 bytes, Stack size 8 bytes, usbh_usr.o(.text))
<BR><BR>[Stack]<UL><LI>Max Depth = 152 + Unknown Stack Size
<LI>Call Chain = USBH_USR_SerialNum_String &rArr; __2printf &rArr; _printf_char_file &rArr; _printf_char_common &rArr; __printf
</UL>
<BR>[Calls]<UL><LI><a href="#[af]">&gt;&gt;</a>&nbsp;&nbsp;&nbsp;_putchar2
<LI><a href="#[b0]">&gt;&gt;</a>&nbsp;&nbsp;&nbsp;__2printf
</UL>
<BR>[Address Reference Count : 1]<UL><LI> usbh_usr.o(.data)
</UL>
<P><STRONG><a name="[10]"></a>USBH_USR_EnumerationDone</STRONG> (Thumb, 30 bytes, Stack size 8 bytes, usbh_usr.o(.text))
<BR><BR>[Stack]<UL><LI>Max Depth = 152 + Unknown Stack Size
<LI>Call Chain = USBH_USR_EnumerationDone &rArr; __2printf &rArr; _printf_char_file &rArr; _printf_char_common &rArr; __printf
</UL>
<BR>[Calls]<UL><LI><a href="#[af]">&gt;&gt;</a>&nbsp;&nbsp;&nbsp;_putchar2
<LI><a href="#[b0]">&gt;&gt;</a>&nbsp;&nbsp;&nbsp;__2printf
</UL>
<BR>[Address Reference Count : 1]<UL><LI> usbh_usr.o(.data)
</UL>
<P><STRONG><a name="[12]"></a>USBH_USR_DeviceNotSupported</STRONG> (Thumb, 30 bytes, Stack size 8 bytes, usbh_usr.o(.text))
<BR><BR>[Stack]<UL><LI>Max Depth = 152 + Unknown Stack Size
<LI>Call Chain = USBH_USR_DeviceNotSupported &rArr; __2printf &rArr; _printf_char_file &rArr; _printf_char_common &rArr; __printf
</UL>
<BR>[Calls]<UL><LI><a href="#[af]">&gt;&gt;</a>&nbsp;&nbsp;&nbsp;_putchar2
<LI><a href="#[b0]">&gt;&gt;</a>&nbsp;&nbsp;&nbsp;__2printf
</UL>
<BR>[Address Reference Count : 1]<UL><LI> usbh_usr.o(.data)
</UL>
<P><STRONG><a name="[11]"></a>USBH_USR_UserInput</STRONG> (Thumb, 30 bytes, Stack size 8 bytes, usbh_usr.o(.text))
<BR><BR>[Stack]<UL><LI>Max Depth = 152 + Unknown Stack Size
<LI>Call Chain = USBH_USR_UserInput &rArr; __2printf &rArr; _printf_char_file &rArr; _printf_char_common &rArr; __printf
</UL>
<BR>[Calls]<UL><LI><a href="#[af]">&gt;&gt;</a>&nbsp;&nbsp;&nbsp;_putchar2
<LI><a href="#[b0]">&gt;&gt;</a>&nbsp;&nbsp;&nbsp;__2printf
</UL>
<BR>[Address Reference Count : 1]<UL><LI> usbh_usr.o(.data)
</UL>
<P><STRONG><a name="[8]"></a>USBH_USR_OverCurrentDetected</STRONG> (Thumb, 2 bytes, Stack size 0 bytes, usbh_usr.o(.text))
<BR>[Address Reference Count : 1]<UL><LI> usbh_usr.o(.data)
</UL>
<P><STRONG><a name="[216]"></a>USR_MOUSE_Init</STRONG> (Thumb, 26 bytes, Stack size 0 bytes, usbh_usr.o(.text))
<BR><BR>[Called By]<UL><LI><a href="#[1d]">&gt;&gt;</a>&nbsp;&nbsp;&nbsp;MOUSE_Init
</UL>

<P><STRONG><a name="[dc]"></a>getAxisMov</STRONG> (Thumb, 84 bytes, Stack size 24 bytes, usbh_usr.o(.text), UNUSED)
<BR><BR>[Calls]<UL><LI><a href="#[df]">&gt;&gt;</a>&nbsp;&nbsp;&nbsp;__hardfp_sinf
<LI><a href="#[dd]">&gt;&gt;</a>&nbsp;&nbsp;&nbsp;__hardfp_cosf
<LI><a href="#[de]">&gt;&gt;</a>&nbsp;&nbsp;&nbsp;__aeabi_f2lz
</UL>

<P><STRONG><a name="[26a]"></a>fixAngle</STRONG> (Thumb, 68 bytes, Stack size 0 bytes, usbh_usr.o(.text), UNUSED)

<P><STRONG><a name="[e0]"></a>USR_MOUSE_ProcessData</STRONG> (Thumb, 742 bytes, Stack size 48 bytes, usbh_usr.o(.text))
<BR><BR>[Stack]<UL><LI>Max Depth = 192 + Unknown Stack Size
<LI>Call Chain = USR_MOUSE_ProcessData &rArr; __2printf &rArr; _printf_char_file &rArr; _printf_char_common &rArr; __printf
</UL>
<BR>[Calls]<UL><LI><a href="#[e1]">&gt;&gt;</a>&nbsp;&nbsp;&nbsp;turn
<LI><a href="#[af]">&gt;&gt;</a>&nbsp;&nbsp;&nbsp;_putchar2
<LI><a href="#[e2]">&gt;&gt;</a>&nbsp;&nbsp;&nbsp;Delay
<LI><a href="#[df]">&gt;&gt;</a>&nbsp;&nbsp;&nbsp;__hardfp_sinf
<LI><a href="#[dd]">&gt;&gt;</a>&nbsp;&nbsp;&nbsp;__hardfp_cosf
<LI><a href="#[de]">&gt;&gt;</a>&nbsp;&nbsp;&nbsp;__aeabi_f2lz
<LI><a href="#[b0]">&gt;&gt;</a>&nbsp;&nbsp;&nbsp;__2printf
</UL>
<BR>[Called By]<UL><LI><a href="#[1e]">&gt;&gt;</a>&nbsp;&nbsp;&nbsp;MOUSE_Decode
</UL>

<P><STRONG><a name="[215]"></a>USR_KEYBRD_Init</STRONG> (Thumb, 2 bytes, Stack size 0 bytes, usbh_usr.o(.text))
<BR><BR>[Called By]<UL><LI><a href="#[1b]">&gt;&gt;</a>&nbsp;&nbsp;&nbsp;KEYBRD_Init
</UL>

<P><STRONG><a name="[e3]"></a>USR_KEYBRD_ProcessData</STRONG> (Thumb, 34 bytes, Stack size 8 bytes, usbh_usr.o(.text))
<BR><BR>[Stack]<UL><LI>Max Depth = 152 + Unknown Stack Size
<LI>Call Chain = USR_KEYBRD_ProcessData &rArr; __2printf &rArr; _printf_char_file &rArr; _printf_char_common &rArr; __printf
</UL>
<BR>[Calls]<UL><LI><a href="#[af]">&gt;&gt;</a>&nbsp;&nbsp;&nbsp;_putchar2
<LI><a href="#[b0]">&gt;&gt;</a>&nbsp;&nbsp;&nbsp;__2printf
</UL>
<BR>[Called By]<UL><LI><a href="#[1c]">&gt;&gt;</a>&nbsp;&nbsp;&nbsp;KEYBRD_Decode
</UL>

<P><STRONG><a name="[4]"></a>USBH_USR_DeInit</STRONG> (Thumb, 2 bytes, Stack size 0 bytes, usbh_usr.o(.text))
<BR>[Address Reference Count : 1]<UL><LI> usbh_usr.o(.data)
</UL>
<P><STRONG><a name="[bb]"></a>updateCarStatus</STRONG> (Thumb, 56 bytes, Stack size 16 bytes, car.o(.text))
<BR><BR>[Stack]<UL><LI>Max Depth = 56<LI>Call Chain = updateCarStatus &rArr; updateAccel &rArr; SPI_read &rArr; SPI_I2S_SendData
</UL>
<BR>[Calls]<UL><LI><a href="#[e4]">&gt;&gt;</a>&nbsp;&nbsp;&nbsp;updateAccel
<LI><a href="#[de]">&gt;&gt;</a>&nbsp;&nbsp;&nbsp;__aeabi_f2lz
</UL>
<BR>[Called By]<UL><LI><a href="#[a7]">&gt;&gt;</a>&nbsp;&nbsp;&nbsp;main
</UL>

<P><STRONG><a name="[e5]"></a>sendReport</STRONG> (Thumb, 148 bytes, Stack size 88 bytes, car.o(.text))
<BR><BR>[Stack]<UL><LI>Max Depth = 232 + Unknown Stack Size
<LI>Call Chain = sendReport &rArr; __2printf &rArr; _printf_char_file &rArr; _printf_char_common &rArr; __printf
</UL>
<BR>[Calls]<UL><LI><a href="#[af]">&gt;&gt;</a>&nbsp;&nbsp;&nbsp;_putchar2
<LI><a href="#[e6]">&gt;&gt;</a>&nbsp;&nbsp;&nbsp;__aeabi_f2d
<LI><a href="#[b0]">&gt;&gt;</a>&nbsp;&nbsp;&nbsp;__2printf
</UL>
<BR>[Called By]<UL><LI><a href="#[86]">&gt;&gt;</a>&nbsp;&nbsp;&nbsp;_report
</UL>

<P><STRONG><a name="[e7]"></a>sendPos</STRONG> (Thumb, 50 bytes, Stack size 16 bytes, car.o(.text))
<BR><BR>[Stack]<UL><LI>Max Depth = 160 + Unknown Stack Size
<LI>Call Chain = sendPos &rArr; __2printf &rArr; _printf_char_file &rArr; _printf_char_common &rArr; __printf
</UL>
<BR>[Calls]<UL><LI><a href="#[af]">&gt;&gt;</a>&nbsp;&nbsp;&nbsp;_putchar2
<LI><a href="#[b0]">&gt;&gt;</a>&nbsp;&nbsp;&nbsp;__2printf
</UL>
<BR>[Called By]<UL><LI><a href="#[85]">&gt;&gt;</a>&nbsp;&nbsp;&nbsp;_checkPos
</UL>

<P><STRONG><a name="[26b]"></a>initHorn</STRONG> (Thumb, 2 bytes, Stack size 0 bytes, car.o(.text), UNUSED)

<P><STRONG><a name="[b9]"></a>playHorn</STRONG> (Thumb, 2 bytes, Stack size 0 bytes, car.o(.text))
<BR><BR>[Called By]<UL><LI><a href="#[89]">&gt;&gt;</a>&nbsp;&nbsp;&nbsp;_playHorn
<LI><a href="#[a7]">&gt;&gt;</a>&nbsp;&nbsp;&nbsp;main
<LI><a href="#[b1]">&gt;&gt;</a>&nbsp;&nbsp;&nbsp;init
</UL>

<P><STRONG><a name="[5b]"></a>TIM5_IRQHandler</STRONG> (Thumb, 30 bytes, Stack size 8 bytes, car.o(.text))
<BR><BR>[Stack]<UL><LI>Max Depth = 24<LI>Call Chain = TIM5_IRQHandler &rArr; TIM_GetITStatus
</UL>
<BR>[Calls]<UL><LI><a href="#[db]">&gt;&gt;</a>&nbsp;&nbsp;&nbsp;TIM_GetITStatus
<LI><a href="#[d6]">&gt;&gt;</a>&nbsp;&nbsp;&nbsp;TIM_ClearITPendingBit
</UL>
<BR>[Address Reference Count : 1]<UL><LI> startup_stm32f4xx.o(RESET)
</UL>
<P><STRONG><a name="[b5]"></a>carInit</STRONG> (Thumb, 88 bytes, Stack size 8 bytes, car.o(.text))
<BR><BR>[Stack]<UL><LI>Max Depth = 104<LI>Call Chain = carInit &rArr; startPID &rArr; PID_configTimer &rArr; TIM_TimeBaseInit
</UL>
<BR>[Calls]<UL><LI><a href="#[ec]">&gt;&gt;</a>&nbsp;&nbsp;&nbsp;startPID
<LI><a href="#[e8]">&gt;&gt;</a>&nbsp;&nbsp;&nbsp;initSteering
<LI><a href="#[eb]">&gt;&gt;</a>&nbsp;&nbsp;&nbsp;initMotorControl
<LI><a href="#[ea]">&gt;&gt;</a>&nbsp;&nbsp;&nbsp;accelInit
<LI><a href="#[e9]">&gt;&gt;</a>&nbsp;&nbsp;&nbsp;IRinit
</UL>
<BR>[Called By]<UL><LI><a href="#[a7]">&gt;&gt;</a>&nbsp;&nbsp;&nbsp;main
<LI><a href="#[b1]">&gt;&gt;</a>&nbsp;&nbsp;&nbsp;init
</UL>

<P><STRONG><a name="[ae]"></a>CHCKSTAT</STRONG> (Thumb, 42 bytes, Stack size 4 bytes, car.o(.text))
<BR><BR>[Stack]<UL><LI>Max Depth = 4<LI>Call Chain = CHCKSTAT
</UL>
<BR>[Called By]<UL><LI><a href="#[a7]">&gt;&gt;</a>&nbsp;&nbsp;&nbsp;main
<LI><a href="#[ad]">&gt;&gt;</a>&nbsp;&nbsp;&nbsp;sensorAlert
</UL>

<P><STRONG><a name="[ed]"></a>SPI_send</STRONG> (Thumb, 108 bytes, Stack size 24 bytes, accelerometer.o(.text))
<BR><BR>[Stack]<UL><LI>Max Depth = 40<LI>Call Chain = SPI_send &rArr; SPI_I2S_SendData
</UL>
<BR>[Calls]<UL><LI><a href="#[ef]">&gt;&gt;</a>&nbsp;&nbsp;&nbsp;SPI_I2S_SendData
<LI><a href="#[f0]">&gt;&gt;</a>&nbsp;&nbsp;&nbsp;SPI_I2S_ReceiveData
<LI><a href="#[ee]">&gt;&gt;</a>&nbsp;&nbsp;&nbsp;SPI_I2S_GetFlagStatus
<LI><a href="#[d1]">&gt;&gt;</a>&nbsp;&nbsp;&nbsp;GPIO_SetBits
<LI><a href="#[d0]">&gt;&gt;</a>&nbsp;&nbsp;&nbsp;GPIO_ResetBits
</UL>
<BR>[Called By]<UL><LI><a href="#[ea]">&gt;&gt;</a>&nbsp;&nbsp;&nbsp;accelInit
</UL>

<P><STRONG><a name="[ea]"></a>accelInit</STRONG> (Thumb, 258 bytes, Stack size 56 bytes, accelerometer.o(.text))
<BR><BR>[Stack]<UL><LI>Max Depth = 96<LI>Call Chain = accelInit &rArr; SPI_send &rArr; SPI_I2S_SendData
</UL>
<BR>[Calls]<UL><LI><a href="#[f2]">&gt;&gt;</a>&nbsp;&nbsp;&nbsp;SPI_Init
<LI><a href="#[f1]">&gt;&gt;</a>&nbsp;&nbsp;&nbsp;SPI_I2S_DeInit
<LI><a href="#[f3]">&gt;&gt;</a>&nbsp;&nbsp;&nbsp;SPI_Cmd
<LI><a href="#[ed]">&gt;&gt;</a>&nbsp;&nbsp;&nbsp;SPI_send
<LI><a href="#[c8]">&gt;&gt;</a>&nbsp;&nbsp;&nbsp;RCC_APB2PeriphClockCmd
<LI><a href="#[c5]">&gt;&gt;</a>&nbsp;&nbsp;&nbsp;RCC_AHB1PeriphClockCmd
<LI><a href="#[d1]">&gt;&gt;</a>&nbsp;&nbsp;&nbsp;GPIO_SetBits
<LI><a href="#[c7]">&gt;&gt;</a>&nbsp;&nbsp;&nbsp;GPIO_PinAFConfig
<LI><a href="#[c6]">&gt;&gt;</a>&nbsp;&nbsp;&nbsp;GPIO_Init
</UL>
<BR>[Called By]<UL><LI><a href="#[b5]">&gt;&gt;</a>&nbsp;&nbsp;&nbsp;carInit
</UL>

<P><STRONG><a name="[f4]"></a>SPI_read</STRONG> (Thumb, 108 bytes, Stack size 16 bytes, accelerometer.o(.text))
<BR><BR>[Stack]<UL><LI>Max Depth = 32<LI>Call Chain = SPI_read &rArr; SPI_I2S_SendData
</UL>
<BR>[Calls]<UL><LI><a href="#[ef]">&gt;&gt;</a>&nbsp;&nbsp;&nbsp;SPI_I2S_SendData
<LI><a href="#[f0]">&gt;&gt;</a>&nbsp;&nbsp;&nbsp;SPI_I2S_ReceiveData
<LI><a href="#[ee]">&gt;&gt;</a>&nbsp;&nbsp;&nbsp;SPI_I2S_GetFlagStatus
<LI><a href="#[d1]">&gt;&gt;</a>&nbsp;&nbsp;&nbsp;GPIO_SetBits
<LI><a href="#[d0]">&gt;&gt;</a>&nbsp;&nbsp;&nbsp;GPIO_ResetBits
</UL>
<BR>[Called By]<UL><LI><a href="#[e4]">&gt;&gt;</a>&nbsp;&nbsp;&nbsp;updateAccel
</UL>

<P><STRONG><a name="[e4]"></a>updateAccel</STRONG> (Thumb, 72 bytes, Stack size 8 bytes, accelerometer.o(.text))
<BR><BR>[Stack]<UL><LI>Max Depth = 40<LI>Call Chain = updateAccel &rArr; SPI_read &rArr; SPI_I2S_SendData
</UL>
<BR>[Calls]<UL><LI><a href="#[f4]">&gt;&gt;</a>&nbsp;&nbsp;&nbsp;SPI_read
</UL>
<BR>[Called By]<UL><LI><a href="#[bb]">&gt;&gt;</a>&nbsp;&nbsp;&nbsp;updateCarStatus
</UL>

<P><STRONG><a name="[f5]"></a>button_setup</STRONG> (Thumb, 100 bytes, Stack size 40 bytes, general.o(.text), UNUSED)
<BR><BR>[Calls]<UL><LI><a href="#[f6]">&gt;&gt;</a>&nbsp;&nbsp;&nbsp;SYSCFG_EXTILineConfig
<LI><a href="#[f7]">&gt;&gt;</a>&nbsp;&nbsp;&nbsp;EXTI_Init
<LI><a href="#[c8]">&gt;&gt;</a>&nbsp;&nbsp;&nbsp;RCC_APB2PeriphClockCmd
<LI><a href="#[c5]">&gt;&gt;</a>&nbsp;&nbsp;&nbsp;RCC_AHB1PeriphClockCmd
<LI><a href="#[cc]">&gt;&gt;</a>&nbsp;&nbsp;&nbsp;NVIC_Init
<LI><a href="#[c6]">&gt;&gt;</a>&nbsp;&nbsp;&nbsp;GPIO_Init
</UL>

<P><STRONG><a name="[ba]"></a>generalInit</STRONG> (Thumb, 106 bytes, Stack size 40 bytes, general.o(.text))
<BR><BR>[Stack]<UL><LI>Max Depth = 96<LI>Call Chain = generalInit &rArr; initLeds &rArr; GPIO_Init
</UL>
<BR>[Calls]<UL><LI><a href="#[f8]">&gt;&gt;</a>&nbsp;&nbsp;&nbsp;initLeds
<LI><a href="#[f6]">&gt;&gt;</a>&nbsp;&nbsp;&nbsp;SYSCFG_EXTILineConfig
<LI><a href="#[f7]">&gt;&gt;</a>&nbsp;&nbsp;&nbsp;EXTI_Init
<LI><a href="#[c8]">&gt;&gt;</a>&nbsp;&nbsp;&nbsp;RCC_APB2PeriphClockCmd
<LI><a href="#[c5]">&gt;&gt;</a>&nbsp;&nbsp;&nbsp;RCC_AHB1PeriphClockCmd
<LI><a href="#[cc]">&gt;&gt;</a>&nbsp;&nbsp;&nbsp;NVIC_Init
<LI><a href="#[c6]">&gt;&gt;</a>&nbsp;&nbsp;&nbsp;GPIO_Init
</UL>
<BR>[Called By]<UL><LI><a href="#[a7]">&gt;&gt;</a>&nbsp;&nbsp;&nbsp;main
</UL>

<P><STRONG><a name="[e9]"></a>IRinit</STRONG> (Thumb, 50 bytes, Stack size 16 bytes, irsensors.o(.text))
<BR><BR>[Stack]<UL><LI>Max Depth = 56<LI>Call Chain = IRinit &rArr; GPIO_Init
</UL>
<BR>[Calls]<UL><LI><a href="#[c5]">&gt;&gt;</a>&nbsp;&nbsp;&nbsp;RCC_AHB1PeriphClockCmd
<LI><a href="#[c6]">&gt;&gt;</a>&nbsp;&nbsp;&nbsp;GPIO_Init
</UL>
<BR>[Called By]<UL><LI><a href="#[b5]">&gt;&gt;</a>&nbsp;&nbsp;&nbsp;carInit
</UL>

<P><STRONG><a name="[f8]"></a>initLeds</STRONG> (Thumb, 52 bytes, Stack size 16 bytes, ledring.o(.text))
<BR><BR>[Stack]<UL><LI>Max Depth = 56<LI>Call Chain = initLeds &rArr; GPIO_Init
</UL>
<BR>[Calls]<UL><LI><a href="#[c5]">&gt;&gt;</a>&nbsp;&nbsp;&nbsp;RCC_AHB1PeriphClockCmd
<LI><a href="#[c6]">&gt;&gt;</a>&nbsp;&nbsp;&nbsp;GPIO_Init
</UL>
<BR>[Called By]<UL><LI><a href="#[ba]">&gt;&gt;</a>&nbsp;&nbsp;&nbsp;generalInit
</UL>

<P><STRONG><a name="[26c]"></a>timPulse</STRONG> (Thumb, 18 bytes, Stack size 0 bytes, motorcontrol.o(.text), UNUSED)

<P><STRONG><a name="[f9]"></a>setPWMLeftB</STRONG> (Thumb, 50 bytes, Stack size 8 bytes, motorcontrol.o(.text), UNUSED)
<BR><BR>[Calls]<UL><LI><a href="#[fb]">&gt;&gt;</a>&nbsp;&nbsp;&nbsp;TIM_OC1PreloadConfig
<LI><a href="#[fa]">&gt;&gt;</a>&nbsp;&nbsp;&nbsp;TIM_OC1Init
</UL>

<P><STRONG><a name="[fc]"></a>setPWMRightB</STRONG> (Thumb, 50 bytes, Stack size 8 bytes, motorcontrol.o(.text), UNUSED)
<BR><BR>[Calls]<UL><LI><a href="#[fe]">&gt;&gt;</a>&nbsp;&nbsp;&nbsp;TIM_OC3PreloadConfig
<LI><a href="#[fd]">&gt;&gt;</a>&nbsp;&nbsp;&nbsp;TIM_OC3Init
</UL>

<P><STRONG><a name="[ff]"></a>setPWMLeftF</STRONG> (Thumb, 50 bytes, Stack size 8 bytes, motorcontrol.o(.text), UNUSED)
<BR><BR>[Calls]<UL><LI><a href="#[101]">&gt;&gt;</a>&nbsp;&nbsp;&nbsp;TIM_OC2PreloadConfig
<LI><a href="#[100]">&gt;&gt;</a>&nbsp;&nbsp;&nbsp;TIM_OC2Init
</UL>

<P><STRONG><a name="[102]"></a>setPWMRightF</STRONG> (Thumb, 50 bytes, Stack size 8 bytes, motorcontrol.o(.text), UNUSED)
<BR><BR>[Calls]<UL><LI><a href="#[104]">&gt;&gt;</a>&nbsp;&nbsp;&nbsp;TIM_OC4PreloadConfig
<LI><a href="#[103]">&gt;&gt;</a>&nbsp;&nbsp;&nbsp;TIM_OC4Init
</UL>

<P><STRONG><a name="[105]"></a>InitializeLEDs</STRONG> (Thumb, 88 bytes, Stack size 16 bytes, motorcontrol.o(.text), UNUSED)
<BR><BR>[Calls]<UL><LI><a href="#[c5]">&gt;&gt;</a>&nbsp;&nbsp;&nbsp;RCC_AHB1PeriphClockCmd
<LI><a href="#[c7]">&gt;&gt;</a>&nbsp;&nbsp;&nbsp;GPIO_PinAFConfig
<LI><a href="#[c6]">&gt;&gt;</a>&nbsp;&nbsp;&nbsp;GPIO_Init
</UL>

<P><STRONG><a name="[106]"></a>InitializePWMChannel</STRONG> (Thumb, 100 bytes, Stack size 24 bytes, motorcontrol.o(.text), UNUSED)
<BR><BR>[Calls]<UL><LI><a href="#[c5]">&gt;&gt;</a>&nbsp;&nbsp;&nbsp;RCC_AHB1PeriphClockCmd
<LI><a href="#[c7]">&gt;&gt;</a>&nbsp;&nbsp;&nbsp;GPIO_PinAFConfig
<LI><a href="#[c6]">&gt;&gt;</a>&nbsp;&nbsp;&nbsp;GPIO_Init
</UL>

<P><STRONG><a name="[107]"></a>InitializeTimer</STRONG> (Thumb, 50 bytes, Stack size 8 bytes, motorcontrol.o(.text), UNUSED)
<BR><BR>[Calls]<UL><LI><a href="#[d5]">&gt;&gt;</a>&nbsp;&nbsp;&nbsp;TIM_TimeBaseInit
<LI><a href="#[d3]">&gt;&gt;</a>&nbsp;&nbsp;&nbsp;TIM_Cmd
<LI><a href="#[cd]">&gt;&gt;</a>&nbsp;&nbsp;&nbsp;RCC_APB1PeriphClockCmd
</UL>

<P><STRONG><a name="[eb]"></a>initMotorControl</STRONG> (Thumb, 220 bytes, Stack size 32 bytes, motorcontrol.o(.text))
<BR><BR>[Stack]<UL><LI>Max Depth = 72<LI>Call Chain = initMotorControl &rArr; TIM_OC4Init
</UL>
<BR>[Calls]<UL><LI><a href="#[104]">&gt;&gt;</a>&nbsp;&nbsp;&nbsp;TIM_OC4PreloadConfig
<LI><a href="#[103]">&gt;&gt;</a>&nbsp;&nbsp;&nbsp;TIM_OC4Init
<LI><a href="#[fe]">&gt;&gt;</a>&nbsp;&nbsp;&nbsp;TIM_OC3PreloadConfig
<LI><a href="#[fd]">&gt;&gt;</a>&nbsp;&nbsp;&nbsp;TIM_OC3Init
<LI><a href="#[101]">&gt;&gt;</a>&nbsp;&nbsp;&nbsp;TIM_OC2PreloadConfig
<LI><a href="#[100]">&gt;&gt;</a>&nbsp;&nbsp;&nbsp;TIM_OC2Init
<LI><a href="#[fb]">&gt;&gt;</a>&nbsp;&nbsp;&nbsp;TIM_OC1PreloadConfig
<LI><a href="#[fa]">&gt;&gt;</a>&nbsp;&nbsp;&nbsp;TIM_OC1Init
<LI><a href="#[d5]">&gt;&gt;</a>&nbsp;&nbsp;&nbsp;TIM_TimeBaseInit
<LI><a href="#[d3]">&gt;&gt;</a>&nbsp;&nbsp;&nbsp;TIM_Cmd
<LI><a href="#[cd]">&gt;&gt;</a>&nbsp;&nbsp;&nbsp;RCC_APB1PeriphClockCmd
<LI><a href="#[c5]">&gt;&gt;</a>&nbsp;&nbsp;&nbsp;RCC_AHB1PeriphClockCmd
<LI><a href="#[c7]">&gt;&gt;</a>&nbsp;&nbsp;&nbsp;GPIO_PinAFConfig
<LI><a href="#[c6]">&gt;&gt;</a>&nbsp;&nbsp;&nbsp;GPIO_Init
</UL>
<BR>[Called By]<UL><LI><a href="#[b5]">&gt;&gt;</a>&nbsp;&nbsp;&nbsp;carInit
</UL>

<P><STRONG><a name="[108]"></a>goForward</STRONG> (Thumb, 152 bytes, Stack size 24 bytes, motorcontrol.o(.text), UNUSED)
<BR><BR>[Calls]<UL><LI><a href="#[104]">&gt;&gt;</a>&nbsp;&nbsp;&nbsp;TIM_OC4PreloadConfig
<LI><a href="#[103]">&gt;&gt;</a>&nbsp;&nbsp;&nbsp;TIM_OC4Init
<LI><a href="#[fe]">&gt;&gt;</a>&nbsp;&nbsp;&nbsp;TIM_OC3PreloadConfig
<LI><a href="#[fd]">&gt;&gt;</a>&nbsp;&nbsp;&nbsp;TIM_OC3Init
<LI><a href="#[101]">&gt;&gt;</a>&nbsp;&nbsp;&nbsp;TIM_OC2PreloadConfig
<LI><a href="#[100]">&gt;&gt;</a>&nbsp;&nbsp;&nbsp;TIM_OC2Init
<LI><a href="#[fb]">&gt;&gt;</a>&nbsp;&nbsp;&nbsp;TIM_OC1PreloadConfig
<LI><a href="#[fa]">&gt;&gt;</a>&nbsp;&nbsp;&nbsp;TIM_OC1Init
</UL>

<P><STRONG><a name="[e1]"></a>turn</STRONG> (Thumb, 318 bytes, Stack size 32 bytes, motorcontrol.o(.text))
<BR><BR>[Stack]<UL><LI>Max Depth = 72<LI>Call Chain = turn &rArr; TIM_OC4Init
</UL>
<BR>[Calls]<UL><LI><a href="#[104]">&gt;&gt;</a>&nbsp;&nbsp;&nbsp;TIM_OC4PreloadConfig
<LI><a href="#[103]">&gt;&gt;</a>&nbsp;&nbsp;&nbsp;TIM_OC4Init
<LI><a href="#[fe]">&gt;&gt;</a>&nbsp;&nbsp;&nbsp;TIM_OC3PreloadConfig
<LI><a href="#[fd]">&gt;&gt;</a>&nbsp;&nbsp;&nbsp;TIM_OC3Init
<LI><a href="#[101]">&gt;&gt;</a>&nbsp;&nbsp;&nbsp;TIM_OC2PreloadConfig
<LI><a href="#[100]">&gt;&gt;</a>&nbsp;&nbsp;&nbsp;TIM_OC2Init
<LI><a href="#[fb]">&gt;&gt;</a>&nbsp;&nbsp;&nbsp;TIM_OC1PreloadConfig
<LI><a href="#[fa]">&gt;&gt;</a>&nbsp;&nbsp;&nbsp;TIM_OC1Init
</UL>
<BR>[Called By]<UL><LI><a href="#[46]">&gt;&gt;</a>&nbsp;&nbsp;&nbsp;TIM3_IRQHandler
<LI><a href="#[e0]">&gt;&gt;</a>&nbsp;&nbsp;&nbsp;USR_MOUSE_ProcessData
</UL>

<P><STRONG><a name="[b2]"></a>uart2_init</STRONG> (Thumb, 174 bytes, Stack size 48 bytes, serie2.o(.text))
<BR><BR>[Stack]<UL><LI>Max Depth = 104<LI>Call Chain = uart2_init &rArr; USART_Init &rArr; RCC_GetClocksFreq
</UL>
<BR>[Calls]<UL><LI><a href="#[109]">&gt;&gt;</a>&nbsp;&nbsp;&nbsp;USART_Init
<LI><a href="#[10a]">&gt;&gt;</a>&nbsp;&nbsp;&nbsp;USART_ITConfig
<LI><a href="#[10b]">&gt;&gt;</a>&nbsp;&nbsp;&nbsp;USART_Cmd
<LI><a href="#[cd]">&gt;&gt;</a>&nbsp;&nbsp;&nbsp;RCC_APB1PeriphClockCmd
<LI><a href="#[c5]">&gt;&gt;</a>&nbsp;&nbsp;&nbsp;RCC_AHB1PeriphClockCmd
<LI><a href="#[cc]">&gt;&gt;</a>&nbsp;&nbsp;&nbsp;NVIC_Init
<LI><a href="#[c7]">&gt;&gt;</a>&nbsp;&nbsp;&nbsp;GPIO_PinAFConfig
<LI><a href="#[c6]">&gt;&gt;</a>&nbsp;&nbsp;&nbsp;GPIO_Init
</UL>
<BR>[Called By]<UL><LI><a href="#[a7]">&gt;&gt;</a>&nbsp;&nbsp;&nbsp;main
<LI><a href="#[b1]">&gt;&gt;</a>&nbsp;&nbsp;&nbsp;init
</UL>

<P><STRONG><a name="[c2]"></a>_getkey2</STRONG> (Thumb, 48 bytes, Stack size 0 bytes, serie2.o(.text))
<BR><BR>[Called By]<UL><LI><a href="#[126]">&gt;&gt;</a>&nbsp;&nbsp;&nbsp;fgetc
<LI><a href="#[bc]">&gt;&gt;</a>&nbsp;&nbsp;&nbsp;promptInput
<LI><a href="#[c1]">&gt;&gt;</a>&nbsp;&nbsp;&nbsp;manualControl
</UL>

<P><STRONG><a name="[10c]"></a>putbuf2</STRONG> (Thumb, 90 bytes, Stack size 8 bytes, serie2.o(.text))
<BR><BR>[Stack]<UL><LI>Max Depth = 8<LI>Call Chain = putbuf2
</UL>
<BR>[Called By]<UL><LI><a href="#[10d]">&gt;&gt;</a>&nbsp;&nbsp;&nbsp;putString2
<LI><a href="#[af]">&gt;&gt;</a>&nbsp;&nbsp;&nbsp;_putchar2
</UL>

<P><STRONG><a name="[af]"></a>_putchar2</STRONG> (Thumb, 38 bytes, Stack size 12 bytes, serie2.o(.text))
<BR><BR>[Stack]<UL><LI>Max Depth = 20<LI>Call Chain = _putchar2 &rArr; putbuf2
</UL>
<BR>[Calls]<UL><LI><a href="#[10c]">&gt;&gt;</a>&nbsp;&nbsp;&nbsp;putbuf2
</UL>
<BR>[Called By]<UL><LI><a href="#[128]">&gt;&gt;</a>&nbsp;&nbsp;&nbsp;_ttywrch
<LI><a href="#[7f]">&gt;&gt;</a>&nbsp;&nbsp;&nbsp;fputc
<LI><a href="#[113]">&gt;&gt;</a>&nbsp;&nbsp;&nbsp;getAngleRef
<LI><a href="#[e7]">&gt;&gt;</a>&nbsp;&nbsp;&nbsp;sendPos
<LI><a href="#[e5]">&gt;&gt;</a>&nbsp;&nbsp;&nbsp;sendReport
<LI><a href="#[e3]">&gt;&gt;</a>&nbsp;&nbsp;&nbsp;USR_KEYBRD_ProcessData
<LI><a href="#[e0]">&gt;&gt;</a>&nbsp;&nbsp;&nbsp;USR_MOUSE_ProcessData
<LI><a href="#[11]">&gt;&gt;</a>&nbsp;&nbsp;&nbsp;USBH_USR_UserInput
<LI><a href="#[12]">&gt;&gt;</a>&nbsp;&nbsp;&nbsp;USBH_USR_DeviceNotSupported
<LI><a href="#[10]">&gt;&gt;</a>&nbsp;&nbsp;&nbsp;USBH_USR_EnumerationDone
<LI><a href="#[f]">&gt;&gt;</a>&nbsp;&nbsp;&nbsp;USBH_USR_SerialNum_String
<LI><a href="#[e]">&gt;&gt;</a>&nbsp;&nbsp;&nbsp;USBH_USR_Product_String
<LI><a href="#[d]">&gt;&gt;</a>&nbsp;&nbsp;&nbsp;USBH_USR_Manufacturer_String
<LI><a href="#[c]">&gt;&gt;</a>&nbsp;&nbsp;&nbsp;USBH_USR_Configuration_DescAvailable
<LI><a href="#[a]">&gt;&gt;</a>&nbsp;&nbsp;&nbsp;USBH_USR_Device_DescAvailable
<LI><a href="#[9]">&gt;&gt;</a>&nbsp;&nbsp;&nbsp;USBH_USR_DeviceSpeedDetected
<LI><a href="#[7]">&gt;&gt;</a>&nbsp;&nbsp;&nbsp;USBH_USR_DeviceDisconnected
<LI><a href="#[5]">&gt;&gt;</a>&nbsp;&nbsp;&nbsp;USBH_USR_DeviceAttached
<LI><a href="#[bc]">&gt;&gt;</a>&nbsp;&nbsp;&nbsp;promptInput
<LI><a href="#[2f]">&gt;&gt;</a>&nbsp;&nbsp;&nbsp;EXTI0_IRQHandler
<LI><a href="#[a7]">&gt;&gt;</a>&nbsp;&nbsp;&nbsp;main
<LI><a href="#[b1]">&gt;&gt;</a>&nbsp;&nbsp;&nbsp;init
<LI><a href="#[ad]">&gt;&gt;</a>&nbsp;&nbsp;&nbsp;sensorAlert
<LI><a href="#[12c]">&gt;&gt;</a>&nbsp;&nbsp;&nbsp;printPIDSettings
</UL>

<P><STRONG><a name="[10d]"></a>putString2</STRONG> (Thumb, 54 bytes, Stack size 16 bytes, serie2.o(.text), UNUSED)
<BR><BR>[Calls]<UL><LI><a href="#[10c]">&gt;&gt;</a>&nbsp;&nbsp;&nbsp;putbuf2
</UL>

<P><STRONG><a name="[4f]"></a>USART2_IRQHandler</STRONG> (Thumb, 138 bytes, Stack size 8 bytes, serie2.o(.text))
<BR><BR>[Stack]<UL><LI>Max Depth = 8<LI>Call Chain = USART2_IRQHandler
</UL>
<BR>[Address Reference Count : 1]<UL><LI> startup_stm32f4xx.o(RESET)
</UL>
[...]
</UL>

<P><STRONG><a name="[23a]"></a>_e2e</STRONG> (Thumb, 198 bytes, Stack size 24 bytes, btod.o(CL$$btod_e2e))
<BR><BR>[Stack]<UL><LI>Max Depth = 24<LI>Call Chain = _e2e
</UL>
<BR>[Called By]<UL><LI><a href="#[22b]">&gt;&gt;</a>&nbsp;&nbsp;&nbsp;_btod_emul
<LI><a href="#[22a]">&gt;&gt;</a>&nbsp;&nbsp;&nbsp;_btod_ediv
</UL>

<P><STRONG><a name="[22a]"></a>_btod_ediv</STRONG> (Thumb, 40 bytes, Stack size 24 bytes, btod.o(CL$$btod_ediv))
<BR><BR>[Stack]<UL><LI>Max Depth = 48<LI>Call Chain = _btod_ediv &rArr; _e2e
</UL>
<BR>[Calls]<UL><LI><a href="#[23a]">&gt;&gt;</a>&nbsp;&nbsp;&nbsp;_e2e
<LI><a href="#[239]">&gt;&gt;</a>&nbsp;&nbsp;&nbsp;__btod_div_common
</UL>
<BR>[Called By]<UL><LI><a href="#[228]">&gt;&gt;</a>&nbsp;&nbsp;&nbsp;_btod_etento
<LI><a href="#[227]">&gt;&gt;</a>&nbsp;&nbsp;&nbsp;_fp_digits
</UL>

<P><STRONG><a name="[22b]"></a>_btod_emul</STRONG> (Thumb, 40 bytes, Stack size 24 bytes, btod.o(CL$$btod_emul))
<BR><BR>[Stack]<UL><LI>Max Depth = 48<LI>Call Chain = _btod_emul &rArr; _e2e
</UL>
<BR>[Calls]<UL><LI><a href="#[23b]">&gt;&gt;</a>&nbsp;&nbsp;&nbsp;__btod_mult_common
<LI><a href="#[23a]">&gt;&gt;</a>&nbsp;&nbsp;&nbsp;_e2e
</UL>
<BR>[Called By]<UL><LI><a href="#[228]">&gt;&gt;</a>&nbsp;&nbsp;&nbsp;_btod_etento
<LI><a href="#[227]">&gt;&gt;</a>&nbsp;&nbsp;&nbsp;_fp_digits
</UL>

<P><STRONG><a name="[23b]"></a>__btod_mult_common</STRONG> (Thumb, 580 bytes, Stack size 16 bytes, btod.o(CL$$btod_mult_common))
<BR><BR>[Stack]<UL><LI>Max Depth = 16<LI>Call Chain = __btod_mult_common
</UL>
<BR>[Called By]<UL><LI><a href="#[22b]">&gt;&gt;</a>&nbsp;&nbsp;&nbsp;_btod_emul
</UL>

<P><STRONG><a name="[22d]"></a>__ARM_fpclassify</STRONG> (Thumb, 48 bytes, Stack size 8 bytes, fpclassify.o(i.__ARM_fpclassify))
<BR><BR>[Stack]<UL><LI>Max Depth = 8<LI>Call Chain = __ARM_fpclassify
</UL>
<BR>[Called By]<UL><LI><a href="#[22c]">&gt;&gt;</a>&nbsp;&nbsp;&nbsp;_printf_fp_dec_real
</UL>

<P><STRONG><a name="[23c]"></a>__ARM_fpclassifyf</STRONG> (Thumb, 38 bytes, Stack size 0 bytes, fpclassifyf.o(i.__ARM_fpclassifyf))
<BR><BR>[Called By]<UL><LI><a href="#[df]">&gt;&gt;</a>&nbsp;&nbsp;&nbsp;__hardfp_sinf
<LI><a href="#[112]">&gt;&gt;</a>&nbsp;&nbsp;&nbsp;__hardfp_atanf
</UL>

<P><STRONG><a name="[112]"></a>__hardfp_atanf</STRONG> (Thumb, 296 bytes, Stack size 16 bytes, atanf.o(i.__hardfp_atanf))
<BR><BR>[Stack]<UL><LI>Max Depth = 16<LI>Call Chain = __hardfp_atanf
</UL>
<BR>[Calls]<UL><LI><a href="#[23d]">&gt;&gt;</a>&nbsp;&nbsp;&nbsp;__mathlib_flt_underflow
<LI><a href="#[23e]">&gt;&gt;</a>&nbsp;&nbsp;&nbsp;__mathlib_flt_infnan
<LI><a href="#[23c]">&gt;&gt;</a>&nbsp;&nbsp;&nbsp;__ARM_fpclassifyf
</UL>
<BR>[Called By]<UL><LI><a href="#[111]">&gt;&gt;</a>&nbsp;&nbsp;&nbsp;correctAngle
</UL>

<P><STRONG><a name="[dd]"></a>__hardfp_cosf</STRONG> (Thumb, 280 bytes, Stack size 8 bytes, cosf.o(i.__hardfp_cosf))
<BR><BR>[Stack]<UL><LI>Max Depth = 28<LI>Call Chain = __hardfp_cosf &rArr; __mathlib_rredf2
</UL>
<BR>[Calls]<UL><LI><a href="#[23f]">&gt;&gt;</a>&nbsp;&nbsp;&nbsp;__mathlib_rredf2
<LI><a href="#[240]">&gt;&gt;</a>&nbsp;&nbsp;&nbsp;__mathlib_flt_invalid
<LI><a href="#[23e]">&gt;&gt;</a>&nbsp;&nbsp;&nbsp;__mathlib_flt_infnan
<LI><a href="#[226]">&gt;&gt;</a>&nbsp;&nbsp;&nbsp;__set_errno
</UL>
<BR>[Called By]<UL><LI><a href="#[e0]">&gt;&gt;</a>&nbsp;&nbsp;&nbsp;USR_MOUSE_ProcessData
<LI><a href="#[dc]">&gt;&gt;</a>&nbsp;&nbsp;&nbsp;getAxisMov
</UL>

<P><STRONG><a name="[df]"></a>__hardfp_sinf</STRONG> (Thumb, 344 bytes, Stack size 16 bytes, sinf.o(i.__hardfp_sinf))
<BR><BR>[Stack]<UL><LI>Max Depth = 36<LI>Call Chain = __hardfp_sinf &rArr; __mathlib_rredf2
</UL>
<BR>[Calls]<UL><LI><a href="#[23f]">&gt;&gt;</a>&nbsp;&nbsp;&nbsp;__mathlib_rredf2
<LI><a href="#[23d]">&gt;&gt;</a>&nbsp;&nbsp;&nbsp;__mathlib_flt_underflow
<LI><a href="#[240]">&gt;&gt;</a>&nbsp;&nbsp;&nbsp;__mathlib_flt_invalid
<LI><a href="#[23e]">&gt;&gt;</a>&nbsp;&nbsp;&nbsp;__mathlib_flt_infnan
<LI><a href="#[23c]">&gt;&gt;</a>&nbsp;&nbsp;&nbsp;__ARM_fpclassifyf
<LI><a href="#[226]">&gt;&gt;</a>&nbsp;&nbsp;&nbsp;__set_errno
</UL>
<BR>[Called By]<UL><LI><a href="#[e0]">&gt;&gt;</a>&nbsp;&nbsp;&nbsp;USR_MOUSE_ProcessData
<LI><a href="#[dc]">&gt;&gt;</a>&nbsp;&nbsp;&nbsp;getAxisMov
</UL>

<P><STRONG><a name="[110]"></a>__hardfp_sqrtf</STRONG> (Thumb, 58 bytes, Stack size 16 bytes, sqrtf.o(i.__hardfp_sqrtf))
<BR><BR>[Stack]<UL><LI>Max Depth = 24<LI>Call Chain = __hardfp_sqrtf &rArr; __set_errno
</UL>
<BR>[Calls]<UL><LI><a href="#[226]">&gt;&gt;</a>&nbsp;&nbsp;&nbsp;__set_errno
</UL>
<BR>[Called By]<UL><LI><a href="#[46]">&gt;&gt;</a>&nbsp;&nbsp;&nbsp;TIM3_IRQHandler
<LI><a href="#[10e]">&gt;&gt;</a>&nbsp;&nbsp;&nbsp;getDistRef
</UL>

<P><STRONG><a name="[23e]"></a>__mathlib_flt_infnan</STRONG> (Thumb, 6 bytes, Stack size 0 bytes, funder.o(i.__mathlib_flt_infnan))
<BR><BR>[Called By]<UL><LI><a href="#[df]">&gt;&gt;</a>&nbsp;&nbsp;&nbsp;__hardfp_sinf
<LI><a href="#[dd]">&gt;&gt;</a>&nbsp;&nbsp;&nbsp;__hardfp_cosf
<LI><a href="#[112]">&gt;&gt;</a>&nbsp;&nbsp;&nbsp;__hardfp_atanf
</UL>

<P><STRONG><a name="[240]"></a>__mathlib_flt_invalid</STRONG> (Thumb, 10 bytes, Stack size 0 bytes, funder.o(i.__mathlib_flt_invalid))
<BR><BR>[Called By]<UL><LI><a href="#[df]">&gt;&gt;</a>&nbsp;&nbsp;&nbsp;__hardfp_sinf
<LI><a href="#[dd]">&gt;&gt;</a>&nbsp;&nbsp;&nbsp;__hardfp_cosf
</UL>

<P><STRONG><a name="[23d]"></a>__mathlib_flt_underflow</STRONG> (Thumb, 10 bytes, Stack size 0 bytes, funder.o(i.__mathlib_flt_underflow))
<BR><BR>[Called By]<UL><LI><a href="#[df]">&gt;&gt;</a>&nbsp;&nbsp;&nbsp;__hardfp_sinf
<LI><a href="#[112]">&gt;&gt;</a>&nbsp;&nbsp;&nbsp;__hardfp_atanf
</UL>

<P><STRONG><a name="[23f]"></a>__mathlib_rredf2</STRONG> (Thumb, 316 bytes, Stack size 20 bytes, rredf.o(i.__mathlib_rredf2))
<BR><BR>[Stack]<UL><LI>Max Depth = 20<LI>Call Chain = __mathlib_rredf2
</UL>
<BR>[Called By]<UL><LI><a href="#[df]">&gt;&gt;</a>&nbsp;&nbsp;&nbsp;__hardfp_sinf
<LI><a href="#[dd]">&gt;&gt;</a>&nbsp;&nbsp;&nbsp;__hardfp_cosf
</UL>

<P><STRONG><a name="[21e]"></a>_is_digit</STRONG> (Thumb, 14 bytes, Stack size 0 bytes, __printf_wp.o(i._is_digit))
<BR><BR>[Called By]<UL><LI><a href="#[21d]">&gt;&gt;</a>&nbsp;&nbsp;&nbsp;__printf
</UL>

<P><STRONG><a name="[a1]"></a>_get_lc_numeric</STRONG> (Thumb, 44 bytes, Stack size 8 bytes, lc_numeric_c.o(locale$$code))
<BR><BR>[Stack]<UL><LI>Max Depth = 8<LI>Call Chain = _get_lc_numeric
</UL>
<BR>[Calls]<UL><LI><a href="#[11b]">&gt;&gt;</a>&nbsp;&nbsp;&nbsp;strcmp
</UL>
<BR>[Called By]<UL><LI><a href="#[a0]">&gt;&gt;</a>&nbsp;&nbsp;&nbsp;__rt_lib_init_lc_numeric_2
</UL>

<P><STRONG><a name="[83]"></a>_get_lc_ctype</STRONG> (Thumb, 44 bytes, Stack size 8 bytes, lc_ctype_c.o(locale$$code))
<BR><BR>[Stack]<UL><LI>Max Depth = 8<LI>Call Chain = _get_lc_ctype
</UL>
<BR>[Calls]<UL><LI><a href="#[11b]">&gt;&gt;</a>&nbsp;&nbsp;&nbsp;strcmp
</UL>
<BR>[Called By]<UL><LI><a href="#[9f]">&gt;&gt;</a>&nbsp;&nbsp;&nbsp;__rt_lib_init_lc_ctype_2
</UL>
<BR>[Address Reference Count : 1]<UL><LI> rt_ctype_table.o(.text)
</UL>
<P><STRONG><a name="[243]"></a>__fpl_dretinf</STRONG> (Thumb, 12 bytes, Stack size 0 bytes, dretinf.o(x$fpl$dretinf), UNUSED)
<BR><BR>[Called By]<UL><LI><a href="#[241]">&gt;&gt;</a>&nbsp;&nbsp;&nbsp;_f2d
</UL>

<P><STRONG><a name="[e6]"></a>__aeabi_f2d</STRONG> (Thumb, 0 bytes, Stack size 16 bytes, f2d.o(x$fpl$f2d))
<BR><BR>[Stack]<UL><LI>Max Depth = 16<LI>Call Chain = __aeabi_f2d
</UL>
<BR>[Called By]<UL><LI><a href="#[113]">&gt;&gt;</a>&nbsp;&nbsp;&nbsp;getAngleRef
<LI><a href="#[e5]">&gt;&gt;</a>&nbsp;&nbsp;&nbsp;sendReport
<LI><a href="#[12c]">&gt;&gt;</a>&nbsp;&nbsp;&nbsp;printPIDSettings
</UL>

<P><STRONG><a name="[241]"></a>_f2d</STRONG> (Thumb, 86 bytes, Stack size 16 bytes, f2d.o(x$fpl$f2d), UNUSED)
<BR><BR>[Calls]<UL><LI><a href="#[242]">&gt;&gt;</a>&nbsp;&nbsp;&nbsp;__fpl_fnaninf
<LI><a href="#[243]">&gt;&gt;</a>&nbsp;&nbsp;&nbsp;__fpl_dretinf
</UL>

<P><STRONG><a name="[29a]"></a>__aeabi_ul2f</STRONG> (Thumb, 0 bytes, Stack size 0 bytes, ffltll_clz.o(x$fpl$ffltll), UNUSED)

<P><STRONG><a name="[29b]"></a>_ll_uto_f</STRONG> (Thumb, 6 bytes, Stack size 0 bytes, ffltll_clz.o(x$fpl$ffltll), UNUSED)

<P><STRONG><a name="[10f]"></a>__aeabi_l2f</STRONG> (Thumb, 0 bytes, Stack size 0 bytes, ffltll_clz.o(x$fpl$ffltll))
<BR><BR>[Called By]<UL><LI><a href="#[114]">&gt;&gt;</a>&nbsp;&nbsp;&nbsp;pid_algor
<LI><a href="#[46]">&gt;&gt;</a>&nbsp;&nbsp;&nbsp;TIM3_IRQHandler
<LI><a href="#[111]">&gt;&gt;</a>&nbsp;&nbsp;&nbsp;correctAngle
<LI><a href="#[10e]">&gt;&gt;</a>&nbsp;&nbsp;&nbsp;getDistRef
</UL>

<P><STRONG><a name="[29c]"></a>_ll_sto_f</STRONG> (Thumb, 90 bytes, Stack size 0 bytes, ffltll_clz.o(x$fpl$ffltll), UNUSED)

<P><STRONG><a name="[242]"></a>__fpl_fnaninf</STRONG> (Thumb, 140 bytes, Stack size 8 bytes, fnaninf.o(x$fpl$fnaninf), UNUSED)
<BR><BR>[Called By]<UL><LI><a href="#[244]">&gt;&gt;</a>&nbsp;&nbsp;&nbsp;_ll_sfrom_f
<LI><a href="#[241]">&gt;&gt;</a>&nbsp;&nbsp;&nbsp;_f2d
</UL>

<P><STRONG><a name="[9c]"></a>_fp_init</STRONG> (Thumb, 10 bytes, Stack size 0 bytes, fpinit.o(x$fpl$fpinit))
<BR><BR>[Called By]<UL><LI><a href="#[9b]">&gt;&gt;</a>&nbsp;&nbsp;&nbsp;__rt_lib_init_fp_1
</UL>

<P><STRONG><a name="[29d]"></a>__fplib_config_fpu_vfp</STRONG> (Thumb, 0 bytes, Stack size unknown bytes, fpinit.o(x$fpl$fpinit), UNUSED)

<P><STRONG><a name="[29e]"></a>__fplib_config_pureend_doubles</STRONG> (Thumb, 0 bytes, Stack size unknown bytes, fpinit.o(x$fpl$fpinit), UNUSED)

<P><STRONG><a name="[de]"></a>__aeabi_f2lz</STRONG> (Thumb, 0 bytes, Stack size 16 bytes, ffixll.o(x$fpl$llsfromf))
<BR><BR>[Stack]<UL><LI>Max Depth = 16<LI>Call Chain = __aeabi_f2lz
</UL>
<BR>[Called By]<UL><LI><a href="#[46]">&gt;&gt;</a>&nbsp;&nbsp;&nbsp;TIM3_IRQHandler
<LI><a href="#[113]">&gt;&gt;</a>&nbsp;&nbsp;&nbsp;getAngleRef
<LI><a href="#[10e]">&gt;&gt;</a>&nbsp;&nbsp;&nbsp;getDistRef
<LI><a href="#[e0]">&gt;&gt;</a>&nbsp;&nbsp;&nbsp;USR_MOUSE_ProcessData
<LI><a href="#[dc]">&gt;&gt;</a>&nbsp;&nbsp;&nbsp;getAxisMov
<LI><a href="#[bb]">&gt;&gt;</a>&nbsp;&nbsp;&nbsp;updateCarStatus
</UL>

<P><STRONG><a name="[244]"></a>_ll_sfrom_f</STRONG> (Thumb, 134 bytes, Stack size 16 bytes, ffixll.o(x$fpl$llsfromf), UNUSED)
<BR><BR>[Calls]<UL><LI><a href="#[242]">&gt;&gt;</a>&nbsp;&nbsp;&nbsp;__fpl_fnaninf
</UL>

<P><STRONG><a name="[90]"></a>_printf_fp_dec</STRONG> (Thumb, 4 bytes, Stack size 0 bytes, printf1.o(x$fpl$printf1))
<BR><BR>[Stack]<UL><LI>Max Depth = 320<LI>Call Chain = _printf_fp_dec &rArr; _printf_fp_dec_real &rArr; _fp_digits &rArr; _btod_etento &rArr; _btod_emul &rArr; _e2e
</UL>
<BR>[Calls]<UL><LI><a href="#[22c]">&gt;&gt;</a>&nbsp;&nbsp;&nbsp;_printf_fp_dec_real
</UL>
<BR>[Called By]<UL><LI><a href="#[8f]">&gt;&gt;</a>&nbsp;&nbsp;&nbsp;_printf_f
</UL>
<P>
<H3>
Local Symbols
</H3>
<P><STRONG><a name="[212]"></a>USB_OTG_USBH_handle_IncompletePeriodicXfer_ISR</STRONG> (Thumb, 72 bytes, Stack size 8 bytes, usb_hcd_int.o(.text))
<BR><BR>[Stack]<UL><LI>Max Depth = 8<LI>Call Chain = USB_OTG_USBH_handle_IncompletePeriodicXfer_ISR
</UL>
<BR>[Called By]<UL><LI><a href="#[12e]">&gt;&gt;</a>&nbsp;&nbsp;&nbsp;USBH_OTG_ISR_Handler
</UL>

<P><STRONG><a name="[211]"></a>USB_OTG_USBH_handle_Disconnect_ISR</STRONG> (Thumb, 40 bytes, Stack size 16 bytes, usb_hcd_int.o(.text))
<BR><BR>[Stack]<UL><LI>Max Depth = 16<LI>Call Chain = USB_OTG_USBH_handle_Disconnect_ISR
</UL>
<BR>[Called By]<UL><LI><a href="#[12e]">&gt;&gt;</a>&nbsp;&nbsp;&nbsp;USBH_OTG_ISR_Handler
</UL>

<P><STRONG><a name="[201]"></a>USB_OTG_USBH_handle_port_ISR</STRONG> (Thumb, 286 bytes, Stack size 32 bytes, usb_hcd_int.o(.text))
<BR><BR>[Stack]<UL><LI>Max Depth = 112<LI>Call Chain = USB_OTG_USBH_handle_port_ISR &rArr; USB_OTG_ResetPort &rArr; USB_OTG_BSP_mDelay &rArr; TIM_TimeBaseInit
</UL>
<BR>[Calls]<UL><LI><a href="#[202]">&gt;&gt;</a>&nbsp;&nbsp;&nbsp;USB_OTG_InitFSLSPClkSel
<LI><a href="#[1f9]">&gt;&gt;</a>&nbsp;&nbsp;&nbsp;USB_OTG_ResetPort
</UL>
<BR>[Called By]<UL><LI><a href="#[12e]">&gt;&gt;</a>&nbsp;&nbsp;&nbsp;USBH_OTG_ISR_Handler
</UL>

<P><STRONG><a name="[203]"></a>USB_OTG_USBH_handle_hc_n_Out_ISR</STRONG> (Thumb, 1006 bytes, Stack size 32 bytes, usb_hcd_int.o(.text))
<BR><BR>[Stack]<UL><LI>Max Depth = 32<LI>Call Chain = USB_OTG_USBH_handle_hc_n_Out_ISR
</UL>
<BR>[Calls]<UL><LI><a href="#[205]">&gt;&gt;</a>&nbsp;&nbsp;&nbsp;USB_OTG_HC_DoPing
<LI><a href="#[204]">&gt;&gt;</a>&nbsp;&nbsp;&nbsp;USB_OTG_HC_Halt
</UL>
<BR>[Called By]<UL><LI><a href="#[207]">&gt;&gt;</a>&nbsp;&nbsp;&nbsp;USB_OTG_USBH_handle_hc_ISR
</UL>

<P><STRONG><a name="[206]"></a>USB_OTG_USBH_handle_hc_n_In_ISR</STRONG> (Thumb, 1074 bytes, Stack size 40 bytes, usb_hcd_int.o(.text))
<BR><BR>[Stack]<UL><LI>Max Depth = 40<LI>Call Chain = USB_OTG_USBH_handle_hc_n_In_ISR
</UL>
<BR>[Calls]<UL><LI><a href="#[204]">&gt;&gt;</a>&nbsp;&nbsp;&nbsp;USB_OTG_HC_Halt
</UL>
<BR>[Called By]<UL><LI><a href="#[207]">&gt;&gt;</a>&nbsp;&nbsp;&nbsp;USB_OTG_USBH_handle_hc_ISR
</UL>

<P><STRONG><a name="[207]"></a>USB_OTG_USBH_handle_hc_ISR</STRONG> (Thumb, 90 bytes, Stack size 24 bytes, usb_hcd_int.o(.text))
<BR><BR>[Stack]<UL><LI>Max Depth = 64<LI>Call Chain = USB_OTG_USBH_handle_hc_ISR &rArr; USB_OTG_USBH_handle_hc_n_In_ISR
</UL>
<BR>[Calls]<UL><LI><a href="#[206]">&gt;&gt;</a>&nbsp;&nbsp;&nbsp;USB_OTG_USBH_handle_hc_n_In_ISR
<LI><a href="#[203]">&gt;&gt;</a>&nbsp;&nbsp;&nbsp;USB_OTG_USBH_handle_hc_n_Out_ISR
<LI><a href="#[208]">&gt;&gt;</a>&nbsp;&nbsp;&nbsp;USB_OTG_ReadHostAllChannels_intr
</UL>
<BR>[Called By]<UL><LI><a href="#[12e]">&gt;&gt;</a>&nbsp;&nbsp;&nbsp;USBH_OTG_ISR_Handler
</UL>

<P><STRONG><a name="[209]"></a>USB_OTG_USBH_handle_ptxfempty_ISR</STRONG> (Thumb, 288 bytes, Stack size 32 bytes, usb_hcd_int.o(.text))
<BR><BR>[Stack]<UL><LI>Max Depth = 36<LI>Call Chain = USB_OTG_USBH_handle_ptxfempty_ISR &rArr; USB_OTG_WritePacket
</UL>
<BR>[Calls]<UL><LI><a href="#[20a]">&gt;&gt;</a>&nbsp;&nbsp;&nbsp;USB_OTG_WritePacket
</UL>
<BR>[Called By]<UL><LI><a href="#[12e]">&gt;&gt;</a>&nbsp;&nbsp;&nbsp;USBH_OTG_ISR_Handler
</UL>

<P><STRONG><a name="[20b]"></a>USB_OTG_USBH_handle_nptxfempty_ISR</STRONG> (Thumb, 286 bytes, Stack size 32 bytes, usb_hcd_int.o(.text))
<BR><BR>[Stack]<UL><LI>Max Depth = 36<LI>Call Chain = USB_OTG_USBH_handle_nptxfempty_ISR &rArr; USB_OTG_WritePacket
</UL>
<BR>[Calls]<UL><LI><a href="#[20a]">&gt;&gt;</a>&nbsp;&nbsp;&nbsp;USB_OTG_WritePacket
</UL>
<BR>[Called By]<UL><LI><a href="#[12e]">&gt;&gt;</a>&nbsp;&nbsp;&nbsp;USBH_OTG_ISR_Handler
</UL>

<P><STRONG><a name="[20c]"></a>USB_OTG_USBH_handle_rx_qlvl_ISR</STRONG> (Thumb, 350 bytes, Stack size 32 bytes, usb_hcd_int.o(.text))
<BR><BR>[Stack]<UL><LI>Max Depth = 32<LI>Call Chain = USB_OTG_USBH_handle_rx_qlvl_ISR
</UL>
<BR>[Calls]<UL><LI><a href="#[20d]">&gt;&gt;</a>&nbsp;&nbsp;&nbsp;USB_OTG_ReadPacket
</UL>
<BR>[Called By]<UL><LI><a href="#[12e]">&gt;&gt;</a>&nbsp;&nbsp;&nbsp;USBH_OTG_ISR_Handler
</UL>

<P><STRONG><a name="[210]"></a>USB_OTG_USBH_handle_sof_ISR</STRONG> (Thumb, 38 bytes, Stack size 16 bytes, usb_hcd_int.o(.text))
<BR><BR>[Stack]<UL><LI>Max Depth = 16<LI>Call Chain = USB_OTG_USBH_handle_sof_ISR
</UL>
<BR>[Called By]<UL><LI><a href="#[12e]">&gt;&gt;</a>&nbsp;&nbsp;&nbsp;USBH_OTG_ISR_Handler
</UL>

<P><STRONG><a name="[17]"></a>USBH_HID_InterfaceInit</STRONG> (Thumb, 250 bytes, Stack size 40 bytes, usbh_hid_core.o(.text))
<BR><BR>[Stack]<UL><LI>Max Depth = 80<LI>Call Chain = USBH_HID_InterfaceInit &rArr; USBH_Open_Channel &rArr; USB_OTG_HC_Init
</UL>
<BR>[Calls]<UL><LI><a href="#[1e0]">&gt;&gt;</a>&nbsp;&nbsp;&nbsp;USBH_Open_Channel
<LI><a href="#[1dd]">&gt;&gt;</a>&nbsp;&nbsp;&nbsp;USBH_Alloc_Channel
</UL>
<BR>[Address Reference Count : 1]<UL><LI> usbh_hid_core.o(.data)
</UL>
<P><STRONG><a name="[18]"></a>USBH_HID_InterfaceDeInit</STRONG> (Thumb, 64 bytes, Stack size 16 bytes, usbh_hid_core.o(.text))
<BR><BR>[Stack]<UL><LI>Max Depth = 16<LI>Call Chain = USBH_HID_InterfaceDeInit
</UL>
<BR>[Calls]<UL><LI><a href="#[204]">&gt;&gt;</a>&nbsp;&nbsp;&nbsp;USB_OTG_HC_Halt
<LI><a href="#[1d4]">&gt;&gt;</a>&nbsp;&nbsp;&nbsp;USBH_Free_Channel
</UL>
<BR>[Address Reference Count : 1]<UL><LI> usbh_hid_core.o(.data)
</UL>
<P><STRONG><a name="[19]"></a>USBH_HID_ClassRequest</STRONG> (Thumb, 250 bytes, Stack size 32 bytes, usbh_hid_core.o(.text))
<BR><BR>[Stack]<UL><LI>Max Depth = 44<LI>Call Chain = USBH_HID_ClassRequest &rArr; USBH_GetDescriptor &rArr; USBH_CtlReq
</UL>
<BR>[Calls]<UL><LI><a href="#[1f0]">&gt;&gt;</a>&nbsp;&nbsp;&nbsp;USBH_GetDescriptor
<LI><a href="#[1f1]">&gt;&gt;</a>&nbsp;&nbsp;&nbsp;USBH_CtlReq
</UL>
<BR>[Address Reference Count : 1]<UL><LI> usbh_hid_core.o(.data)
</UL>
<P><STRONG><a name="[1a]"></a>USBH_HID_Handle</STRONG> (Thumb, 196 bytes, Stack size 32 bytes, usbh_hid_core.o(.text))
<BR><BR>[Stack]<UL><LI>Max Depth = 52<LI>Call Chain = USBH_HID_Handle &rArr; USBH_InterruptReceiveData &rArr; HCD_SubmitRequest &rArr; USB_OTG_HC_StartXfer
</UL>
<BR>[Calls]<UL><LI><a href="#[213]">&gt;&gt;</a>&nbsp;&nbsp;&nbsp;USB_OTG_IsEvenFrame
<LI><a href="#[1f3]">&gt;&gt;</a>&nbsp;&nbsp;&nbsp;USBH_ClrFeature
<LI><a href="#[1ec]">&gt;&gt;</a>&nbsp;&nbsp;&nbsp;USBH_InterruptReceiveData
<LI><a href="#[1d8]">&gt;&gt;</a>&nbsp;&nbsp;&nbsp;HCD_GetURB_State
<LI><a href="#[1d9]">&gt;&gt;</a>&nbsp;&nbsp;&nbsp;HCD_GetCurrentFrame
</UL>
<BR>[Address Reference Count : 1]<UL><LI> usbh_hid_core.o(.data)
</UL>
<P><STRONG><a name="[1b]"></a>KEYBRD_Init</STRONG> (Thumb, 4 bytes, Stack size 0 bytes, usbh_hid_keybd.o(.text))
<BR><BR>[Calls]<UL><LI><a href="#[215]">&gt;&gt;</a>&nbsp;&nbsp;&nbsp;USR_KEYBRD_Init
</UL>
<BR>[Address Reference Count : 1]<UL><LI> usbh_hid_keybd.o(.data)
</UL>
<P><STRONG><a name="[1c]"></a>KEYBRD_Decode</STRONG> (Thumb, 226 bytes, Stack size 32 bytes, usbh_hid_keybd.o(.text))
<BR><BR>[Stack]<UL><LI>Max Depth = 184 + Unknown Stack Size
<LI>Call Chain = KEYBRD_Decode &rArr; USR_KEYBRD_ProcessData &rArr; __2printf &rArr; _printf_char_file &rArr; _printf_char_common &rArr; __printf
</UL>
<BR>[Calls]<UL><LI><a href="#[e3]">&gt;&gt;</a>&nbsp;&nbsp;&nbsp;USR_KEYBRD_ProcessData
</UL>
<BR>[Address Reference Count : 1]<UL><LI> usbh_hid_keybd.o(.data)
</UL>
<P><STRONG><a name="[1d]"></a>MOUSE_Init</STRONG> (Thumb, 4 bytes, Stack size 0 bytes, usbh_hid_mouse.o(.text))
<BR><BR>[Calls]<UL><LI><a href="#[216]">&gt;&gt;</a>&nbsp;&nbsp;&nbsp;USR_MOUSE_Init
</UL>
<BR>[Address Reference Count : 1]<UL><LI> usbh_hid_mouse.o(.data)
</UL>
<P><STRONG><a name="[1e]"></a>MOUSE_Decode</STRONG> (Thumb, 20 bytes, Stack size 0 bytes, usbh_hid_mouse.o(.text))
<BR><BR>[Stack]<UL><LI>Max Depth = 192 + Unknown Stack Size
<LI>Call Chain = MOUSE_Decode &rArr; USR_MOUSE_ProcessData &rArr; __2printf &rArr; _printf_char_file &rArr; _printf_char_common &rArr; __printf
</UL>
<BR>[Calls]<UL><LI><a href="#[e0]">&gt;&gt;</a>&nbsp;&nbsp;&nbsp;USR_MOUSE_ProcessData
</UL>
<BR>[Address Reference Count : 1]<UL><LI> usbh_hid_mouse.o(.data)
</UL>
<P><STRONG><a name="[227]"></a>_fp_digits</STRONG> (Thumb, 428 bytes, Stack size 96 bytes, _printf_fp_dec.o(.text))
<BR><BR>[Stack]<UL><LI>Max Depth = 216<LI>Call Chain = _fp_digits &rArr; _btod_etento &rArr; _btod_emul &rArr; _e2e
</UL>
<BR>[Calls]<UL><LI><a href="#[22b]">&gt;&gt;</a>&nbsp;&nbsp;&nbsp;_btod_emul
<LI><a href="#[22a]">&gt;&gt;</a>&nbsp;&nbsp;&nbsp;_btod_ediv
<LI><a href="#[229]">&gt;&gt;</a>&nbsp;&nbsp;&nbsp;_btod_d2e
<LI><a href="#[228]">&gt;&gt;</a>&nbsp;&nbsp;&nbsp;_btod_etento
<LI><a href="#[21c]">&gt;&gt;</a>&nbsp;&nbsp;&nbsp;_ll_udiv10
</UL>
<BR>[Called By]<UL><LI><a href="#[22c]">&gt;&gt;</a>&nbsp;&nbsp;&nbsp;_printf_fp_dec_real
</UL>

<P><STRONG><a name="[80]"></a>_scanf_char_input</STRONG> (Thumb, 12 bytes, Stack size 0 bytes, scanf_char.o(.text))
<BR>[Address Reference Count : 1]<UL><LI> scanf_char.o(.text)
</UL>
<P><STRONG><a name="[82]"></a>_printf_input_char</STRONG> (Thumb, 10 bytes, Stack size 0 bytes, _printf_char_common.o(.text))
<BR>[Address Reference Count : 1]<UL><LI> _printf_char_common.o(.text)
</UL><P>
<H3>
Undefined Global Symbols
</H3><HR></body></html>
