Component: ARM Compiler 5.05 update 1 (build 106) Tool: armlink [4d0efa]

==============================================================================

Section Cross References

    main.o(.text) refers to _printf_percent.o(.ARM.Collect$$_printf_percent$$00000000) for _printf_percent
    main.o(.text) refers to _printf_c.o(.ARM.Collect$$_printf_percent$$00000013) for _printf_c
    main.o(.text) refers to _printf_str.o(.text) for _printf_str
    main.o(.text) refers to _printf_s.o(.ARM.Collect$$_printf_percent$$00000014) for _printf_s
    main.o(.text) refers to car.o(.text) for CHCKSTAT
    main.o(.text) refers to serie2.o(.text) for _putchar2
    main.o(.text) refers to noretval__2printf.o(.text) for __2printf
    main.o(.text) refers to stm32f4xx_rcc.o(.text) for RCC_GetClocksFreq
    main.o(.text) refers to usbh_core.o(.text) for USBH_Init
    main.o(.text) refers to esp8266.o(.text) for ESPinit
    main.o(.text) refers to joystick.o(.text) for joyStickInit
    main.o(.text) refers to general.o(.text) for generalInit
    main.o(.text) refers to interface.o(.text) for promptInput
    main.o(.text) refers to strcpy.o(.text) for strcpy
    main.o(.text) refers to stm32f4xx_exti.o(.text) for EXTI_GetITStatus
    main.o(.text) refers to main.o(.data) for TimingDelay
    main.o(.text) refers to usbh_usr.o(.data) for USR_Callbacks
    main.o(.text) refers to usbh_hid_core.o(.data) for HID_cb
    main.o(.text) refers to main.o(.bss) for USB_Host
    main.o(.text) refers to serie2.o(.data) for istart2
    main.o(.text) refers to interface.o(.constdata) for commandVec
    usb_bsp.o(.text) refers to misc.o(.text) for NVIC_SetVectorTable
    usb_bsp.o(.text) refers to stm32f4xx_rcc.o(.text) for RCC_APB1PeriphClockCmd
    usb_bsp.o(.text) refers to stm32f4xx_gpio.o(.text) for GPIO_Init
    usb_bsp.o(.text) refers to stm32f4xx_tim_1.o(.text) for TIM_Cmd
    usb_bsp.o(.text) refers to usb_bsp.o(.data) for BSP_delay
    usbh_usr.o(.text) refers to _printf_percent.o(.ARM.Collect$$_printf_percent$$00000000) for _printf_percent
    usbh_usr.o(.text) refers to _printf_s.o(.ARM.Collect$$_printf_percent$$00000014) for _printf_s
    usbh_usr.o(.text) refers to _printf_str.o(.text) for _printf_str
    usbh_usr.o(.text) refers to _printf_pad.o(.text) for _printf_pre_padding
    usbh_usr.o(.text) refers to _printf_x.o(.ARM.Collect$$_printf_percent$$0000000C) for _printf_x
    usbh_usr.o(.text) refers to _printf_hex_int.o(.text) for _printf_longlong_hex
    usbh_usr.o(.text) refers to _printf_lld.o(.ARM.Collect$$_printf_percent$$0000000E) for _printf_lld
    usbh_usr.o(.text) refers to _printf_longlong_dec.o(.text) for _printf_longlong_dec
    usbh_usr.o(.text) refers to _printf_f.o(.ARM.Collect$$_printf_percent$$00000003) for _printf_f
    usbh_usr.o(.text) refers to printf1.o(x$fpl$printf1) for _printf_fp_dec
    usbh_usr.o(.text) refers to serie2.o(.text) for _putchar2
    usbh_usr.o(.text) refers to noretval__2printf.o(.text) for __2printf
    usbh_usr.o(.text) refers to cosf.o(i.__hardfp_cosf) for __hardfp_cosf
    usbh_usr.o(.text) refers to ffixll.o(x$fpl$llsfromf) for __aeabi_f2lz
    usbh_usr.o(.text) refers to sinf.o(i.__hardfp_sinf) for __hardfp_sinf
    usbh_usr.o(.text) refers to usbh_usr.o(.constdata) for MSG_DEV_HIGHSPEED
    usbh_usr.o(.text) refers to usbh_usr.o(.bss) for mouz
    usbh_usr.o(.text) refers to f2d.o(x$fpl$f2d) for __aeabi_f2d
    usbh_usr.o(.data) refers to usbh_usr.o(.text) for USBH_USR_Init
    car.o(.text) refers to _printf_pad.o(.text) for _printf_pre_padding
    car.o(.text) refers to _printf_percent.o(.ARM.Collect$$_printf_percent$$00000000) for _printf_percent
    car.o(.text) refers to _printf_lld.o(.ARM.Collect$$_printf_percent$$0000000E) for _printf_lld
    car.o(.text) refers to _printf_x.o(.ARM.Collect$$_printf_percent$$0000000C) for _printf_x
    car.o(.text) refers to _printf_f.o(.ARM.Collect$$_printf_percent$$00000003) for _printf_f
    car.o(.text) refers to _printf_longlong_dec.o(.text) for _printf_longlong_dec
    car.o(.text) refers to _printf_hex_int.o(.text) for _printf_longlong_hex
    car.o(.text) refers to printf1.o(x$fpl$printf1) for _printf_fp_dec
    car.o(.text) refers to accelerometer.o(.text) for updateAccel
    car.o(.text) refers to ffixll.o(x$fpl$llsfromf) for __aeabi_f2lz
    car.o(.text) refers to serie2.o(.text) for _putchar2
    car.o(.text) refers to f2d.o(x$fpl$f2d) for __aeabi_f2d
    car.o(.text) refers to noretval__2printf.o(.text) for __2printf
    car.o(.text) refers to stm32f4xx_tim_1.o(.text) for TIM_GetITStatus
    car.o(.text) refers to steering.o(.text) for initSteering
    car.o(.text) refers to irsensors.o(.text) for IRinit
    car.o(.text) refers to motorcontrol.o(.text) for initMotorControl
    car.o(.text) refers to accelerometer.o(.data) for accel
    car.o(.text) refers to steering.o(.bss) for angle
    car.o(.text) refers to car.o(.conststring) for .conststring
    car.o(.text) refers to motorcontrol.o(.bss) for orient
[...]
    initHorn                                 0x08001139   Thumb Code     2  car.o(.text)
    playHorn                                 0x0800113b   Thumb Code     2  car.o(.text)
    TIM5_IRQHandler                          0x0800113d   Thumb Code    22  car.o(.text)
    carInit                                  0x08001153   Thumb Code    70  car.o(.text)
    CHCKSTAT                                 0x08001199   Thumb Code    44  car.o(.text)
    SPI_send                                 0x08001205   Thumb Code   108  accelerometer.o(.text)
    accelInit                                0x08001271   Thumb Code   264  accelerometer.o(.text)
    SPI_read                                 0x08001379   Thumb Code   112  accelerometer.o(.text)
    updateAccel                              0x080013e9   Thumb Code    94  accelerometer.o(.text)
    button_setup                             0x08001459   Thumb Code   108  general.o(.text)
    generalInit                              0x080014c5   Thumb Code    12  general.o(.text)
    IRinit                                   0x080014d5   Thumb Code    46  irsensors.o(.text)
    initLeds                                 0x08001509   Thumb Code    48  ledring.o(.text)
    timPulse                                 0x0800153d   Thumb Code    18  motorcontrol.o(.text)
    setPWMLeftB                              0x0800154f   Thumb Code    46  motorcontrol.o(.text)
    setPWMRightB                             0x0800157d   Thumb Code    46  motorcontrol.o(.text)
    setPWMLeftF                              0x080015ab   Thumb Code    46  motorcontrol.o(.text)
    setPWMRightF                             0x080015d9   Thumb Code    46  motorcontrol.o(.text)
    InitializeLEDs                           0x08001607   Thumb Code    82  motorcontrol.o(.text)
    InitializePWMChannel                     0x08001659   Thumb Code    24  motorcontrol.o(.text)
    InitializeTimer                          0x08001671   Thumb Code    48  motorcontrol.o(.text)
    initMotorControl                         0x080016a1   Thumb Code    48  motorcontrol.o(.text)
    goForward                                0x080016d1   Thumb Code    30  motorcontrol.o(.text)
    turn                                     0x080016ef   Thumb Code    94  motorcontrol.o(.text)
    uart2_init                               0x08001761   Thumb Code   192  serie2.o(.text)
    _getkey2                                 0x08001821   Thumb Code    66  serie2.o(.text)
    putbuf2                                  0x08001863   Thumb Code   116  serie2.o(.text)
    _putchar2                                0x080018d7   Thumb Code    44  serie2.o(.text)
    putString2                               0x08001903   Thumb Code    22  serie2.o(.text)
    USART2_IRQHandler                        0x08001919   Thumb Code   158  serie2.o(.text)
    pid_algor                                0x080019e5   Thumb Code   282  steering.o(.text)
    correctAngle                             0x08001aff   Thumb Code   262  steering.o(.text)
    getAngleRef                              0x08001c05   Thumb Code   162  steering.o(.text)
    TIM3_IRQHandler                          0x08001ca7   Thumb Code    70  steering.o(.text)
    initPID                                  0x08001ced   Thumb Code   122  steering.o(.text)
    initSteering                             0x08001d67   Thumb Code    28  steering.o(.text)
    PID_configTimer                          0x08001d83   Thumb Code    96  steering.o(.text)
    commitParam                              0x08001de3   Thumb Code   104  steering.o(.text)
    addPoint                                 0x08001e4b   Thumb Code    70  steering.o(.text)
    loadRoute                                0x08001e91   Thumb Code    60  steering.o(.text)
    switchCurrentPoint                       0x08001ecd   Thumb Code    26  steering.o(.text)
    getDistRef                               0x08001ee7   Thumb Code   232  steering.o(.text)
    startPID                                 0x08001fcf   Thumb Code    28  steering.o(.text)
    pidF                                     0x08001feb   Thumb Code     8  steering.o(.text)
    stopPID                                  0x08001ff3   Thumb Code     8  steering.o(.text)
    printPIDSettings                         0x08001ffb   Thumb Code   146  steering.o(.text)
    _report                                  0x080020d1   Thumb Code    14  interface.o(.text)
    _checkPos                                0x080020df   Thumb Code    14  interface.o(.text)
    _addPoint                                0x080020ed   Thumb Code    46  interface.o(.text)
    _switchCurrentPoint                      0x0800211b   Thumb Code    46  interface.o(.text)
    _selectMode                              0x08002149   Thumb Code    28  interface.o(.text)
    _playHorn                                0x08002165   Thumb Code    12  interface.o(.text)
    esc                                      0x08002171   Thumb Code    30  interface.o(.text)
    isL                                      0x0800218f   Thumb Code    30  interface.o(.text)
    isN                                      0x080021ad   Thumb Code    18  interface.o(.text)
    isS                                      0x080021bf   Thumb Code    32  interface.o(.text)
    isCharValid                              0x080021df   Thumb Code    44  interface.o(.text)
    promptInput                              0x0800220b   Thumb Code   240  interface.o(.text)
    getCommand                               0x080022fb   Thumb Code   100  interface.o(.text)
    stringToBin                              0x0800235f   Thumb Code    80  interface.o(.text)
    getArgument                              0x080023af   Thumb Code   178  interface.o(.text)
    _help                                    0x08002461   Thumb Code    48  interface.o(.text)
    _version                                 0x08002491   Thumb Code    14  interface.o(.text)
    usart1_init                              0x0800256d   Thumb Code   194  serie1.o(.text)
    _getkey1                                 0x0800262f   Thumb Code    58  serie1.o(.text)
    putbuf1                                  0x08002669   Thumb Code   102  serie1.o(.text)
    _putchar1                                0x080026cf   Thumb Code    44  serie1.o(.text)
    putString1                               0x080026fb   Thumb Code    22  serie1.o(.text)
    USART1_IRQHandler                        0x08002711   Thumb Code   150  serie1.o(.text)
    ESPinit                                  0x080027d1   Thumb Code    22  esp8266.o(.text)
    sendData                                 0x080027e7   Thumb Code    34  esp8266.o(.text)
    fputc                                    0x0800282d   Thumb Code    42  retarget.o(.text)
    fgetc                                    0x08002857   Thumb Code    34  retarget.o(.text)
    _ttywrch                                 0x08002879   Thumb Code    12  retarget.o(.text)
    ferror                                   0x08002885   Thumb Code     8  retarget.o(.text)
    _sys_exit                                0x0800288d   Thumb Code     4  retarget.o(.text)
    usart3_init                              0x080028a1   Thumb Code   196  serie3.o(.text)
    _getkey3                                 0x08002965   Thumb Code    66  serie3.o(.text)
    putbuf3                                  0x080029a7   Thumb Code   116  serie3.o(.text)
    _putchar3                                0x08002a1b   Thumb Code    44  serie3.o(.text)
    putString3                               0x08002a47   Thumb Code    22  serie3.o(.text)
    USART3_IRQHandler                        0x08002a5d   Thumb Code   158  serie3.o(.text)
    joyStickInit                             0x08002b25   Thumb Code     8  joystick.o(.text)
    SystemInit                               0x08002c09   Thumb Code    88  system_stm32f4xx.o(.text)
    SystemCoreClockUpdate                    0x08002c61   Thumb Code   174  system_stm32f4xx.o(.text)
    NMI_Handler                              0x08002d3d   Thumb Code     2  stm32f4xx_it.o(.text)
    HardFault_Handler                        0x08002d3f   Thumb Code     4  stm32f4xx_it.o(.text)
    MemManage_Handler                        0x08002d43   Thumb Code     4  stm32f4xx_it.o(.text)
    BusFault_Handler                         0x08002d47   Thumb Code     4  stm32f4xx_it.o(.text)
    UsageFault_Handler                       0x08002d4b   Thumb Code     4  stm32f4xx_it.o(.text)
    SVC_Handler                              0x08002d4f   Thumb Code     2  stm32f4xx_it.o(.text)
    DebugMon_Handler                         0x08002d51   Thumb Code     2  stm32f4xx_it.o(.text)
    PendSV_Handler                           0x08002d53   Thumb Code     2  stm32f4xx_it.o(.text)
    SysTick_Handler                          0x08002d55   Thumb Code     8  stm32f4xx_it.o(.text)
    TIM2_IRQHandler                          0x08002d5d   Thumb Code     8  stm32f4xx_it.o(.text)
    OTG_FS_IRQHandler                        0x08002d65   Thumb Code    10  stm32f4xx_it.o(.text)
    RCC_DeInit                               0x08002d75   Thumb Code    60  stm32f4xx_rcc.o(.text)
    RCC_HSEConfig                            0x08002db1   Thumb Code    38  stm32f4xx_rcc.o(.text)
    RCC_GetFlagStatus                        0x08002dd7   Thumb Code   130  stm32f4xx_rcc.o(.text)
    RCC_WaitForHSEStartUp                    0x08002e59   Thumb Code    56  stm32f4xx_rcc.o(.text)
    RCC_AdjustHSICalibrationValue            0x08002e91   Thumb Code    38  stm32f4xx_rcc.o(.text)
    RCC_HSICmd                               0x08002eb7   Thumb Code    28  stm32f4xx_rcc.o(.text)
    RCC_LSEConfig                            0x08002ed3   Thumb Code    72  stm32f4xx_rcc.o(.text)
    RCC_LSICmd                               0x08002f1b   Thumb Code    28  stm32f4xx_rcc.o(.text)
    RCC_PLLConfig                            0x08002f37   Thumb Code   156  stm32f4xx_rcc.o(.text)
    RCC_PLLCmd                               0x08002fd3   Thumb Code    28  stm32f4xx_rcc.o(.text)
    RCC_PLLI2SConfig                         0x08002fef   Thumb Code    62  stm32f4xx_rcc.o(.text)
    RCC_PLLI2SCmd                            0x0800302d   Thumb Code    28  stm32f4xx_rcc.o(.text)
    RCC_ClockSecuritySystemCmd               0x08003049   Thumb Code    28  stm32f4xx_rcc.o(.text)
    RCC_MCO1Config                           0x08003065   Thumb Code   102  stm32f4xx_rcc.o(.text)
    RCC_MCO2Config                           0x080030cb   Thumb Code   102  stm32f4xx_rcc.o(.text)
    RCC_SYSCLKConfig                         0x08003131   Thumb Code   124  stm32f4xx_rcc.o(.text)
    RCC_GetSYSCLKSource                      0x080031ad   Thumb Code    10  stm32f4xx_rcc.o(.text)
    RCC_HCLKConfig                           0x080031b7   Thumb Code    68  stm32f4xx_rcc.o(.text)
    RCC_PCLK1Config                          0x080031fb   Thumb Code    60  stm32f4xx_rcc.o(.text)
    RCC_PCLK2Config                          0x08003237   Thumb Code    62  stm32f4xx_rcc.o(.text)
    RCC_GetClocksFreq                        0x08003275   Thumb Code   214  stm32f4xx_rcc.o(.text)
    RCC_RTCCLKConfig                         0x0800334b   Thumb Code   262  stm32f4xx_rcc.o(.text)
    RCC_RTCCLKCmd                            0x08003451   Thumb Code    30  stm32f4xx_rcc.o(.text)
    RCC_BackupResetCmd                       0x0800346f   Thumb Code    32  stm32f4xx_rcc.o(.text)
    RCC_I2SCLKConfig                         0x0800348f   Thumb Code    30  stm32f4xx_rcc.o(.text)
    RCC_AHB1PeriphClockCmd                   0x080034ad   Thumb Code    82  stm32f4xx_rcc.o(.text)
    RCC_AHB2PeriphClockCmd                   0x080034ff   Thumb Code    82  stm32f4xx_rcc.o(.text)
    RCC_AHB3PeriphClockCmd                   0x08003551   Thumb Code   232  stm32f4xx_rcc.o(.text)
    RCC_APB1PeriphClockCmd                   0x08003639   Thumb Code    82  stm32f4xx_rcc.o(.text)
    RCC_APB2PeriphClockCmd                   0x0800368b   Thumb Code    82  stm32f4xx_rcc.o(.text)
    RCC_AHB1PeriphResetCmd                   0x080036dd   Thumb Code    82  stm32f4xx_rcc.o(.text)
    RCC_AHB2PeriphResetCmd                   0x0800372f   Thumb Code    82  stm32f4xx_rcc.o(.text)
    RCC_AHB3PeriphResetCmd                   0x08003781   Thumb Code    82  stm32f4xx_rcc.o(.text)
    RCC_APB1PeriphResetCmd                   0x080037d3   Thumb Code    82  stm32f4xx_rcc.o(.text)
    RCC_APB2PeriphResetCmd                   0x08003825   Thumb Code    82  stm32f4xx_rcc.o(.text)
    RCC_AHB1PeriphClockLPModeCmd             0x08003877   Thumb Code    82  stm32f4xx_rcc.o(.text)
    RCC_AHB2PeriphClockLPModeCmd             0x080038c9   Thumb Code    82  stm32f4xx_rcc.o(.text)
    RCC_AHB3PeriphClockLPModeCmd             0x0800391b   Thumb Code    82  stm32f4xx_rcc.o(.text)
    RCC_APB1PeriphClockLPModeCmd             0x0800396d   Thumb Code    82  stm32f4xx_rcc.o(.text)
    RCC_APB2PeriphClockLPModeCmd             0x080039bf   Thumb Code   106  stm32f4xx_rcc.o(.text)
    RCC_ITConfig                             0x08003a29   Thumb Code    74  stm32f4xx_rcc.o(.text)
    RCC_ClearFlag                            0x08003a73   Thumb Code    18  stm32f4xx_rcc.o(.text)
    RCC_GetITStatus                          0x08003a85   Thumb Code    68  stm32f4xx_rcc.o(.text)
    RCC_ClearITPendingBit                    0x08003ac9   Thumb Code    34  stm32f4xx_rcc.o(.text)
    TIM_DeInit                               0x08003af1   Thumb Code   440  stm32f4xx_tim_1.o(.text)
    TIM_TimeBaseInit                         0x08003ca9   Thumb Code   278  stm32f4xx_tim_1.o(.text)
    TIM_TimeBaseStructInit                   0x08003dbf   Thumb Code    18  stm32f4xx_tim_1.o(.text)
    TIM_PrescalerConfig                      0x08003dd1   Thumb Code   128  stm32f4xx_tim_1.o(.text)
    TIM_CounterModeConfig                    0x08003e51   Thumb Code   100  stm32f4xx_tim_1.o(.text)
    TIM_SetCounter                           0x08003eb5   Thumb Code   222  stm32f4xx_tim_1.o(.text)
    TIM_SetAutoreload                        0x08003f93   Thumb Code   108  stm32f4xx_tim_1.o(.text)
    TIM_GetCounter                           0x08003fff   Thumb Code   106  stm32f4xx_tim_1.o(.text)
    TIM_GetPrescaler                         0x08004069   Thumb Code   106  stm32f4xx_tim_1.o(.text)
    TIM_UpdateDisableConfig                  0x080040d3   Thumb Code   148  stm32f4xx_tim_1.o(.text)
    TIM_UpdateRequestConfig                  0x08004167   Thumb Code   148  stm32f4xx_tim_1.o(.text)
    TIM_ARRPreloadConfig                     0x080041fb   Thumb Code   148  stm32f4xx_tim_1.o(.text)
    TIM_SelectOnePulseMode                   0x0800428f   Thumb Code   142  stm32f4xx_tim_1.o(.text)
    TIM_SetClockDivision                     0x0800431d   Thumb Code   192  stm32f4xx_tim_1.o(.text)
    TIM_Cmd                                  0x080043dd   Thumb Code   148  stm32f4xx_tim_1.o(.text)
    TIM_OC1Init                              0x08004471   Thumb Code   416  stm32f4xx_tim_1.o(.text)
    TIM_OC2Init                              0x08004611   Thumb Code   486  stm32f4xx_tim_1.o(.text)
    TIM_OC3Init                              0x080047f7   Thumb Code   416  stm32f4xx_tim_1.o(.text)
    TIM_OC4Init                              0x08004997   Thumb Code   300  stm32f4xx_tim_1.o(.text)
    TIM_OCStructInit                         0x08004ac3   Thumb Code    20  stm32f4xx_tim_1.o(.text)
    TIM_SelectOCxM                           0x08004ad7   Thumb Code   256  stm32f4xx_tim_1.o(.text)
    TIM_SetCompare1                          0x08004bd7   Thumb Code   142  stm32f4xx_tim_1.o(.text)
    TIM_SetCompare2                          0x08004c65   Thumb Code    72  stm32f4xx_tim_1.o(.text)
    TIM_SetCompare3                          0x08004cad   Thumb Code    60  stm32f4xx_tim_1.o(.text)
    TIM_SetCompare4                          0x08004ce9   Thumb Code    60  stm32f4xx_tim_1.o(.text)
    TIM_ForcedOC1Config                      0x08004d25   Thumb Code   130  stm32f4xx_tim_1.o(.text)
    TIM_ForcedOC2Config                      0x08004da7   Thumb Code   114  stm32f4xx_tim_1.o(.text)
    TIM_ForcedOC3Config                      0x08004e19   Thumb Code    94  stm32f4xx_tim_1.o(.text)
    TIM_ForcedOC4Config                      0x08004e77   Thumb Code   102  stm32f4xx_tim_1.o(.text)
    TIM_OC1PreloadConfig                     0x08004edd   Thumb Code   124  stm32f4xx_tim_1.o(.text)
    TIM_OC2PreloadConfig                     0x08004f59   Thumb Code   108  stm32f4xx_tim_1.o(.text)
    TIM_OC3PreloadConfig                     0x08004fc5   Thumb Code   136  stm32f4xx_tim_1.o(.text)
    TIM_OC4PreloadConfig                     0x0800504d   Thumb Code    96  stm32f4xx_tim_1.o(.text)
    TIM_OC1FastConfig                        0x080050ad   Thumb Code   124  stm32f4xx_tim_1.o(.text)
    TIM_OC2FastConfig                        0x08005129   Thumb Code   108  stm32f4xx_tim_1.o(.text)
    TIM_OC3FastConfig                        0x08005195   Thumb Code    88  stm32f4xx_tim_1.o(.text)
    TIM_OC4FastConfig                        0x080051ed   Thumb Code    96  stm32f4xx_tim_1.o(.text)
    TIM_ClearOC1Ref                          0x0800524d   Thumb Code   124  stm32f4xx_tim_1.o(.text)
    TIM_ClearOC2Ref                          0x080052c9   Thumb Code   106  stm32f4xx_tim_1.o(.text)
    TIM_ClearOC3Ref                          0x08005333   Thumb Code    88  stm32f4xx_tim_1.o(.text)
    TIM_ClearOC4Ref                          0x0800538b   Thumb Code    94  stm32f4xx_tim_1.o(.text)
    TIM_OC1PolarityConfig                    0x080053e9   Thumb Code   174  stm32f4xx_tim_1.o(.text)
    TIM_OC1NPolarityConfig                   0x08005497   Thumb Code    64  stm32f4xx_tim_1.o(.text)
    TIM_OC2PolarityConfig                    0x080054d7   Thumb Code   108  stm32f4xx_tim_1.o(.text)
    TIM_OC2NPolarityConfig                   0x08005543   Thumb Code    72  stm32f4xx_tim_1.o(.text)
    TIM_OC3PolarityConfig                    0x0800558b   Thumb Code    96  stm32f4xx_tim_1.o(.text)
    TIM_OC3NPolarityConfig                   0x080055eb   Thumb Code    72  stm32f4xx_tim_1.o(.text)
    TIM_OC4PolarityConfig                    0x08005633   Thumb Code    96  stm32f4xx_tim_1.o(.text)
    TIM_CCxCmd                               0x08005693   Thumb Code   168  stm32f4xx_tim_1.o(.text)
    TIM_CCxNCmd                              0x0800573b   Thumb Code   104  stm32f4xx_tim_1.o(.text)
    TIM_SetIC4Prescaler                      0x080057a3   Thumb Code   106  stm32f4xx_tim_1.o(.text)
    TIM_SetIC3Prescaler                      0x0800588d   Thumb Code    98  stm32f4xx_tim_1.o(.text)
    TIM_SetIC2Prescaler                      0x08005937   Thumb Code   118  stm32f4xx_tim_1.o(.text)
    TIM_SetIC1Prescaler                      0x080059fd   Thumb Code   134  stm32f4xx_tim_1.o(.text)
    TIM_ICInit                               0x08005abd   Thumb Code   508  stm32f4xx_tim_1.o(.text)
    TIM_ICStructInit                         0x08005cb9   Thumb Code    18  stm32f4xx_tim_1.o(.text)
    TIM_PWMIConfig                           0x08005ccb   Thumb Code   184  stm32f4xx_tim_1.o(.text)
    TIM_GetCapture1                          0x08005d83   Thumb Code    92  stm32f4xx_tim_1.o(.text)
    TIM_GetCapture2                          0x08005ddf   Thumb Code    68  stm32f4xx_tim_1.o(.text)
    TIM_GetCapture3                          0x08005e23   Thumb Code    56  stm32f4xx_tim_1.o(.text)
    TIM_GetCapture4                          0x08005e5b   Thumb Code    56  stm32f4xx_tim_1.o(.text)
    TIM_BDTRConfig                           0x08005e93   Thumb Code   222  stm32f4xx_tim_1.o(.text)
    TIM_BDTRStructInit                       0x08005f71   Thumb Code    18  stm32f4xx_tim_1.o(.text)
    TIM_CtrlPWMOutputs                       0x08005f83   Thumb Code    78  stm32f4xx_tim_1.o(.text)
    TIM_SelectCOM                            0x08005fd1   Thumb Code    72  stm32f4xx_tim_1.o(.text)
    TIM_CCPreloadControl                     0x08006019   Thumb Code    72  stm32f4xx_tim_1.o(.text)
    TIM_ITConfig                             0x08006061   Thumb Code   218  stm32f4xx_tim_1.o(.text)
    TIM_GenerateEvent                        0x0800613b   Thumb Code   126  stm32f4xx_tim_1.o(.text)
    TIM_GetFlagStatus                        0x080061b9   Thumb Code   188  stm32f4xx_tim_1.o(.text)
    TIM_ClearFlag                            0x08006275   Thumb Code   108  stm32f4xx_tim_1.o(.text)
    TIM_GetITStatus                          0x080062e1   Thumb Code   186  stm32f4xx_tim_1.o(.text)
    TIM_ClearITPendingBit                    0x0800639b   Thumb Code   108  stm32f4xx_tim_1.o(.text)
    TIM_DMAConfig                            0x08006407   Thumb Code   334  stm32f4xx_tim_1.o(.text)
    TIM_DMACmd                               0x08006555   Thumb Code   126  stm32f4xx_tim_1.o(.text)
    TIM_SelectCCDMA                          0x080065d3   Thumb Code    96  stm32f4xx_tim_1.o(.text)
    TIM_InternalClockConfig                  0x08006633   Thumb Code    76  stm32f4xx_tim_1.o(.text)
    TIM_SelectInputTrigger                   0x0800667f   Thumb Code   148  stm32f4xx_tim_1.o(.text)
    TIM_ITRxExternalClockConfig              0x08006713   Thumb Code   110  stm32f4xx_tim_1.o(.text)
    TIM_TIxExternalClockConfig               0x08006781   Thumb Code   184  stm32f4xx_tim_1.o(.text)
    TIM_ETRConfig                            0x08006839   Thumb Code   164  stm32f4xx_tim_1.o(.text)
    TIM_ETRClockMode1Config                  0x080068dd   Thumb Code   228  stm32f4xx_tim_1.o(.text)
    TIM_ETRClockMode2Config                  0x080069c1   Thumb Code   152  stm32f4xx_tim_1.o(.text)
    TIM_SelectOutputTrigger                  0x08006a59   Thumb Code   126  stm32f4xx_tim_1.o(.text)
    TIM_SelectSlaveMode                      0x08006ad7   Thumb Code   112  stm32f4xx_tim_1.o(.text)
    TIM_SelectMasterSlaveMode                0x08006b47   Thumb Code   102  stm32f4xx_tim_1.o(.text)
    TIM_EncoderInterfaceConfig               0x08006bad   Thumb Code   226  stm32f4xx_tim_1.o(.text)
    TIM_SelectHallSensor                     0x08006c8f   Thumb Code   108  stm32f4xx_tim_1.o(.text)
    TIM_RemapConfig                          0x08006cfb   Thumb Code   138  stm32f4xx_tim_1.o(.text)
    USART_DeInit                             0x08006d85   Thumb Code   202  stm32f4xx_usart.o(.text)
    USART_Init                               0x08006e4f   Thumb Code   456  stm32f4xx_usart.o(.text)
    USART_StructInit                         0x08007017   Thumb Code    24  stm32f4xx_usart.o(.text)
    USART_ClockInit                          0x0800702f   Thumb Code   166  stm32f4xx_usart.o(.text)
    USART_ClockStructInit                    0x080070d5   Thumb Code    12  stm32f4xx_usart.o(.text)
    USART_Cmd                                0x080070e1   Thumb Code    96  stm32f4xx_usart.o(.text)
    USART_SetPrescaler                       0x08007141   Thumb Code   164  stm32f4xx_usart.o(.text)
    USART_OverSampling8Cmd                   0x080071e5   Thumb Code    98  stm32f4xx_usart.o(.text)
    USART_OneBitMethodCmd                    0x08007247   Thumb Code   100  stm32f4xx_usart.o(.text)
    USART_SendData                           0x080072ab   Thumb Code    84  stm32f4xx_usart.o(.text)
    USART_ReceiveData                        0x080072ff   Thumb Code    62  stm32f4xx_usart.o(.text)
    USART_SetAddress                         0x0800733d   Thumb Code    92  stm32f4xx_usart.o(.text)
    USART_ReceiverWakeUpCmd                  0x08007399   Thumb Code   100  stm32f4xx_usart.o(.text)
    USART_WakeUpConfig                       0x080073fd   Thumb Code    96  stm32f4xx_usart.o(.text)
    USART_LINBreakDetectLengthConfig         0x0800745d   Thumb Code    94  stm32f4xx_usart.o(.text)
    USART_LINCmd                             0x080074bb   Thumb Code   100  stm32f4xx_usart.o(.text)
    USART_SendBreak                          0x0800751f   Thumb Code    64  stm32f4xx_usart.o(.text)
    USART_HalfDuplexCmd                      0x0800755f   Thumb Code   100  stm32f4xx_usart.o(.text)
    USART_SetGuardTime                       0x080075c3   Thumb Code    86  stm32f4xx_usart.o(.text)
    USART_SmartCardCmd                       0x08007619   Thumb Code    88  stm32f4xx_usart.o(.text)
    USART_SmartCardNACKCmd                   0x08007671   Thumb Code    88  stm32f4xx_usart.o(.text)
    USART_IrDAConfig                         0x080076c9   Thumb Code    94  stm32f4xx_usart.o(.text)
    USART_IrDACmd                            0x08007727   Thumb Code   100  stm32f4xx_usart.o(.text)
    USART_DMACmd                             0x0800778b   Thumb Code   120  stm32f4xx_usart.o(.text)
    USART_ITConfig                           0x08007803   Thumb Code   268  stm32f4xx_usart.o(.text)
    USART_GetFlagStatus                      0x0800790f   Thumb Code   176  stm32f4xx_usart.o(.text)
    USART_ClearFlag                          0x080079bf   Thumb Code   160  stm32f4xx_usart.o(.text)
    USART_GetITStatus                        0x08007a5f   Thumb Code   284  stm32f4xx_usart.o(.text)
    USART_ClearITPendingBit                  0x08007b7b   Thumb Code   170  stm32f4xx_usart.o(.text)
    EXTI_DeInit                              0x08007c3d   Thumb Code    28  stm32f4xx_exti.o(.text)
    EXTI_Init                                0x08007c59   Thumb Code   236  stm32f4xx_exti.o(.text)
    EXTI_StructInit                          0x08007d45   Thumb Code    16  stm32f4xx_exti.o(.text)
    EXTI_GenerateSWInterrupt                 0x08007d55   Thumb Code    38  stm32f4xx_exti.o(.text)
    EXTI_GetFlagStatus                       0x08007d7b   Thumb Code   158  stm32f4xx_exti.o(.text)
    EXTI_ClearFlag                           0x08007e19   Thumb Code    30  stm32f4xx_exti.o(.text)
    EXTI_GetITStatus                         0x08007e37   Thumb Code   172  stm32f4xx_exti.o(.text)
    EXTI_ClearITPendingBit                   0x08007ee3   Thumb Code    32  stm32f4xx_exti.o(.text)
    GPIO_DeInit                              0x08007f4d   Thumb Code   284  stm32f4xx_gpio.o(.text)
    GPIO_Init                                0x08008069   Thumb Code   342  stm32f4xx_gpio.o(.text)
    GPIO_StructInit                          0x080081bf   Thumb Code    18  stm32f4xx_gpio.o(.text)
    GPIO_PinLockConfig                       0x080081d1   Thumb Code   122  stm32f4xx_gpio.o(.text)
    GPIO_ReadInputDataBit                    0x0800824b   Thumb Code   182  stm32f4xx_gpio.o(.text)
    GPIO_ReadInputData                       0x08008301   Thumb Code   178  stm32f4xx_gpio.o(.text)
    GPIO_ReadOutputDataBit                   0x080083b3   Thumb Code   186  stm32f4xx_gpio.o(.text)
    GPIO_ReadOutputData                      0x0800846d   Thumb Code    78  stm32f4xx_gpio.o(.text)
    GPIO_SetBits                             0x080084bb   Thumb Code    98  stm32f4xx_gpio.o(.text)
    GPIO_ResetBits                           0x0800851d   Thumb Code    98  stm32f4xx_gpio.o(.text)
    GPIO_WriteBit                            0x0800857f   Thumb Code   200  stm32f4xx_gpio.o(.text)
    GPIO_Write                               0x08008647   Thumb Code    78  stm32f4xx_gpio.o(.text)
    GPIO_ToggleBits                          0x08008695   Thumb Code    82  stm32f4xx_gpio.o(.text)
    GPIO_PinAFConfig                         0x080086e7   Thumb Code   384  stm32f4xx_gpio.o(.text)
    NVIC_PriorityGroupConfig                 0x08008869   Thumb Code    54  misc.o(.text)
    NVIC_Init                                0x0800889f   Thumb Code   164  misc.o(.text)
    NVIC_SetVectorTable                      0x08008943   Thumb Code    60  misc.o(.text)
    NVIC_SystemLPConfig                      0x0800897f   Thumb Code    78  misc.o(.text)
    SysTick_CLKSourceConfig                  0x080089cd   Thumb Code    62  misc.o(.text)
    SYSCFG_DeInit                            0x08008a59   Thumb Code    22  stm32f4xx_syscfg.o(.text)
    SYSCFG_MemoryRemapConfig                 0x08008a6f   Thumb Code    34  stm32f4xx_syscfg.o(.text)
    SYSCFG_EXTILineConfig                    0x08008a91   Thumb Code   186  stm32f4xx_syscfg.o(.text)
    SYSCFG_ETH_MediaInterfaceConfig          0x08008b4b   Thumb Code    26  stm32f4xx_syscfg.o(.text)
    SYSCFG_CompensationCellCmd               0x08008b65   Thumb Code    26  stm32f4xx_syscfg.o(.text)
    SYSCFG_GetCompensationCellStatus         0x08008b7f   Thumb Code    22  stm32f4xx_syscfg.o(.text)
    SPI_I2S_DeInit                           0x08008be1   Thumb Code   104  stm32f4xx_spi.o(.text)
    SPI_Init                                 0x08008c49   Thumb Code   348  stm32f4xx_spi.o(.text)
    I2S_Init                                 0x08008da5   Thumb Code   508  stm32f4xx_spi.o(.text)
    SPI_StructInit                           0x08008fa1   Thumb Code    24  stm32f4xx_spi.o(.text)
    I2S_StructInit                           0x08008fb9   Thumb Code   104  stm32f4xx_spi.o(.text)
    SPI_Cmd                                  0x08009021   Thumb Code    82  stm32f4xx_spi.o(.text)
    I2S_Cmd                                  0x08009073   Thumb Code    88  stm32f4xx_spi.o(.text)
    SPI_DataSizeConfig                       0x080090cb   Thumb Code    78  stm32f4xx_spi.o(.text)
    SPI_BiDirectionalLineConfig              0x08009119   Thumb Code    94  stm32f4xx_spi.o(.text)
    SPI_NSSInternalSoftwareConfig            0x08009177   Thumb Code    96  stm32f4xx_spi.o(.text)
    SPI_SSOutputCmd                          0x080091d7   Thumb Code    82  stm32f4xx_spi.o(.text)
    SPI_TIModeCmd                            0x08009229   Thumb Code    82  stm32f4xx_spi.o(.text)
    I2S_FullDuplexConfig                     0x0800927b   Thumb Code   258  stm32f4xx_spi.o(.text)
    SPI_I2S_ReceiveData                      0x0800937d   Thumb Code    52  stm32f4xx_spi.o(.text)
    SPI_I2S_SendData                         0x080093b1   Thumb Code    54  stm32f4xx_spi.o(.text)
    SPI_CalculateCRC                         0x080093e7   Thumb Code    98  stm32f4xx_spi.o(.text)
    SPI_TransmitCRC                          0x08009449   Thumb Code    46  stm32f4xx_spi.o(.text)
    SPI_GetCRC                               0x08009477   Thumb Code    74  stm32f4xx_spi.o(.text)
    SPI_GetCRCPolynomial                     0x080094c1   Thumb Code    40  stm32f4xx_spi.o(.text)
    SPI_I2S_DMACmd                           0x080094e9   Thumb Code   114  stm32f4xx_spi.o(.text)
    SPI_I2S_ITConfig                         0x0800955b   Thumb Code   138  stm32f4xx_spi.o(.text)
    SPI_I2S_GetFlagStatus                    0x080095e5   Thumb Code   120  stm32f4xx_spi.o(.text)
    SPI_I2S_ClearFlag                        0x0800965d   Thumb Code    74  stm32f4xx_spi.o(.text)
    SPI_I2S_GetITStatus                      0x080096a7   Thumb Code   154  stm32f4xx_spi.o(.text)
    SPI_I2S_ClearITPendingBit                0x08009741   Thumb Code    86  stm32f4xx_spi.o(.text)
    USBH_Connected                           0x080097a9   Thumb Code    12  usbh_core.o(.text)
    USBH_Disconnected                        0x080097b5   Thumb Code    12  usbh_core.o(.text)
    USBH_SOF                                 0x080097c1   Thumb Code     6  usbh_core.o(.text)
    USBH_DeInit                              0x080097c7   Thumb Code    58  usbh_core.o(.text)
    USBH_Init                                0x08009801   Thumb Code    68  usbh_core.o(.text)
    USBH_HandleControl                       0x08009845   Thumb Code   544  usbh_core.o(.text)
    USBH_ErrorHandle                         0x08009a65   Thumb Code    46  usbh_core.o(.text)
    USBH_Process                             0x08009c6b   Thumb Code   462  usbh_core.o(.text)
    USBH_Open_Channel                        0x08009e45   Thumb Code   154  usbh_hcs.o(.text)
    USBH_Modify_Channel                      0x08009edf   Thumb Code   100  usbh_hcs.o(.text)
    USBH_Alloc_Channel                       0x08009f6b   Thumb Code    38  usbh_hcs.o(.text)
    USBH_Free_Channel                        0x08009f91   Thumb Code    30  usbh_hcs.o(.text)
    USBH_DeAllocate_AllChannel               0x08009faf   Thumb Code    28  usbh_hcs.o(.text)
    USBH_CtlReq                              0x08009fe3   Thumb Code   100  usbh_ioreq.o(.text)
    USBH_CtlSendSetup                        0x0800a047   Thumb Code    66  usbh_ioreq.o(.text)
    USBH_CtlSendData                         0x0800a089   Thumb Code   110  usbh_ioreq.o(.text)
    USBH_CtlReceiveData                      0x0800a0f7   Thumb Code    70  usbh_ioreq.o(.text)
    USBH_BulkSendData                        0x0800a13d   Thumb Code    94  usbh_ioreq.o(.text)
    USBH_BulkReceiveData                     0x0800a19b   Thumb Code    96  usbh_ioreq.o(.text)
    USBH_InterruptReceiveData                0x0800a1fb   Thumb Code   120  usbh_ioreq.o(.text)
    USBH_InterruptSendData                   0x0800a273   Thumb Code   118  usbh_ioreq.o(.text)
    USBH_IsocReceiveData                     0x0800a2e9   Thumb Code    70  usbh_ioreq.o(.text)
    USBH_IsocSendData                        0x0800a32f   Thumb Code    68  usbh_ioreq.o(.text)
    USBH_GetDescriptor                       0x0800a3cd   Thumb Code    68  usbh_stdreq.o(.text)
    USBH_Get_DevDesc                         0x0800a411   Thumb Code    56  usbh_stdreq.o(.text)
    USBH_GetNextDesc                         0x0800a48f   Thumb Code    18  usbh_stdreq.o(.text)
    USBH_Get_CfgDesc                         0x0800a5b3   Thumb Code    88  usbh_stdreq.o(.text)
    USBH_Get_StringDesc                      0x0800a641   Thumb Code    60  usbh_stdreq.o(.text)
    USBH_SetAddress                          0x0800a67d   Thumb Code    38  usbh_stdreq.o(.text)
    USBH_SetCfg                              0x0800a6a3   Thumb Code    38  usbh_stdreq.o(.text)
    USBH_SetInterface                        0x0800a6c9   Thumb Code    44  usbh_stdreq.o(.text)
    USBH_ClrFeature                          0x0800a6f5   Thumb Code    76  usbh_stdreq.o(.text)
    USB_OTG_WritePacket                      0x0800a7ed   Thumb Code    64  usb_core.o(.text)
    USB_OTG_ReadPacket                       0x0800a82d   Thumb Code    40  usb_core.o(.text)
    USB_OTG_SelectCore                       0x0800a855   Thumb Code   204  usb_core.o(.text)
    USB_OTG_CoreInit                         0x0800a921   Thumb Code   294  usb_core.o(.text)
    USB_OTG_EnableGlobalInt                  0x0800aa47   Thumb Code    34  usb_core.o(.text)
    USB_OTG_DisableGlobalInt                 0x0800aa69   Thumb Code    34  usb_core.o(.text)
    USB_OTG_FlushTxFifo                      0x0800aa8b   Thumb Code    80  usb_core.o(.text)
    USB_OTG_FlushRxFifo                      0x0800aadb   Thumb Code    70  usb_core.o(.text)
    USB_OTG_SetCurrentMode                   0x0800ab21   Thumb Code    78  usb_core.o(.text)
    USB_OTG_GetMode                          0x0800ab6f   Thumb Code    22  usb_core.o(.text)
    USB_OTG_IsDeviceMode                     0x0800ab85   Thumb Code    22  usb_core.o(.text)
    USB_OTG_IsHostMode                       0x0800ab9b   Thumb Code    20  usb_core.o(.text)
    USB_OTG_ReadCoreItr                      0x0800abaf   Thumb Code    16  usb_core.o(.text)
    USB_OTG_ReadOtgItr                       0x0800abbf   Thumb Code     8  usb_core.o(.text)
    USB_OTG_EnableHostInt                    0x0800abc7   Thumb Code   116  usb_core.o(.text)
    USB_OTG_ReadHPRT0                        0x0800ac3b   Thumb Code    48  usb_core.o(.text)
    USB_OTG_DriveVbus                        0x0800ac6b   Thumb Code    92  usb_core.o(.text)
    USB_OTG_ResetPort                        0x0800acc7   Thumb Code    64  usb_core.o(.text)
    USB_OTG_InitFSLSPClkSel                  0x0800ad07   Thumb Code    24  usb_core.o(.text)
    USB_OTG_CoreInitHost                     0x0800ad1f   Thumb Code   214  usb_core.o(.text)
    USB_OTG_IsEvenFrame                      0x0800adf5   Thumb Code    16  usb_core.o(.text)
    USB_OTG_ReadHostAllChannels_intr         0x0800ae05   Thumb Code     8  usb_core.o(.text)
    USB_OTG_HC_Init                          0x0800ae0d   Thumb Code   568  usb_core.o(.text)
    USB_OTG_HC_StartXfer                     0x0800b045   Thumb Code   502  usb_core.o(.text)
    USB_OTG_HC_Halt                          0x0800b23b   Thumb Code   130  usb_core.o(.text)
    USB_OTG_HC_DoPing                        0x0800b2bd   Thumb Code    90  usb_core.o(.text)
    USB_OTG_StopHost                         0x0800b317   Thumb Code    96  usb_core.o(.text)
    HCD_Init                                 0x0800b377   Thumb Code    96  usb_hcd.o(.text)
    HCD_GetCurrentSpeed                      0x0800b3d7   Thumb Code    20  usb_hcd.o(.text)
    HCD_ResetPort                            0x0800b3eb   Thumb Code    14  usb_hcd.o(.text)
    HCD_IsDeviceConnected                    0x0800b3f9   Thumb Code     8  usb_hcd.o(.text)
    HCD_GetCurrentFrame                      0x0800b401   Thumb Code    10  usb_hcd.o(.text)
    HCD_GetURB_State                         0x0800b40b   Thumb Code    10  usb_hcd.o(.text)
    HCD_GetXferCnt                           0x0800b415   Thumb Code    12  usb_hcd.o(.text)
    HCD_GetHCState                           0x0800b421   Thumb Code    10  usb_hcd.o(.text)
    HCD_HC_Init                              0x0800b42b   Thumb Code    16  usb_hcd.o(.text)
    HCD_SubmitRequest                        0x0800b43b   Thumb Code    32  usb_hcd.o(.text)
    USBH_OTG_ISR_Handler                     0x0800c223   Thumb Code   168  usb_hcd_int.o(.text)
    USBH_Set_Report                          0x0800c71b   Thumb Code    52  usbh_hid_core.o(.text)
    Reset_Handler                            0x0800c8d9   Thumb Code    18  startup_stm32f4xx.o(.text)
    ADC_IRQHandler                           0x0800c8fd   Thumb Code     0  startup_stm32f4xx.o(.text)
    CAN1_RX0_IRQHandler                      0x0800c8fd   Thumb Code     0  startup_stm32f4xx.o(.text)
    CAN1_RX1_IRQHandler                      0x0800c8fd   Thumb Code     0  startup_stm32f4xx.o(.text)
    CAN1_SCE_IRQHandler                      0x0800c8fd   Thumb Code     0  startup_stm32f4xx.o(.text)
    CAN1_TX_IRQHandler                       0x0800c8fd   Thumb Code     0  startup_stm32f4xx.o(.text)
    CAN2_RX0_IRQHandler                      0x0800c8fd   Thumb Code     0  startup_stm32f4xx.o(.text)
    CAN2_RX1_IRQHandler                      0x0800c8fd   Thumb Code     0  startup_stm32f4xx.o(.text)
    CAN2_SCE_IRQHandler                      0x0800c8fd   Thumb Code     0  startup_stm32f4xx.o(.text)
    CAN2_TX_IRQHandler                       0x0800c8fd   Thumb Code     0  startup_stm32f4xx.o(.text)
    CRYP_IRQHandler                          0x0800c8fd   Thumb Code     0  startup_stm32f4xx.o(.text)
    DCMI_IRQHandler                          0x0800c8fd   Thumb Code     0  startup_stm32f4xx.o(.text)
    DMA1_Stream0_IRQHandler                  0x0800c8fd   Thumb Code     0  startup_stm32f4xx.o(.text)
    DMA1_Stream1_IRQHandler                  0x0800c8fd   Thumb Code     0  startup_stm32f4xx.o(.text)
    DMA1_Stream2_IRQHandler                  0x0800c8fd   Thumb Code     0  startup_stm32f4xx.o(.text)
    DMA1_Stream3_IRQHandler                  0x0800c8fd   Thumb Code     0  startup_stm32f4xx.o(.text)
    DMA1_Stream4_IRQHandler                  0x0800c8fd   Thumb Code     0  startup_stm32f4xx.o(.text)
    DMA1_Stream5_IRQHandler                  0x0800c8fd   Thumb Code     0  startup_stm32f4xx.o(.text)
    DMA1_Stream6_IRQHandler                  0x0800c8fd   Thumb Code     0  startup_stm32f4xx.o(.text)
    DMA1_Stream7_IRQHandler                  0x0800c8fd   Thumb Code     0  startup_stm32f4xx.o(.text)
    DMA2_Stream0_IRQHandler                  0x0800c8fd   Thumb Code     0  startup_stm32f4xx.o(.text)
    DMA2_Stream1_IRQHandler                  0x0800c8fd   Thumb Code     0  startup_stm32f4xx.o(.text)
    DMA2_Stream2_IRQHandler                  0x0800c8fd   Thumb Code     0  startup_stm32f4xx.o(.text)
    DMA2_Stream3_IRQHandler                  0x0800c8fd   Thumb Code     0  startup_stm32f4xx.o(.text)
    DMA2_Stream4_IRQHandler                  0x0800c8fd   Thumb Code     0  startup_stm32f4xx.o(.text)
    DMA2_Stream5_IRQHandler                  0x0800c8fd   Thumb Code     0  startup_stm32f4xx.o(.text)
    DMA2_Stream6_IRQHandler                  0x0800c8fd   Thumb Code     0  startup_stm32f4xx.o(.text)
    DMA2_Stream7_IRQHandler                  0x0800c8fd   Thumb Code     0  startup_stm32f4xx.o(.text)
    ETH_IRQHandler                           0x0800c8fd   Thumb Code     0  startup_stm32f4xx.o(.text)
    ETH_WKUP_IRQHandler                      0x0800c8fd   Thumb Code     0  startup_stm32f4xx.o(.text)
    EXTI15_10_IRQHandler                     0x0800c8fd   Thumb Code     0  startup_stm32f4xx.o(.text)
    EXTI1_IRQHandler                         0x0800c8fd   Thumb Code     0  startup_stm32f4xx.o(.text)
    EXTI2_IRQHandler                         0x0800c8fd   Thumb Code     0  startup_stm32f4xx.o(.text)
    EXTI3_IRQHandler                         0x0800c8fd   Thumb Code     0  startup_stm32f4xx.o(.text)
    EXTI4_IRQHandler                         0x0800c8fd   Thumb Code     0  startup_stm32f4xx.o(.text)
    EXTI9_5_IRQHandler                       0x0800c8fd   Thumb Code     0  startup_stm32f4xx.o(.text)
    FLASH_IRQHandler                         0x0800c8fd   Thumb Code     0  startup_stm32f4xx.o(.text)
    FPU_IRQHandler                           0x0800c8fd   Thumb Code     0  startup_stm32f4xx.o(.text)
    FSMC_IRQHandler                          0x0800c8fd   Thumb Code     0  startup_stm32f4xx.o(.text)
    HASH_RNG_IRQHandler                      0x0800c8fd   Thumb Code     0  startup_stm32f4xx.o(.text)
    I2C1_ER_IRQHandler                       0x0800c8fd   Thumb Code     0  startup_stm32f4xx.o(.text)
    I2C1_EV_IRQHandler                       0x0800c8fd   Thumb Code     0  startup_stm32f4xx.o(.text)
    I2C2_ER_IRQHandler                       0x0800c8fd   Thumb Code     0  startup_stm32f4xx.o(.text)
    I2C2_EV_IRQHandler                       0x0800c8fd   Thumb Code     0  startup_stm32f4xx.o(.text)
    I2C3_ER_IRQHandler                       0x0800c8fd   Thumb Code     0  startup_stm32f4xx.o(.text)
    I2C3_EV_IRQHandler                       0x0800c8fd   Thumb Code     0  startup_stm32f4xx.o(.text)
    OTG_FS_WKUP_IRQHandler                   0x0800c8fd   Thumb Code     0  startup_stm32f4xx.o(.text)
    OTG_HS_EP1_IN_IRQHandler                 0x0800c8fd   Thumb Code     0  startup_stm32f4xx.o(.text)
    OTG_HS_EP1_OUT_IRQHandler                0x0800c8fd   Thumb Code     0  startup_stm32f4xx.o(.text)
    OTG_HS_IRQHandler                        0x0800c8fd   Thumb Code     0  startup_stm32f4xx.o(.text)
    OTG_HS_WKUP_IRQHandler                   0x0800c8fd   Thumb Code     0  startup_stm32f4xx.o(.text)
    PVD_IRQHandler                           0x0800c8fd   Thumb Code     0  startup_stm32f4xx.o(.text)
    RCC_IRQHandler                           0x0800c8fd   Thumb Code     0  startup_stm32f4xx.o(.text)
    RTC_Alarm_IRQHandler                     0x0800c8fd   Thumb Code     0  startup_stm32f4xx.o(.text)
    RTC_WKUP_IRQHandler                      0x0800c8fd   Thumb Code     0  startup_stm32f4xx.o(.text)
    SDIO_IRQHandler                          0x0800c8fd   Thumb Code     0  startup_stm32f4xx.o(.text)
    SPI1_IRQHandler                          0x0800c8fd   Thumb Code     0  startup_stm32f4xx.o(.text)
    SPI2_IRQHandler                          0x0800c8fd   Thumb Code     0  startup_stm32f4xx.o(.text)
    SPI3_IRQHandler                          0x0800c8fd   Thumb Code     0  startup_stm32f4xx.o(.text)
    TAMP_STAMP_IRQHandler                    0x0800c8fd   Thumb Code     0  startup_stm32f4xx.o(.text)
    TIM1_BRK_TIM9_IRQHandler                 0x0800c8fd   Thumb Code     0  startup_stm32f4xx.o(.text)
    TIM1_CC_IRQHandler                       0x0800c8fd   Thumb Code     0  startup_stm32f4xx.o(.text)
    TIM1_TRG_COM_TIM11_IRQHandler            0x0800c8fd   Thumb Code     0  startup_stm32f4xx.o(.text)
    TIM1_UP_TIM10_IRQHandler                 0x0800c8fd   Thumb Code     0  startup_stm32f4xx.o(.text)
    TIM4_IRQHandler                          0x0800c8fd   Thumb Code     0  startup_stm32f4xx.o(.text)
    TIM6_DAC_IRQHandler                      0x0800c8fd   Thumb Code     0  startup_stm32f4xx.o(.text)
    TIM7_IRQHandler                          0x0800c8fd   Thumb Code     0  startup_stm32f4xx.o(.text)
    TIM8_BRK_TIM12_IRQHandler                0x0800c8fd   Thumb Code     0  startup_stm32f4xx.o(.text)
    TIM8_CC_IRQHandler                       0x0800c8fd   Thumb Code     0  startup_stm32f4xx.o(.text)
    TIM8_TRG_COM_TIM14_IRQHandler            0x0800c8fd   Thumb Code     0  startup_stm32f4xx.o(.text)
    TIM8_UP_TIM13_IRQHandler                 0x0800c8fd   Thumb Code     0  startup_stm32f4xx.o(.text)
    UART4_IRQHandler                         0x0800c8fd   Thumb Code     0  startup_stm32f4xx.o(.text)
    UART5_IRQHandler                         0x0800c8fd   Thumb Code     0  startup_stm32f4xx.o(.text)
    USART6_IRQHandler                        0x0800c8fd   Thumb Code     0  startup_stm32f4xx.o(.text)
    WWDG_IRQHandler                          0x0800c8fd   Thumb Code     0  startup_stm32f4xx.o(.text)
    __user_initial_stackheap                 0x0800c901   Thumb Code     0  startup_stm32f4xx.o(.text)
    __2printf                                0x0800c929   Thumb Code    20  noretval__2printf.o(.text)
    __2fprintf                               0x0800c941   Thumb Code    20  noretval__2fprintf.o(.text)
    _printf_pre_padding                      0x0800c955   Thumb Code    44  _printf_pad.o(.text)
    _printf_post_padding                     0x0800c981   Thumb Code    34  _printf_pad.o(.text)
    _printf_str                              0x0800c9a3   Thumb Code    82  _printf_str.o(.text)
    _printf_int_dec                          0x0800c9f5   Thumb Code   104  _printf_dec.o(.text)
    _printf_longlong_dec                     0x0800ca6d   Thumb Code   108  _printf_longlong_dec.o(.text)
    _printf_int_hex                          0x0800cae9   Thumb Code    84  _printf_hex_int.o(.text)
    _printf_longlong_hex                     0x0800cae9   Thumb Code     0  _printf_hex_int.o(.text)
    __printf                                 0x0800cb41   Thumb Code   388  __printf_flags_ss_wp.o(.text)
    __0sscanf                                0x0800ccc9   Thumb Code    52  __0sscanf.o(.text)
    _scanf_longlong                          0x0800cd05   Thumb Code   342  _scanf_longlong.o(.text)
    _scanf_int                               0x0800ce5b   Thumb Code   332  _scanf_int.o(.text)
    putc                                     0x0800cfa7   Thumb Code     4  putc.o(.text)
    strcpy                                   0x0800cfab   Thumb Code    72  strcpy.o(.text)
    strcmp                                   0x0800cff5   Thumb Code   128  strcmpv7m.o(.text)
    __use_two_region_memory                  0x0800d075   Thumb Code     2  heapauxi.o(.text)
    __rt_heap_escrow$2region                 0x0800d077   Thumb Code     2  heapauxi.o(.text)
    __rt_heap_expand$2region                 0x0800d079   Thumb Code     2  heapauxi.o(.text)
    _ll_udiv10                               0x0800d07b   Thumb Code   138  lludiv10.o(.text)
    __read_errno                             0x0800d105   Thumb Code    10  _rserrno.o(.text)
    __set_errno                              0x0800d10f   Thumb Code    12  _rserrno.o(.text)
    _printf_int_common                       0x0800d11b   Thumb Code   178  _printf_intcommon.o(.text)
    __lib_sel_fp_printf                      0x0800d1cd   Thumb Code     2  _printf_fp_dec.o(.text)
    _printf_fp_dec_real                      0x0800d37b   Thumb Code   620  _printf_fp_dec.o(.text)
    _printf_cs_common                        0x0800d5e7   Thumb Code    20  _printf_char.o(.text)
    _printf_char                             0x0800d5fb   Thumb Code    16  _printf_char.o(.text)
    _printf_string                           0x0800d60b   Thumb Code     8  _printf_char.o(.text)
    _printf_char_file                        0x0800d615   Thumb Code    32  _printf_char_file.o(.text)
    _chval                                   0x0800d639   Thumb Code    28  _chval.o(.text)
    __vfscanf_char                           0x0800d661   Thumb Code    24  scanf_char.o(.text)
    _sgetc                                   0x0800d681   Thumb Code    30  _sgetc.o(.text)
    _sbackspace                              0x0800d69f   Thumb Code    34  _sgetc.o(.text)
    __rt_locale                              0x0800d6c1   Thumb Code     8  rt_locale_intlibspace.o(.text)
    __aeabi_errno_addr                       0x0800d6c9   Thumb Code     8  rt_errno_addr_intlibspace.o(.text)
    __errno$intlibspace                      0x0800d6c9   Thumb Code     0  rt_errno_addr_intlibspace.o(.text)
    __rt_errno_addr$intlibspace              0x0800d6c9   Thumb Code     0  rt_errno_addr_intlibspace.o(.text)
    isspace                                  0x0800d6d1   Thumb Code    18  isspace.o(.text)
    _printf_char_common                      0x0800d6ef   Thumb Code    32  _printf_char_common.o(.text)
    _printf_fp_infnan                        0x0800d715   Thumb Code   112  _printf_fp_infnan.o(.text)
    __vfscanf                                0x0800d795   Thumb Code   878  _scanf.o(.text)
    _btod_etento                             0x0800db09   Thumb Code   216  bigflt0.o(.text)
    __user_libspace                          0x0800dbe5   Thumb Code     8  libspace.o(.text)
    __user_perproc_libspace                  0x0800dbe5   Thumb Code     0  libspace.o(.text)
    __user_perthread_libspace                0x0800dbe5   Thumb Code     0  libspace.o(.text)
    __user_setup_stackheap                   0x0800dbed   Thumb Code    74  sys_stackheap_outer.o(.text)
    __rt_ctype_table                         0x0800dc39   Thumb Code    16  rt_ctype_table.o(.text)
    exit                                     0x0800dc49   Thumb Code    12  exit.o(.text)
    _btod_d2e                                0x0800dc55   Thumb Code    62  btod.o(CL$$btod_d2e)
    _d2e_denorm_low                          0x0800dc93   Thumb Code    70  btod.o(CL$$btod_d2e_denorm_low)
    _d2e_norm_op1                            0x0800dcd9   Thumb Code    96  btod.o(CL$$btod_d2e_norm_op1)
    __btod_div_common                        0x0800dd39   Thumb Code   696  btod.o(CL$$btod_div_common)
    _e2e                                     0x0800e071   Thumb Code   198  btod.o(CL$$btod_e2e)
    _btod_ediv                               0x0800e137   Thumb Code    40  btod.o(CL$$btod_ediv)
    _btod_emul                               0x0800e15f   Thumb Code    40  btod.o(CL$$btod_emul)
    __btod_mult_common                       0x0800e187   Thumb Code   580  btod.o(CL$$btod_mult_common)
    __ARM_fpclassify                         0x0800e3cb   Thumb Code    48  fpclassify.o(i.__ARM_fpclassify)
    __ARM_fpclassifyf                        0x0800e3fb   Thumb Code    38  fpclassifyf.o(i.__ARM_fpclassifyf)
    __hardfp_atanf                           0x0800e421   Thumb Code   296  atanf.o(i.__hardfp_atanf)
    __hardfp_cosf                            0x0800e581   Thumb Code   280  cosf.o(i.__hardfp_cosf)
    __hardfp_sinf                            0x0800e6d1   Thumb Code   344  sinf.o(i.__hardfp_sinf)
    __hardfp_sqrtf                           0x0800e861   Thumb Code    58  sqrtf.o(i.__hardfp_sqrtf)
    __mathlib_flt_infnan                     0x0800e89b   Thumb Code     6  funder.o(i.__mathlib_flt_infnan)
    __mathlib_flt_invalid                    0x0800e8a1   Thumb Code    10  funder.o(i.__mathlib_flt_invalid)
    __mathlib_flt_underflow                  0x0800e8b1   Thumb Code    10  funder.o(i.__mathlib_flt_underflow)
    __mathlib_rredf2                         0x0800e8c1   Thumb Code   316  rredf.o(i.__mathlib_rredf2)
    _is_digit                                0x0800ea15   Thumb Code    14  __printf_wp.o(i._is_digit)
    _get_lc_numeric                          0x0800ea25   Thumb Code    44  lc_numeric_c.o(locale$$code)
    _get_lc_ctype                            0x0800ea51   Thumb Code    44  lc_ctype_c.o(locale$$code)
    __fpl_dretinf                            0x0800ea7d   Thumb Code    12  dretinf.o(x$fpl$dretinf)
    __aeabi_f2d                              0x0800ea89   Thumb Code     0  f2d.o(x$fpl$f2d)
    _f2d                                     0x0800ea89   Thumb Code    86  f2d.o(x$fpl$f2d)
    __aeabi_ul2f                             0x0800eadf   Thumb Code     0  ffltll_clz.o(x$fpl$ffltll)
    _ll_uto_f                                0x0800eadf   Thumb Code     6  ffltll_clz.o(x$fpl$ffltll)
    __aeabi_l2f                              0x0800eae5   Thumb Code     0  ffltll_clz.o(x$fpl$ffltll)
    _ll_sto_f                                0x0800eae5   Thumb Code    90  ffltll_clz.o(x$fpl$ffltll)
    __fpl_fnaninf                            0x0800eb3f   Thumb Code   140  fnaninf.o(x$fpl$fnaninf)
    _fp_init                                 0x0800ebcb   Thumb Code    10  fpinit.o(x$fpl$fpinit)
    __fplib_config_fpu_vfp                   0x0800ebd3   Thumb Code     0  fpinit.o(x$fpl$fpinit)
    __fplib_config_pureend_doubles           0x0800ebd3   Thumb Code     0  fpinit.o(x$fpl$fpinit)
    __aeabi_f2lz                             0x0800ebd5   Thumb Code     0  ffixll.o(x$fpl$llsfromf)
    _ll_sfrom_f                              0x0800ebd5   Thumb Code   134  ffixll.o(x$fpl$llsfromf)
    _printf_fp_dec                           0x0800ec5b   Thumb Code     4  printf1.o(x$fpl$printf1)
    MSG_HOST_INIT                            0x0800ec5e   Data          27  usbh_usr.o(.constdata)
    __I$use$fp                               0x0800ec5e   Number         0  usenofp.o(x$fpl$usenofp)
    MSG_DEV_ATTACHED                         0x0800ec79   Data          18  usbh_usr.o(.constdata)
    MSG_DEV_DISCONNECTED                     0x0800ec8b   Data          22  usbh_usr.o(.constdata)
    MSG_DEV_ENUMERATED                       0x0800eca1   Data          24  usbh_usr.o(.constdata)
    MSG_DEV_HIGHSPEED                        0x0800ecb9   Data          29  usbh_usr.o(.constdata)
    MSG_DEV_FULLSPEED                        0x0800ecd6   Data          29  usbh_usr.o(.constdata)
    MSG_DEV_LOWSPEED                         0x0800ecf3   Data          28  usbh_usr.o(.constdata)
    MSG_DEV_ERROR                            0x0800ed0f   Data          15  usbh_usr.o(.constdata)
    MSG_MSC_CLASS                            0x0800ed1e   Data          32  usbh_usr.o(.constdata)
    MSG_HID_CLASS                            0x0800ed3e   Data          23  usbh_usr.o(.constdata)
    USB_HID_MouseStatus                      0x0800ed55   Data          26  usbh_usr.o(.constdata)
    USB_HID_KeybrdStatus                     0x0800ed6f   Data          29  usbh_usr.o(.constdata)
    MSG_UNREC_ERROR                          0x0800ed8c   Data          26  usbh_usr.o(.constdata)
    allowedSymbols                           0x0800eda8   Data          10  interface.o(.constdata)
    commandVec                               0x0800edb4   Data        1056  interface.o(.constdata)
    Region$$Table$$Base                      0x0800f4fc   Number         0  anon$$obj.o(Region$$Table)
    Region$$Table$$Limit                     0x0800f51c   Number         0  anon$$obj.o(Region$$Table)
    __ctype                                  0x0800f545   Data           0  lc_ctype_c.o(locale$$data)
    TimingDelay                              0x20000000   Data           4  main.o(.data)
    CYCLE_ENABLED                            0x20000004   Data           4  main.o(.data)
    reset                                    0x20000008   Data           1  main.o(.data)
    HSEStartUpStatus                         0x20000014   Data           1  usb_bsp.o(.data)
    BSP_delay                                0x20000018   Data           4  usb_bsp.o(.data)
    USR_Callbacks                            0x2000001c   Data          72  usbh_usr.o(.data)
    accel                                    0x20000066   Data           6  accelerometer.o(.data)
    ostart2                                  0x2000006c   Data           4  serie2.o(.data)
    oend2                                    0x20000070   Data           4  serie2.o(.data)
    istart2                                  0x20000074   Data           4  serie2.o(.data)
    iend2                                    0x20000078   Data           4  serie2.o(.data)
    sendfull2                                0x2000007c   Data           1  serie2.o(.data)
    sendactive2                              0x2000007d   Data           1  serie2.o(.data)
    pidFlag                                  0x2000007e   Data           1  steering.o(.data)
    ostart1                                  0x20000084   Data           4  serie1.o(.data)
    oend1                                    0x20000088   Data           4  serie1.o(.data)
    istart1                                  0x2000008c   Data           4  serie1.o(.data)
    iend1                                    0x20000090   Data           4  serie1.o(.data)
    sendfull1                                0x20000094   Data           1  serie1.o(.data)
    sendactive1                              0x20000095   Data           1  serie1.o(.data)
    __stdout                                 0x20000098   Data           4  retarget.o(.data)
    __stdin                                  0x2000009c   Data           4  retarget.o(.data)
    __wifiOut                                0x200000a0   Data           4  retarget.o(.data)
    __wifiIn                                 0x200000a4   Data           4  retarget.o(.data)
    __joyStickOut                            0x200000a8   Data           4  retarget.o(.data)
    __joyStickIn                             0x200000ac   Data           4  retarget.o(.data)
    ostart3                                  0x200000b0   Data           4  serie3.o(.data)
    oend3                                    0x200000b4   Data           4  serie3.o(.data)
    istart3                                  0x200000b8   Data           4  serie3.o(.data)
    iend3                                    0x200000bc   Data           4  serie3.o(.data)
    sendfull3                                0x200000c0   Data           1  serie3.o(.data)
    sendactive3                              0x200000c1   Data           1  serie3.o(.data)
    SystemCoreClock                          0x200000c4   Data           4  system_stm32f4xx.o(.data)
    AHBPrescTable                            0x200000c8   Data          16  system_stm32f4xx.o(.data)
    USBH_HCD_INT_cb                          0x200000e8   Data          12  usbh_core.o(.data)
    USBH_HCD_INT_fops                        0x200000f4   Data           4  usbh_core.o(.data)
    Previous_status                          0x200000f8   Data           4  usbh_core.o(.data)
    Tab_State_Machine_incr                   0x200000fc   Data           4  usbh_core.o(.data)
    HID_Setup                                0x20000108   Data           8  usbh_hid_core.o(.data)
    start_toggle                             0x20000110   Data           1  usbh_hid_core.o(.data)
    HID_cb                                   0x20000114   Data          16  usbh_hid_core.o(.data)
    HID_KEYBRD_cb                            0x20000124   Data           8  usbh_hid_keybd.o(.data)
    data_mouse_x                             0x20000144   Data           1  usbh_hid_mouse.o(.data)
    data_mouse_y                             0x20000145   Data           1  usbh_hid_mouse.o(.data)
    data_mouse_buttons                       0x20000146   Data           1  usbh_hid_mouse.o(.data)
    HID_MOUSE_Data                           0x20000147   Data           4  usbh_hid_mouse.o(.data)
    HID_MOUSE_cb                             0x2000014c   Data           8  usbh_hid_mouse.o(.data)
    USB_OTG_Core_dev                         0x20000154   Data        1452  main.o(.bss)
    USB_Host                                 0x20000700   Data         132  main.o(.bss)
    mrCar                                    0x20000784   Data          28  main.o(.bss)
    mouz                                     0x200007a0   Data          32  usbh_usr.o(.bss)
    outputChannelInit                        0x200007c0   Data          20  motorcontrol.o(.bss)
    timerInitStructure                       0x200007d4   Data          12  motorcontrol.o(.bss)
    orient                                   0x200007e0   Data          12  motorcontrol.o(.bss)
    outbuf2                                  0x200007ec   Data          64  serie2.o(.bss)
    inbuf2                                   0x2000082c   Data          64  serie2.o(.bss)
    pid                                      0x20000870   Data         104  steering.o(.bss)
    dist                                     0x200008d8   Data         104  steering.o(.bss)
    angle                                    0x20000940   Data         104  steering.o(.bss)
    route                                    0x200009a8   Data       16008  steering.o(.bss)
    outbuf1                                  0x20004830   Data          64  serie1.o(.bss)
    inbuf1                                   0x20004870   Data          64  serie1.o(.bss)
    outbuf3                                  0x200048b0   Data          64  serie3.o(.bss)
    inbuf3                                   0x200048f0   Data          64  serie3.o(.bss)
    Tab_State_Machine                        0x20004930   Data         100  usbh_core.o(.bss)
    USBH_CfgDesc                             0x20004994   Data         512  usbh_stdreq.o(.bss)
    HID_Machine                              0x20004b94   Data          84  usbh_hid_core.o(.bss)
    HID_Report                               0x20004be8   Data          72  usbh_hid_core.o(.bss)
    HID_Desc                                 0x20004c30   Data          10  usbh_hid_core.o(.bss)
    __libspace_start                         0x20004c3c   Data          96  libspace.o(.bss)
    __temporary_stack_top$libspace           0x20004c9c   Data           0  libspace.o(.bss)



==============================================================================

Memory Map of the image

  Image Entry point : 0x08000189

  Load Region LR_IROM1 (Base: 0x08000000, Size: 0x0000f79c, Max: 0x00100000, ABSOLUTE, COMPRESSED[0x0000f6c8])

    Execution Region ER_IROM1 (Base: 0x08000000, Size: 0x0000f648, Max: 0x00100000, ABSOLUTE)

    Base Addr    Size         Type   Attr      Idx    E Section Name        Object

    0x08000000   0x00000188   Data   RO          955    RESET               startup_stm32f4xx.o
    0x08000188   0x00000008   Code   RO         1042  * !!!main             c_w.l(__main.o)
    0x08000190   0x00000034   Code   RO         1355    !!!scatter          c_w.l(__scatter.o)
    0x080001c4   0x0000005a   Code   RO         1353    !!dczerorl2         c_w.l(__dczerorl2.o)
    0x0800021e   0x00000002   PAD
    0x08000220   0x0000001c   Code   RO         1357    !!handler_zi        c_w.l(__scatter_zi.o)
    0x0800023c   0x00000000   Code   RO         1026    .ARM.Collect$$_printf_percent$$00000000  c_w.l(_printf_percent.o)
    0x0800023c   0x00000006   Code   RO         1025    .ARM.Collect$$_printf_percent$$00000003  c_w.l(_printf_f.o)
    0x08000242   0x0000000a   Code   RO         1116    .ARM.Collect$$_printf_percent$$00000007  c_w.l(_printf_ll.o)
    0x0800024c   0x00000006   Code   RO         1024    .ARM.Collect$$_printf_percent$$00000009  c_w.l(_printf_d.o)
    0x08000252   0x00000006   Code   RO         1023    .ARM.Collect$$_printf_percent$$0000000C  c_w.l(_printf_x.o)
    0x08000258   0x00000006   Code   RO         1027    .ARM.Collect$$_printf_percent$$0000000E  c_w.l(_printf_lld.o)
    0x0800025e   0x00000006   Code   RO         1021    .ARM.Collect$$_printf_percent$$00000013  c_w.l(_printf_c.o)
    0x08000264   0x00000006   Code   RO         1022    .ARM.Collect$$_printf_percent$$00000014  c_w.l(_printf_s.o)
    0x0800026a   0x00000004   Code   RO         1115    .ARM.Collect$$_printf_percent$$00000017  c_w.l(_printf_percent_end.o)
    0x0800026e   0x00000002   Code   RO         1228    .ARM.Collect$$libinit$$00000000  c_w.l(libinit.o)
    0x08000270   0x00000004   Code   RO         1229    .ARM.Collect$$libinit$$00000001  c_w.l(libinit2.o)
    0x08000274   0x00000000   Code   RO         1232    .ARM.Collect$$libinit$$00000004  c_w.l(libinit2.o)
    0x08000274   0x00000000   Code   RO         1235    .ARM.Collect$$libinit$$0000000A  c_w.l(libinit2.o)
    0x08000274   0x00000000   Code   RO         1237    .ARM.Collect$$libinit$$0000000C  c_w.l(libinit2.o)
    0x08000274   0x00000000   Code   RO         1239    .ARM.Collect$$libinit$$0000000E  c_w.l(libinit2.o)
    0x08000274   0x00000006   Code   RO         1240    .ARM.Collect$$libinit$$0000000F  c_w.l(libinit2.o)
    0x0800027a   0x00000000   Code   RO         1242    .ARM.Collect$$libinit$$00000011  c_w.l(libinit2.o)
    0x0800027a   0x0000000c   Code   RO         1243    .ARM.Collect$$libinit$$00000012  c_w.l(libinit2.o)
    0x08000286   0x00000000   Code   RO         1244    .ARM.Collect$$libinit$$00000013  c_w.l(libinit2.o)
    0x08000286   0x00000000   Code   RO         1246    .ARM.Collect$$libinit$$00000015  c_w.l(libinit2.o)
    0x08000286   0x0000000a   Code   RO         1247    .ARM.Collect$$libinit$$00000016  c_w.l(libinit2.o)
    0x08000290   0x00000000   Code   RO         1248    .ARM.Collect$$libinit$$00000017  c_w.l(libinit2.o)
    0x08000290   0x00000000   Code   RO         1250    .ARM.Collect$$libinit$$00000019  c_w.l(libinit2.o)
    0x08000290   0x00000000   Code   RO         1252    .ARM.Collect$$libinit$$0000001B  c_w.l(libinit2.o)
    0x08000290   0x00000000   Code   RO         1254    .ARM.Collect$$libinit$$0000001D  c_w.l(libinit2.o)
    0x08000290   0x00000000   Code   RO         1256    .ARM.Collect$$libinit$$0000001F  c_w.l(libinit2.o)
    0x08000290   0x00000000   Code   RO         1258    .ARM.Collect$$libinit$$00000021  c_w.l(libinit2.o)
    0x08000290   0x00000000   Code   RO         1260    .ARM.Collect$$libinit$$00000023  c_w.l(libinit2.o)
    0x08000290   0x00000000   Code   RO         1262    .ARM.Collect$$libinit$$00000025  c_w.l(libinit2.o)
    0x08000290   0x00000000   Code   RO         1266    .ARM.Collect$$libinit$$0000002C  c_w.l(libinit2.o)
    0x08000290   0x00000000   Code   RO         1268    .ARM.Collect$$libinit$$0000002E  c_w.l(libinit2.o)
    0x08000290   0x00000000   Code   RO         1270    .ARM.Collect$$libinit$$00000030  c_w.l(libinit2.o)
    0x08000290   0x00000000   Code   RO         1272    .ARM.Collect$$libinit$$00000032  c_w.l(libinit2.o)
    0x08000290   0x00000002   Code   RO         1273    .ARM.Collect$$libinit$$00000033  c_w.l(libinit2.o)
    0x08000292   0x00000002   Code   RO         1304    .ARM.Collect$$libshutdown$$00000000  c_w.l(libshutdown.o)
    0x08000294   0x00000000   Code   RO         1316    .ARM.Collect$$libshutdown$$00000003  c_w.l(libshutdown2.o)
    0x08000294   0x00000000   Code   RO         1319    .ARM.Collect$$libshutdown$$00000006  c_w.l(libshutdown2.o)
    0x08000294   0x00000000   Code   RO         1322    .ARM.Collect$$libshutdown$$00000009  c_w.l(libshutdown2.o)
    0x08000294   0x00000000   Code   RO         1324    .ARM.Collect$$libshutdown$$0000000B  c_w.l(libshutdown2.o)
    0x08000294   0x00000000   Code   RO         1327    .ARM.Collect$$libshutdown$$0000000E  c_w.l(libshutdown2.o)
    0x08000294   0x00000002   Code   RO         1328    .ARM.Collect$$libshutdown$$0000000F  c_w.l(libshutdown2.o)
    0x08000296   0x00000000   Code   RO         1102    .ARM.Collect$$rtentry$$00000000  c_w.l(__rtentry.o)
    0x08000296   0x00000000   Code   RO         1148    .ARM.Collect$$rtentry$$00000002  c_w.l(__rtentry2.o)
    0x08000296   0x00000006   Code   RO         1160    .ARM.Collect$$rtentry$$00000004  c_w.l(__rtentry4.o)
    0x0800029c   0x00000000   Code   RO         1150    .ARM.Collect$$rtentry$$00000009  c_w.l(__rtentry2.o)
    0x0800029c   0x00000004   Code   RO         1151    .ARM.Collect$$rtentry$$0000000A  c_w.l(__rtentry2.o)
    0x080002a0   0x00000000   Code   RO         1153    .ARM.Collect$$rtentry$$0000000C  c_w.l(__rtentry2.o)
    0x080002a0   0x00000008   Code   RO         1154    .ARM.Collect$$rtentry$$0000000D  c_w.l(__rtentry2.o)
    0x080002a8   0x00000002   Code   RO         1274    .ARM.Collect$$rtexit$$00000000  c_w.l(rtexit.o)
    0x080002aa   0x00000000   Code   RO         1284    .ARM.Collect$$rtexit$$00000002  c_w.l(rtexit2.o)
    0x080002aa   0x00000004   Code   RO         1285    .ARM.Collect$$rtexit$$00000003  c_w.l(rtexit2.o)
    0x080002ae   0x00000006   Code   RO         1286    .ARM.Collect$$rtexit$$00000004  c_w.l(rtexit2.o)
    0x080002b4   0x0000058c   Code   RO            2    .text               main.o
    0x08000840   0x00000240   Code   RO          206    .text               usb_bsp.o
    0x08000a80   0x00000594   Code   RO          229    .text               usbh_usr.o
    0x08001014   0x000001f0   Code   RO          268    .text               car.o
    0x08001204   0x00000254   Code   RO          290    .text               accelerometer.o
    0x08001458   0x0000007c   Code   RO          312    .text               general.o
    0x080014d4   0x00000034   Code   RO          328    .text               irsensors.o
    0x08001508   0x00000034   Code   RO          344    .text               ledring.o
    0x0800153c   0x00000224   Code   RO          360    .text               motorcontrol.o
    0x08001760   0x00000284   Code   RO          382    .text               serie2.o
    0x080019e4   0x000006ec   Code   RO          405    .text               steering.o
    0x080020d0   0x0000049c   Code   RO          432    .text               interface.o
    0x0800256c   0x00000264   Code   RO          456    .text               serie1.o
    0x080027d0   0x0000005c   Code   RO          479    .text               esp8266.o
    0x0800282c   0x00000074   Code   RO          496    .text               retarget.o
    0x080028a0   0x00000284   Code   RO          519    .text               serie3.o
    0x08002b24   0x00000008   Code   RO          542    .text               joystick.o
    0x08002b2c   0x00000210   Code   RO          558    .text               system_stm32f4xx.o
    0x08002d3c   0x00000038   Code   RO          580    .text               stm32f4xx_it.o
    0x08002d74   0x00000d7c   Code   RO          604    .text               stm32f4xx_rcc.o
    0x08003af0   0x00003294   Code   RO          622    .text               stm32f4xx_tim_1.o
    0x08006d84   0x00000eb8   Code   RO          638    .text               stm32f4xx_usart.o
    0x08007c3c   0x00000310   Code   RO          654    .text               stm32f4xx_exti.o
    0x08007f4c   0x0000091a   Code   RO          670    .text               stm32f4xx_gpio.o
    0x08008866   0x00000002   PAD
    0x08008868   0x000001f0   Code   RO          686    .text               misc.o
    0x08008a58   0x00000188   Code   RO          702    .text               stm32f4xx_syscfg.o
    0x08008be0   0x00000bc8   Code   RO          718    .text               stm32f4xx_spi.o
    0x080097a8   0x0000069c   Code   RO          734    .text               usbh_core.o
    0x08009e44   0x00000186   Code   RO          757    .text               usbh_hcs.o
    0x08009fca   0x000003a8   Code   RO          773    .text               usbh_ioreq.o
    0x0800a372   0x00000002   PAD
    0x0800a374   0x000003d8   Code   RO          789    .text               usbh_stdreq.o
    0x0800a74c   0x00000c2a   Code   RO          812    .text               usb_core.o
    0x0800b376   0x000000e4   Code   RO          828    .text               usb_hcd.o
    0x0800b45a   0x00000002   PAD
    0x0800b45c   0x00000e74   Code   RO          844    .text               usb_hcd_int.o
    0x0800c2d0   0x00000484   Code   RO          860    .text               usbh_hid_core.o
    0x0800c754   0x0000015c   Code   RO          891    .text               usbh_hid_keybd.o
    0x0800c8b0   0x00000028   Code   RO          913    .text               usbh_hid_mouse.o
    0x0800c8d8   0x00000050   Code   RO          956    .text               startup_stm32f4xx.o
    0x0800c928   0x00000018   Code   RO          966    .text               c_w.l(noretval__2printf.o)
    0x0800c940   0x00000014   Code   RO          968    .text               c_w.l(noretval__2fprintf.o)
    0x0800c954   0x0000004e   Code   RO          972    .text               c_w.l(_printf_pad.o)
    0x0800c9a2   0x00000052   Code   RO          974    .text               c_w.l(_printf_str.o)
    0x0800c9f4   0x00000078   Code   RO          976    .text               c_w.l(_printf_dec.o)
    0x0800ca6c   0x0000007c   Code   RO          978    .text               c_w.l(_printf_longlong_dec.o)
    0x0800cae8   0x00000058   Code   RO          983    .text               c_w.l(_printf_hex_int.o)
    0x0800cb40   0x00000188   Code   RO         1018    .text               c_w.l(__printf_flags_ss_wp.o)
    0x0800ccc8   0x0000003c   Code   RO         1028    .text               c_w.l(__0sscanf.o)
    0x0800cd04   0x00000156   Code   RO         1030    .text               c_w.l(_scanf_longlong.o)
    0x0800ce5a   0x0000014c   Code   RO         1032    .text               c_w.l(_scanf_int.o)
    0x0800cfa6   0x00000004   Code   RO         1034    .text               c_w.l(putc.o)
    0x0800cfaa   0x00000048   Code   RO         1036    .text               c_w.l(strcpy.o)
    0x0800cff2   0x00000002   PAD
    0x0800cff4   0x00000080   Code   RO         1038    .text               c_w.l(strcmpv7m.o)
    0x0800d074   0x00000006   Code   RO         1040    .text               c_w.l(heapauxi.o)
    0x0800d07a   0x0000008a   Code   RO         1103    .text               c_w.l(lludiv10.o)
    0x0800d104   0x00000016   Code   RO         1105    .text               c_w.l(_rserrno.o)
    0x0800d11a   0x000000b2   Code   RO         1107    .text               c_w.l(_printf_intcommon.o)
    0x0800d1cc   0x0000041a   Code   RO         1109    .text               c_w.l(_printf_fp_dec.o)
    0x0800d5e6   0x0000002c   Code   RO         1111    .text               c_w.l(_printf_char.o)
    0x0800d612   0x00000002   PAD
    0x0800d614   0x00000024   Code   RO         1113    .text               c_w.l(_printf_char_file.o)
    0x0800d638   0x0000001c   Code   RO         1117    .text               c_w.l(_chval.o)
    0x0800d654   0x0000002c   Code   RO         1119    .text               c_w.l(scanf_char.o)
    0x0800d680   0x00000040   Code   RO         1121    .text               c_w.l(_sgetc.o)
    0x0800d6c0   0x00000008   Code   RO         1165    .text               c_w.l(rt_locale_intlibspace.o)
    0x0800d6c8   0x00000008   Code   RO         1170    .text               c_w.l(rt_errno_addr_intlibspace.o)
    0x0800d6d0   0x00000012   Code   RO         1172    .text               c_w.l(isspace.o)
    0x0800d6e2   0x00000002   PAD
    0x0800d6e4   0x00000030   Code   RO         1174    .text               c_w.l(_printf_char_common.o)
    0x0800d714   0x00000080   Code   RO         1176    .text               c_w.l(_printf_fp_infnan.o)
    0x0800d794   0x00000374   Code   RO         1178    .text               c_w.l(_scanf.o)
    0x0800db08   0x000000dc   Code   RO         1180    .text               c_w.l(bigflt0.o)
    0x0800dbe4   0x00000008   Code   RO         1212    .text               c_w.l(libspace.o)
    0x0800dbec   0x0000004a   Code   RO         1215    .text               c_w.l(sys_stackheap_outer.o)
    0x0800dc36   0x00000002   PAD
    0x0800dc38   0x00000010   Code   RO         1217    .text               c_w.l(rt_ctype_table.o)
    0x0800dc48   0x0000000c   Code   RO         1221    .text               c_w.l(exit.o)
    0x0800dc54   0x0000003e   Code   RO         1183    CL$$btod_d2e        c_w.l(btod.o)
    0x0800dc92   0x00000046   Code   RO         1185    CL$$btod_d2e_denorm_low  c_w.l(btod.o)
    0x0800dcd8   0x00000060   Code   RO         1184    CL$$btod_d2e_norm_op1  c_w.l(btod.o)
    0x0800dd38   0x00000338   Code   RO         1193    CL$$btod_div_common  c_w.l(btod.o)
    0x0800e070   0x000000c6   Code   RO         1190    CL$$btod_e2e        c_w.l(btod.o)
    0x0800e136   0x00000028   Code   RO         1187    CL$$btod_ediv       c_w.l(btod.o)
    0x0800e15e   0x00000028   Code   RO         1186    CL$$btod_emul       c_w.l(btod.o)
    0x0800e186   0x00000244   Code   RO         1192    CL$$btod_mult_common  c_w.l(btod.o)
    0x0800e3ca   0x00000030   Code   RO         1210    i.__ARM_fpclassify  m_wm.l(fpclassify.o)
    0x0800e3fa   0x00000026   Code   RO         1128    i.__ARM_fpclassifyf  m_wm.l(fpclassifyf.o)
    0x0800e420   0x00000160   Code   RO         1054    i.__hardfp_atanf    m_wm.l(atanf.o)
    0x0800e580   0x00000150   Code   RO         1066    i.__hardfp_cosf     m_wm.l(cosf.o)
    0x0800e6d0   0x00000190   Code   RO         1078    i.__hardfp_sinf     m_wm.l(sinf.o)
    0x0800e860   0x0000003a   Code   RO         1090    i.__hardfp_sqrtf    m_wm.l(sqrtf.o)
    0x0800e89a   0x00000006   Code   RO         1131    i.__mathlib_flt_infnan  m_wm.l(funder.o)
    0x0800e8a0   0x00000010   Code   RO         1133    i.__mathlib_flt_invalid  m_wm.l(funder.o)
    0x0800e8b0   0x00000010   Code   RO         1136    i.__mathlib_flt_underflow  m_wm.l(funder.o)
    0x0800e8c0   0x00000154   Code   RO         1144    i.__mathlib_rredf2  m_wm.l(rredf.o)
    0x0800ea14   0x0000000e   Code   RO         1011    i._is_digit         c_w.l(__printf_wp.o)
    0x0800ea22   0x00000002   PAD
    0x0800ea24   0x0000002c   Code   RO         1206    locale$$code        c_w.l(lc_numeric_c.o)
    0x0800ea50   0x0000002c   Code   RO         1277    locale$$code        c_w.l(lc_ctype_c.o)
    0x0800ea7c   0x0000000c   Code   RO         1123    x$fpl$dretinf       fz_wm.l(dretinf.o)
    0x0800ea88   0x00000056   Code   RO         1044    x$fpl$f2d           fz_wm.l(f2d.o)
    0x0800eade   0x00000060   Code   RO         1050    x$fpl$ffltll        fz_wm.l(ffltll_clz.o)
    0x0800eb3e   0x0000008c   Code   RO         1125    x$fpl$fnaninf       fz_wm.l(fnaninf.o)
    0x0800ebca   0x0000000a   Code   RO         1281    x$fpl$fpinit        fz_wm.l(fpinit.o)
    0x0800ebd4   0x00000086   Code   RO         1046    x$fpl$llsfromf      fz_wm.l(ffixll.o)
    0x0800ec5a   0x00000004   Code   RO         1052    x$fpl$printf1       fz_wm.l(printf1.o)
    0x0800ec5e   0x00000000   Code   RO         1127    x$fpl$usenofp       fz_wm.l(usenofp.o)
    0x0800ec5e   0x00000148   Data   RO          231    .constdata          usbh_usr.o
    0x0800eda6   0x00000002   PAD
    0x0800eda8   0x0000042c   Data   RO          433    .constdata          interface.o
    0x0800f1d4   0x000001ec   Data   RO          892    .constdata          usbh_hid_keybd.o
    0x0800f3c0   0x00000028   Data   RO          984    .constdata          c_w.l(_printf_hex_int.o)
    0x0800f3e8   0x00000011   Data   RO         1019    .constdata          c_w.l(__printf_flags_ss_wp.o)
    0x0800f3f9   0x00000003   PAD
    0x0800f3fc   0x00000020   Data   RO         1145    .constdata          m_wm.l(rredf.o)
    0x0800f41c   0x00000094   Data   RO         1181    .constdata          c_w.l(bigflt0.o)
    0x0800f4b0   0x0000004a   Data   RO          270    .conststring        car.o
    0x0800f4fa   0x00000002   PAD
    0x0800f4fc   0x00000020   Data   RO         1351    Region$$Table       anon$$obj.o
    0x0800f51c   0x0000001c   Data   RO         1205    locale$$data        c_w.l(lc_numeric_c.o)
    0x0800f538   0x00000110   Data   RO         1276    locale$$data        c_w.l(lc_ctype_c.o)


    Execution Region RW_IRAM1 (Base: 0x20000000, Size: 0x000052a0, Max: 0x00020000, ABSOLUTE, COMPRESSED[0x00000080])

    Base Addr    Size         Type   Attr      Idx    E Section Name        Object

    0x20000000   0x00000014   Data   RW            4    .data               main.o
    0x20000014   0x00000008   Data   RW          207    .data               usb_bsp.o
    0x2000001c   0x00000048   Data   RW          232    .data               usbh_usr.o
    0x20000064   0x00000002   Data   RW          271    .data               car.o
    0x20000066   0x00000006   Data   RW          291    .data               accelerometer.o
    0x2000006c   0x00000012   Data   RW          384    .data               serie2.o
    0x2000007e   0x00000001   Data   RW          407    .data               steering.o
    0x2000007f   0x00000001   PAD
    0x20000080   0x00000004   Data   RW          434    .data               interface.o
    0x20000084   0x00000012   Data   RW          458    .data               serie1.o
    0x20000096   0x00000002   PAD
    0x20000098   0x00000018   Data   RW          497    .data               retarget.o
    0x200000b0   0x00000012   Data   RW          521    .data               serie3.o
    0x200000c2   0x00000002   PAD
    0x200000c4   0x00000014   Data   RW          559    .data               system_stm32f4xx.o
    0x200000d8   0x00000010   Data   RW          605    .data               stm32f4xx_rcc.o
    0x200000e8   0x0000001a   Data   RW          736    .data               usbh_core.o
    0x20000102   0x00000003   Data   RW          791    .data               usbh_stdreq.o
    0x20000105   0x00000003   PAD
    0x20000108   0x0000001c   Data   RW          862    .data               usbh_hid_core.o
    0x20000124   0x0000001f   Data   RW          893    .data               usbh_hid_keybd.o
    0x20000143   0x00000001   PAD
    0x20000144   0x00000010   Data   RW          914    .data               usbh_hid_mouse.o
    0x20000154   0x0000064c   Zero   RW            3    .bss                main.o
    0x200007a0   0x00000020   Zero   RW          230    .bss                usbh_usr.o
    0x200007c0   0x0000002c   Zero   RW          361    .bss                motorcontrol.o
    0x200007ec   0x00000080   Zero   RW          383    .bss                serie2.o
    0x2000086c   0x00000004   PAD
    0x20000870   0x00003fc0   Zero   RW          406    .bss                steering.o
    0x20004830   0x00000080   Zero   RW          457    .bss                serie1.o
    0x200048b0   0x00000080   Zero   RW          520    .bss                serie3.o
    0x20004930   0x00000064   Zero   RW          735    .bss                usbh_core.o
    0x20004994   0x00000200   Zero   RW          790    .bss                usbh_stdreq.o
    0x20004b94   0x000000a6   Zero   RW          861    .bss                usbh_hid_core.o
    0x20004c3a   0x00000002   PAD
    0x20004c3c   0x00000060   Zero   RW         1213    .bss                c_w.l(libspace.o)
    0x20004c9c   0x00000004   PAD
    0x20004ca0   0x00000200   Zero   RW          954    HEAP                startup_stm32f4xx.o
    0x20004ea0   0x00000400   Zero   RW          953    STACK               startup_stm32f4xx.o


==============================================================================

Image component sizes


      Code (inc. data)   RO Data    RW Data    ZI Data      Debug   Object Name

       596         18          0          6          0       2330   accelerometer.o
       496         64         74          2          0       2280   car.o
        92         36          0          0          0        671   esp8266.o
       124          4          0          0          0        775   general.o
      1180        206       1068          4          0       6254   interface.o
        52          6          0          0          0        505   irsensors.o
         8          0          0          0          0        471   joystick.o
        52          4          0          0          0        507   ledring.o
      1420        222          0         20       1612     323136   main.o
       496         78          0          0          0       2141   misc.o
       548         20          0          0         44       3227   motorcontrol.o
       116         16          0         24          0       3332   retarget.o
       612         42          0         18        128       2693   serie1.o
       644         46          0         18        128       2680   serie2.o
       644         42          0         18        128       2681   serie3.o
        80         32        392          0       1536        848   startup_stm32f4xx.o
      1772        138          0          1      16320       6249   steering.o
       784         74          0          0          0       2823   stm32f4xx_exti.o
      2330        136          0          0          0       5317   stm32f4xx_gpio.o
        56          6          0          0          0       1628   stm32f4xx_it.o
      3452        262          0         16          0      13043   stm32f4xx_rcc.o
      3016        118          0          0          0       8205   stm32f4xx_spi.o
       392         76          0          0          0       1851   stm32f4xx_syscfg.o
     12948        670          0          0          0      29352   stm32f4xx_tim_1.o
      3768        168          0          0          0       9688   stm32f4xx_usart.o
       528         46          0         20          0       1863   system_stm32f4xx.o
       576         14          0          8          0       3648   usb_bsp.o
      3114         10          0          0          0      10098   usb_core.o
       228          0          0          0          0       3216   usb_hcd.o
      3700         10          0          0          0       6699   usb_hcd_int.o
      1692         58          0         26        100       6320   usbh_core.o
       390          0          0          0          0       2692   usbh_hcs.o
      1156         32          0         28        166       6302   usbh_hid_core.o
       348         44        492         31          0       2112   usbh_hid_keybd.o
        40          6          0         16          0       2035   usbh_hid_mouse.o
       936          0          0          0          0       4432   usbh_ioreq.o
       984         12          0          3        512       5941   usbh_stdreq.o
      1428        304        328         72         32       7751   usbh_usr.o

    ----------------------------------------------------------------------
     50804       3020       2390        340      20712     495796   Object Totals
         0          0         32          0          0          0   (incl. Generated)
         6          0          4          9          6          0   (incl. Padding)

    ----------------------------------------------------------------------

      Code (inc. data)   RO Data    RW Data    ZI Data      Debug   Library Member Name

        60          8          0          0          0         84   __0sscanf.o
        90          0          0          0          0          0   __dczerorl2.o
         8          0          0          0          0         68   __main.o
       392          4         17          0          0         92   __printf_flags_ss_wp.o
        14          0          0          0          0         68   __printf_wp.o
         0          0          0          0          0          0   __rtentry.o
        12          0          0          0          0          0   __rtentry2.o
         6          0          0          0          0          0   __rtentry4.o
        52          8          0          0          0          0   __scatter.o
        28          0          0          0          0          0   __scatter_zi.o
        28          0          0          0          0         68   _chval.o
         6          0          0          0          0          0   _printf_c.o
        44          0          0          0          0        108   _printf_char.o
        48          6          0          0          0         96   _printf_char_common.o
        36          4          0          0          0         80   _printf_char_file.o
         6          0          0          0          0          0   _printf_d.o
       120         16          0          0          0         92   _printf_dec.o
         6          0          0          0          0          0   _printf_f.o
      1050          0          0          0          0        216   _printf_fp_dec.o
       128         16          0          0          0         84   _printf_fp_infnan.o
        88          4         40          0          0         88   _printf_hex_int.o
       178          0          0          0          0         88   _printf_intcommon.o
        10          0          0          0          0          0   _printf_ll.o
         6          0          0          0          0          0   _printf_lld.o
       124         16          0          0          0         92   _printf_longlong_dec.o
        78          0          0          0          0        108   _printf_pad.o
         0          0          0          0          0          0   _printf_percent.o
         4          0          0          0          0          0   _printf_percent_end.o
         6          0          0          0          0          0   _printf_s.o
        82          0          0          0          0         80   _printf_str.o
         6          0          0          0          0          0   _printf_x.o
        22          0          0          0          0        100   _rserrno.o
       884          6          0          0          0        100   _scanf.o
       332          0          0          0          0         96   _scanf_int.o
       342          0          0          0          0        100   _scanf_longlong.o
        64          0          0          0          0         84   _sgetc.o
       220          4        148          0          0         96   bigflt0.o
      1910        128          0          0          0        672   btod.o
        12          0          0          0          0         72   exit.o
         6          0          0          0          0        152   heapauxi.o
        18          0          0          0          0         76   isspace.o
        44         10        272          0          0         76   lc_ctype_c.o
        44         10         28          0          0         76   lc_numeric_c.o
         2          0          0          0          0          0   libinit.o
        34          0          0          0          0          0   libinit2.o
         2          0          0          0          0          0   libshutdown.o
         2          0          0          0          0          0   libshutdown2.o
         8          4          0          0         96         68   libspace.o
       138          0          0          0          0         80   lludiv10.o
        20          0          0          0          0         84   noretval__2fprintf.o
        24          4          0          0          0         84   noretval__2printf.o
         4          0          0          0          0         68   putc.o
        16          4          0          0          0         76   rt_ctype_table.o
         8          4          0          0          0         68   rt_errno_addr_intlibspace.o
         8          4          0          0          0         68   rt_locale_intlibspace.o
         2          0          0          0          0          0   rtexit.o
        10          0          0          0          0          0   rtexit2.o
        44          8          0          0          0         84   scanf_char.o
       128          0          0          0          0         68   strcmpv7m.o
        72          0          0          0          0         80   strcpy.o
        74          0          0          0          0         80   sys_stackheap_outer.o
        12          0          0          0          0        116   dretinf.o
        86          4          0          0          0        132   f2d.o
       134          4          0          0          0        132   ffixll.o
        96          0          0          0          0        132   ffltll_clz.o
       140          4          0          0          0        132   fnaninf.o
        10          0          0          0          0        116   fpinit.o
         4          0          0          0          0        116   printf1.o
         0          0          0          0          0          0   usenofp.o
       352         56          0          0          0        172   atanf.o
       336         56          0          0          0        136   cosf.o
        48          0          0          0          0        124   fpclassify.o
        38          0          0          0          0        116   fpclassifyf.o
        38         12          0          0          0        348   funder.o
       340         24         32          0          0        160   rredf.o
       400         56          0          0          0        212   sinf.o
        58          0          0          0          0        136   sqrtf.o

    ----------------------------------------------------------------------
      9314        484        540          0        100       6400   Library Totals
        12          0          3          0          4          0   (incl. Padding)

    ----------------------------------------------------------------------

      Code (inc. data)   RO Data    RW Data    ZI Data      Debug   Library Name

      7210        268        505          0         96       4120   c_w.l
       482         12          0          0          0        876   fz_wm.l
      1610        204         32          0          0       1404   m_wm.l

    ----------------------------------------------------------------------
      9314        484        540          0        100       6400   Library Totals

    ----------------------------------------------------------------------

==============================================================================


      Code (inc. data)   RO Data    RW Data    ZI Data      Debug   

     60118       3504       2930        340      20812     491408   Grand Totals
     60118       3504       2930        128      20812     491408   ELF Image Totals (compressed)
     60118       3504       2930        128          0          0   ROM Totals

==============================================================================

    Total RO  Size (Code + RO Data)                63048 (  61.57kB)
    Total RW  Size (RW Data + ZI Data)             21152 (  20.66kB)
    Total ROM Size (Code + RO Data + RW Data)      63176 (  61.70kB)

==============================================================================

