Component: ARM Compiler 5.05 update 1 (build 106) Tool: armlink [4d0efa]

==============================================================================

Section Cross References

    main.o(.text) refers to _printf_percent.o(.ARM.Collect$$_printf_percent$$00000000) for _printf_percent
    main.o(.text) refers to _printf_c.o(.ARM.Collect$$_printf_percent$$00000013) for _printf_c
    main.o(.text) refers to _printf_str.o(.text) for _printf_str
    main.o(.text) refers to _printf_s.o(.ARM.Collect$$_printf_percent$$00000014) for _printf_s
    main.o(.text) refers to car.o(.text) for CHCKSTAT
    main.o(.text) refers to serie2.o(.text) for _putchar2
    main.o(.text) refers to noretval__2printf.o(.text) for __2printf
    main.o(.text) refers to stm32f4xx_rcc.o(.text) for RCC_GetClocksFreq
    main.o(.text) refers to usbh_core.o(.text) for USBH_Init
    main.o(.text) refers to esp8266.o(.text) for ESPinit
    main.o(.text) refers to joystick.o(.text) for joyStickInit
    main.o(.text) refers to general.o(.text) for generalInit
    main.o(.text) refers to main.o(.data) for .data
    main.o(.text) refers to usbh_usr.o(.data) for USR_Callbacks
    main.o(.text) refers to usbh_hid_core.o(.data) for HID_cb
    main.o(.text) refers to main.o(.bss) for .bss
    main.o(.text) refers to serie2.o(.data) for istart2
    main.o(.text) refers to interface.o(.text) for promptInput
    main.o(.text) refers to strcpy.o(.text) for strcpy
    main.o(.text) refers to stm32f4xx_exti.o(.text) for EXTI_GetITStatus
    main.o(.text) refers to interface.o(.constdata) for commandVec
    usb_bsp.o(.text) refers to stm32f4xx_rcc.o(.text) for RCC_AHB1PeriphClockCmd
    usb_bsp.o(.text) refers to stm32f4xx_gpio.o(.text) for GPIO_Init
    usb_bsp.o(.text) refers to misc.o(.text) for NVIC_SetVectorTable
    usb_bsp.o(.text) refers to stm32f4xx_tim_1.o(.text) for TIM_Cmd
    usb_bsp.o(.text) refers to usb_bsp.o(.data) for .data
    usbh_usr.o(.text) refers to _printf_percent.o(.ARM.Collect$$_printf_percent$$00000000) for _printf_percent
    usbh_usr.o(.text) refers to _printf_s.o(.ARM.Collect$$_printf_percent$$00000014) for _printf_s
    usbh_usr.o(.text) refers to _printf_str.o(.text) for _printf_str
    usbh_usr.o(.text) refers to _printf_pad.o(.text) for _printf_pre_padding
    usbh_usr.o(.text) refers to _printf_x.o(.ARM.Collect$$_printf_percent$$0000000C) for _printf_x
    usbh_usr.o(.text) refers to _printf_hex_int.o(.text) for _printf_longlong_hex
    usbh_usr.o(.text) refers to serie2.o(.text) for _putchar2
    usbh_usr.o(.text) refers to noretval__2printf.o(.text) for __2printf
    usbh_usr.o(.text) refers to cosf.o(i.__hardfp_cosf) for __hardfp_cosf
    usbh_usr.o(.text) refers to ffixll.o(x$fpl$llsfromf) for __aeabi_f2lz
    usbh_usr.o(.text) refers to sinf.o(i.__hardfp_sinf) for __hardfp_sinf
    usbh_usr.o(.text) refers to usbh_usr.o(.constdata) for .constdata
    usbh_usr.o(.text) refers to usbh_usr.o(.bss) for .bss
    usbh_usr.o(.text) refers to motorcontrol.o(.text) for turn
    usbh_usr.o(.text) refers to main.o(.text) for Delay
    usbh_usr.o(.text) refers to usbh_usr.o(.data) for .data
    usbh_usr.o(.data) refers to usbh_usr.o(.text) for USBH_USR_Init
    general.o(.text) refers to stm32f4xx_rcc.o(.text) for RCC_AHB1PeriphClockCmd
    general.o(.text) refers to stm32f4xx_gpio.o(.text) for GPIO_Init
    general.o(.text) refers to stm32f4xx_syscfg.o(.text) for SYSCFG_EXTILineConfig
    general.o(.text) refers to stm32f4xx_exti.o(.text) for EXTI_Init
    general.o(.text) refers to misc.o(.text) for NVIC_Init
    general.o(.text) refers to ledring.o(.text) for initLeds
    ledring.o(.text) refers to stm32f4xx_rcc.o(.text) for RCC_AHB1PeriphClockCmd
    ledring.o(.text) refers to stm32f4xx_gpio.o(.text) for GPIO_Init
    interface.o(.text) refers to _scanf_longlong.o(.text) for _scanf_longlong
    interface.o(.text) refers to _scanf_int.o(.text) for _scanf_int
    interface.o(.text) refers to _printf_percent.o(.ARM.Collect$$_printf_percent$$00000000) for _printf_percent
    interface.o(.text) refers to _printf_s.o(.ARM.Collect$$_printf_percent$$00000014) for _printf_s
    interface.o(.text) refers to _printf_str.o(.text) for _printf_str
    interface.o(.text) refers to _printf_x.o(.ARM.Collect$$_printf_percent$$0000000C) for _printf_x
    interface.o(.text) refers to _printf_hex_int.o(.text) for _printf_longlong_hex
    interface.o(.text) refers to car.o(.text) for sendReport
    interface.o(.text) refers to __0sscanf.o(.text) for __0sscanf
    interface.o(.text) refers to steering.o(.text) for addPoint
    interface.o(.text) refers to putc.o(.text) for putc
    interface.o(.text) refers to serie2.o(.text) for _getkey2
    interface.o(.text) refers to noretval__2printf.o(.text) for __2printf
    interface.o(.text) refers to strcmpv7m.o(.text) for strcmp
    interface.o(.text) refers to main.o(.bss) for mrCar
    interface.o(.text) refers to retarget.o(.data) for __stdout
[...]
    USR_MOUSE_ProcessData                    0x08000f5f   Thumb Code   742  usbh_usr.o(.text)
    USR_KEYBRD_Init                          0x08001245   Thumb Code     2  usbh_usr.o(.text)
    USR_KEYBRD_ProcessData                   0x08001247   Thumb Code    34  usbh_usr.o(.text)
    USBH_USR_DeInit                          0x08001269   Thumb Code     2  usbh_usr.o(.text)
    button_setup                             0x08001299   Thumb Code   100  general.o(.text)
    generalInit                              0x080012fd   Thumb Code   106  general.o(.text)
    initLeds                                 0x0800136d   Thumb Code    52  ledring.o(.text)
    _report                                  0x080013a5   Thumb Code    12  interface.o(.text)
    _checkPos                                0x080013b1   Thumb Code    12  interface.o(.text)
    _addPoint                                0x080013bd   Thumb Code    38  interface.o(.text)
    _switchCurrentPoint                      0x080013e3   Thumb Code    38  interface.o(.text)
    _selectMode                              0x08001409   Thumb Code    20  interface.o(.text)
    _playHorn                                0x0800141d   Thumb Code    10  interface.o(.text)
    esc                                      0x08001427   Thumb Code    54  interface.o(.text)
    isL                                      0x0800145d   Thumb Code    18  interface.o(.text)
    isN                                      0x0800146f   Thumb Code    12  interface.o(.text)
    isS                                      0x0800147b   Thumb Code    30  interface.o(.text)
    isCharValid                              0x08001499   Thumb Code    54  interface.o(.text)
    promptInput                              0x080014cf   Thumb Code   288  interface.o(.text)
    getCommand                               0x080015ef   Thumb Code    98  interface.o(.text)
    stringToBin                              0x08001651   Thumb Code    82  interface.o(.text)
    getArgument                              0x080016a3   Thumb Code   180  interface.o(.text)
    _help                                    0x08001757   Thumb Code   194  interface.o(.text)
    _version                                 0x08001819   Thumb Code    12  interface.o(.text)
    fputc                                    0x0800185d   Thumb Code    28  retarget.o(.text)
    fgetc                                    0x08001879   Thumb Code    24  retarget.o(.text)
    _ttywrch                                 0x08001891   Thumb Code     6  retarget.o(.text)
    ferror                                   0x08001897   Thumb Code     6  retarget.o(.text)
    _sys_exit                                0x0800189d   Thumb Code     2  retarget.o(.text)
    joyStickInit                             0x080018b1   Thumb Code     4  joystick.o(.text)
    pid_algor                                0x080018b5   Thumb Code   198  pid.o(.text)
    PID_configTimer                          0x0800197b   Thumb Code    98  pid.o(.text)
    printPIDSettings                         0x080019dd   Thumb Code   118  pid.o(.text)
    SystemInit                               0x08001a8d   Thumb Code   224  system_stm32f4xx.o(.text)
    SystemCoreClockUpdate                    0x08001b6d   Thumb Code   112  system_stm32f4xx.o(.text)
    NMI_Handler                              0x08001c15   Thumb Code     2  stm32f4xx_it.o(.text)
    HardFault_Handler                        0x08001c17   Thumb Code     2  stm32f4xx_it.o(.text)
    MemManage_Handler                        0x08001c19   Thumb Code     2  stm32f4xx_it.o(.text)
    BusFault_Handler                         0x08001c1b   Thumb Code     2  stm32f4xx_it.o(.text)
    UsageFault_Handler                       0x08001c1d   Thumb Code     2  stm32f4xx_it.o(.text)
    SVC_Handler                              0x08001c1f   Thumb Code     2  stm32f4xx_it.o(.text)
    DebugMon_Handler                         0x08001c21   Thumb Code     2  stm32f4xx_it.o(.text)
    PendSV_Handler                           0x08001c23   Thumb Code     2  stm32f4xx_it.o(.text)
    SysTick_Handler                          0x08001c25   Thumb Code     4  stm32f4xx_it.o(.text)
    TIM2_IRQHandler                          0x08001c29   Thumb Code     4  stm32f4xx_it.o(.text)
    OTG_FS_IRQHandler                        0x08001c2d   Thumb Code     6  stm32f4xx_it.o(.text)
    RCC_DeInit                               0x08001c39   Thumb Code    48  stm32f4xx_rcc.o(.text)
    RCC_HSEConfig                            0x08001c69   Thumb Code    30  stm32f4xx_rcc.o(.text)
    RCC_GetFlagStatus                        0x08001c87   Thumb Code   108  stm32f4xx_rcc.o(.text)
    RCC_WaitForHSEStartUp                    0x08001cf3   Thumb Code    50  stm32f4xx_rcc.o(.text)
    RCC_AdjustHSICalibrationValue            0x08001d25   Thumb Code    34  stm32f4xx_rcc.o(.text)
    RCC_HSICmd                               0x08001d47   Thumb Code    26  stm32f4xx_rcc.o(.text)
    RCC_LSEConfig                            0x08001d61   Thumb Code    50  stm32f4xx_rcc.o(.text)
    RCC_LSICmd                               0x08001d93   Thumb Code    26  stm32f4xx_rcc.o(.text)
    RCC_PLLConfig                            0x08001dad   Thumb Code   138  stm32f4xx_rcc.o(.text)
    RCC_PLLCmd                               0x08001e37   Thumb Code    26  stm32f4xx_rcc.o(.text)
    RCC_PLLI2SConfig                         0x08001e51   Thumb Code    50  stm32f4xx_rcc.o(.text)
    RCC_PLLI2SCmd                            0x08001e83   Thumb Code    26  stm32f4xx_rcc.o(.text)
    RCC_ClockSecuritySystemCmd               0x08001e9d   Thumb Code    26  stm32f4xx_rcc.o(.text)
    RCC_MCO1Config                           0x08001eb7   Thumb Code    90  stm32f4xx_rcc.o(.text)
    RCC_MCO2Config                           0x08001f11   Thumb Code    90  stm32f4xx_rcc.o(.text)
    RCC_SYSCLKConfig                         0x08001f6b   Thumb Code    36  stm32f4xx_rcc.o(.text)
    RCC_GetSYSCLKSource                      0x08001f8f   Thumb Code    10  stm32f4xx_rcc.o(.text)
    RCC_HCLKConfig                           0x08001f99   Thumb Code    60  stm32f4xx_rcc.o(.text)
    RCC_PCLK1Config                          0x08001fd5   Thumb Code    52  stm32f4xx_rcc.o(.text)
    RCC_PCLK2Config                          0x08002009   Thumb Code   224  stm32f4xx_rcc.o(.text)
    RCC_GetClocksFreq                        0x080020e9   Thumb Code   150  stm32f4xx_rcc.o(.text)
    RCC_RTCCLKConfig                         0x0800217f   Thumb Code   374  stm32f4xx_rcc.o(.text)
    RCC_RTCCLKCmd                            0x080022f5   Thumb Code    28  stm32f4xx_rcc.o(.text)
    RCC_BackupResetCmd                       0x08002311   Thumb Code    28  stm32f4xx_rcc.o(.text)
    RCC_I2SCLKConfig                         0x0800232d   Thumb Code    30  stm32f4xx_rcc.o(.text)
    RCC_AHB1PeriphClockCmd                   0x0800234b   Thumb Code    62  stm32f4xx_rcc.o(.text)
    RCC_AHB2PeriphClockCmd                   0x08002389   Thumb Code    62  stm32f4xx_rcc.o(.text)
    RCC_AHB3PeriphClockCmd                   0x080023c7   Thumb Code    62  stm32f4xx_rcc.o(.text)
    RCC_APB1PeriphClockCmd                   0x08002405   Thumb Code    62  stm32f4xx_rcc.o(.text)
    RCC_APB2PeriphClockCmd                   0x08002443   Thumb Code    62  stm32f4xx_rcc.o(.text)
    RCC_AHB1PeriphResetCmd                   0x08002481   Thumb Code   140  stm32f4xx_rcc.o(.text)
    RCC_AHB2PeriphResetCmd                   0x0800250d   Thumb Code    62  stm32f4xx_rcc.o(.text)
    RCC_AHB3PeriphResetCmd                   0x0800254b   Thumb Code    62  stm32f4xx_rcc.o(.text)
    RCC_APB1PeriphResetCmd                   0x08002589   Thumb Code    62  stm32f4xx_rcc.o(.text)
    RCC_APB2PeriphResetCmd                   0x080025c7   Thumb Code    62  stm32f4xx_rcc.o(.text)
    RCC_AHB1PeriphClockLPModeCmd             0x08002605   Thumb Code    62  stm32f4xx_rcc.o(.text)
    RCC_AHB2PeriphClockLPModeCmd             0x08002643   Thumb Code    62  stm32f4xx_rcc.o(.text)
    RCC_AHB3PeriphClockLPModeCmd             0x08002681   Thumb Code    62  stm32f4xx_rcc.o(.text)
    RCC_APB1PeriphClockLPModeCmd             0x080026bf   Thumb Code    62  stm32f4xx_rcc.o(.text)
    RCC_APB2PeriphClockLPModeCmd             0x080026fd   Thumb Code    62  stm32f4xx_rcc.o(.text)
    RCC_ITConfig                             0x0800273b   Thumb Code    62  stm32f4xx_rcc.o(.text)
    RCC_ClearFlag                            0x08002779   Thumb Code    12  stm32f4xx_rcc.o(.text)
    RCC_GetITStatus                          0x08002785   Thumb Code    58  stm32f4xx_rcc.o(.text)
    RCC_ClearITPendingBit                    0x080027bf   Thumb Code    30  stm32f4xx_rcc.o(.text)
    TIM_DeInit                               0x08002821   Thumb Code   486  stm32f4xx_tim_1.o(.text)
    TIM_TimeBaseInit                         0x08002a07   Thumb Code   280  stm32f4xx_tim_1.o(.text)
    TIM_TimeBaseStructInit                   0x08002b1f   Thumb Code    18  stm32f4xx_tim_1.o(.text)
    TIM_PrescalerConfig                      0x08002b31   Thumb Code   178  stm32f4xx_tim_1.o(.text)
    TIM_CounterModeConfig                    0x08002be3   Thumb Code   208  stm32f4xx_tim_1.o(.text)
    TIM_SetCounter                           0x08002cb3   Thumb Code   158  stm32f4xx_tim_1.o(.text)
    TIM_SetAutoreload                        0x08002d51   Thumb Code   158  stm32f4xx_tim_1.o(.text)
    TIM_GetCounter                           0x08002def   Thumb Code   156  stm32f4xx_tim_1.o(.text)
    TIM_GetPrescaler                         0x08002e8b   Thumb Code   156  stm32f4xx_tim_1.o(.text)
    TIM_UpdateDisableConfig                  0x08002f27   Thumb Code   192  stm32f4xx_tim_1.o(.text)
    TIM_UpdateRequestConfig                  0x08002fe7   Thumb Code   192  stm32f4xx_tim_1.o(.text)
    TIM_ARRPreloadConfig                     0x080030a7   Thumb Code   192  stm32f4xx_tim_1.o(.text)
    TIM_SelectOnePulseMode                   0x08003167   Thumb Code   190  stm32f4xx_tim_1.o(.text)
    TIM_SetClockDivision                     0x08003225   Thumb Code   176  stm32f4xx_tim_1.o(.text)
    TIM_Cmd                                  0x080032d5   Thumb Code   192  stm32f4xx_tim_1.o(.text)
    TIM_OC1Init                              0x08003395   Thumb Code   400  stm32f4xx_tim_1.o(.text)
    TIM_OC2Init                              0x08003525   Thumb Code   396  stm32f4xx_tim_1.o(.text)
    TIM_OC3Init                              0x080036b1   Thumb Code   372  stm32f4xx_tim_1.o(.text)
    TIM_OC4Init                              0x08003825   Thumb Code   272  stm32f4xx_tim_1.o(.text)
    TIM_OCStructInit                         0x08003935   Thumb Code    20  stm32f4xx_tim_1.o(.text)
    TIM_SelectOCxM                           0x08003949   Thumb Code   286  stm32f4xx_tim_1.o(.text)
    TIM_SetCompare1                          0x08003a67   Thumb Code   138  stm32f4xx_tim_1.o(.text)
    TIM_SetCompare2                          0x08003af1   Thumb Code    98  stm32f4xx_tim_1.o(.text)
    TIM_SetCompare3                          0x08003b53   Thumb Code    78  stm32f4xx_tim_1.o(.text)
    TIM_SetCompare4                          0x08003ba1   Thumb Code    78  stm32f4xx_tim_1.o(.text)
    TIM_ForcedOC1Config                      0x08003bef   Thumb Code   162  stm32f4xx_tim_1.o(.text)
    TIM_ForcedOC2Config                      0x08003c91   Thumb Code   130  stm32f4xx_tim_1.o(.text)
    TIM_ForcedOC3Config                      0x08003d13   Thumb Code   102  stm32f4xx_tim_1.o(.text)
    TIM_ForcedOC4Config                      0x08003d79   Thumb Code   110  stm32f4xx_tim_1.o(.text)
    TIM_OC1PreloadConfig                     0x08003de7   Thumb Code   162  stm32f4xx_tim_1.o(.text)
    TIM_OC2PreloadConfig                     0x08003e89   Thumb Code   130  stm32f4xx_tim_1.o(.text)
    TIM_OC3PreloadConfig                     0x08003f0b   Thumb Code   102  stm32f4xx_tim_1.o(.text)
    TIM_OC4PreloadConfig                     0x08003f71   Thumb Code   110  stm32f4xx_tim_1.o(.text)
    TIM_OC1FastConfig                        0x08003fdf   Thumb Code   176  stm32f4xx_tim_1.o(.text)
    TIM_OC2FastConfig                        0x0800408f   Thumb Code   130  stm32f4xx_tim_1.o(.text)
    TIM_OC3FastConfig                        0x08004111   Thumb Code   102  stm32f4xx_tim_1.o(.text)
    TIM_OC4FastConfig                        0x08004177   Thumb Code   110  stm32f4xx_tim_1.o(.text)
    TIM_ClearOC1Ref                          0x080041e5   Thumb Code   162  stm32f4xx_tim_1.o(.text)
    TIM_ClearOC2Ref                          0x08004287   Thumb Code   130  stm32f4xx_tim_1.o(.text)
    TIM_ClearOC3Ref                          0x08004309   Thumb Code   102  stm32f4xx_tim_1.o(.text)
    TIM_ClearOC4Ref                          0x0800436f   Thumb Code   110  stm32f4xx_tim_1.o(.text)
    TIM_OC1PolarityConfig                    0x080043dd   Thumb Code   170  stm32f4xx_tim_1.o(.text)
    TIM_OC1NPolarityConfig                   0x08004487   Thumb Code    66  stm32f4xx_tim_1.o(.text)
    TIM_OC2PolarityConfig                    0x080044c9   Thumb Code   130  stm32f4xx_tim_1.o(.text)
    TIM_OC2NPolarityConfig                   0x0800454b   Thumb Code    74  stm32f4xx_tim_1.o(.text)
    TIM_OC3PolarityConfig                    0x08004595   Thumb Code   110  stm32f4xx_tim_1.o(.text)
    TIM_OC3NPolarityConfig                   0x08004603   Thumb Code    74  stm32f4xx_tim_1.o(.text)
    TIM_OC4PolarityConfig                    0x0800464d   Thumb Code   110  stm32f4xx_tim_1.o(.text)
    TIM_CCxCmd                               0x080046bb   Thumb Code   202  stm32f4xx_tim_1.o(.text)
    TIM_CCxNCmd                              0x08004785   Thumb Code   100  stm32f4xx_tim_1.o(.text)
    TIM_SetIC4Prescaler                      0x080047e9   Thumb Code   122  stm32f4xx_tim_1.o(.text)
    TIM_SetIC3Prescaler                      0x08004863   Thumb Code   184  stm32f4xx_tim_1.o(.text)
    TIM_SetIC2Prescaler                      0x0800491b   Thumb Code   146  stm32f4xx_tim_1.o(.text)
    TIM_SetIC1Prescaler                      0x080049ad   Thumb Code   178  stm32f4xx_tim_1.o(.text)
    TIM_ICInit                               0x08004a5f   Thumb Code   780  stm32f4xx_tim_1.o(.text)
    TIM_ICStructInit                         0x08004d6b   Thumb Code    16  stm32f4xx_tim_1.o(.text)
    TIM_PWMIConfig                           0x08004d7b   Thumb Code   370  stm32f4xx_tim_1.o(.text)
    TIM_GetCapture1                          0x08004eed   Thumb Code   136  stm32f4xx_tim_1.o(.text)
    TIM_GetCapture2                          0x08004f75   Thumb Code    96  stm32f4xx_tim_1.o(.text)
    TIM_GetCapture3                          0x08004fd5   Thumb Code    76  stm32f4xx_tim_1.o(.text)
    TIM_GetCapture4                          0x08005021   Thumb Code    76  stm32f4xx_tim_1.o(.text)
    TIM_BDTRConfig                           0x0800506d   Thumb Code   226  stm32f4xx_tim_1.o(.text)
    TIM_BDTRStructInit                       0x0800514f   Thumb Code    18  stm32f4xx_tim_1.o(.text)
    TIM_CtrlPWMOutputs                       0x08005161   Thumb Code    82  stm32f4xx_tim_1.o(.text)
    TIM_SelectCOM                            0x080051b3   Thumb Code    76  stm32f4xx_tim_1.o(.text)
    TIM_CCPreloadControl                     0x080051ff   Thumb Code    76  stm32f4xx_tim_1.o(.text)
    TIM_ITConfig                             0x0800524b   Thumb Code   210  stm32f4xx_tim_1.o(.text)
    TIM_GenerateEvent                        0x0800531d   Thumb Code   178  stm32f4xx_tim_1.o(.text)
    TIM_GetFlagStatus                        0x080053cf   Thumb Code   236  stm32f4xx_tim_1.o(.text)
    TIM_ClearFlag                            0x080054bb   Thumb Code   160  stm32f4xx_tim_1.o(.text)
    TIM_GetITStatus                          0x0800555b   Thumb Code   220  stm32f4xx_tim_1.o(.text)
    TIM_ClearITPendingBit                    0x08005637   Thumb Code   160  stm32f4xx_tim_1.o(.text)
    TIM_DMAConfig                            0x080056d7   Thumb Code   296  stm32f4xx_tim_1.o(.text)
    TIM_DMACmd                               0x080057ff   Thumb Code   150  stm32f4xx_tim_1.o(.text)
    TIM_SelectCCDMA                          0x08005895   Thumb Code   108  stm32f4xx_tim_1.o(.text)
    TIM_InternalClockConfig                  0x08005901   Thumb Code   100  stm32f4xx_tim_1.o(.text)
    TIM_SelectInputTrigger                   0x08005965   Thumb Code   186  stm32f4xx_tim_1.o(.text)
    TIM_ITRxExternalClockConfig              0x08005a1f   Thumb Code   136  stm32f4xx_tim_1.o(.text)
    TIM_TIxExternalClockConfig               0x08005aa7   Thumb Code   284  stm32f4xx_tim_1.o(.text)
    TIM_ETRConfig                            0x08005bc3   Thumb Code   168  stm32f4xx_tim_1.o(.text)
    TIM_ETRClockMode1Config                  0x08005c6b   Thumb Code   174  stm32f4xx_tim_1.o(.text)
    TIM_ETRClockMode2Config                  0x08005d19   Thumb Code   168  stm32f4xx_tim_1.o(.text)
    TIM_SelectOutputTrigger                  0x08005dc1   Thumb Code   150  stm32f4xx_tim_1.o(.text)
    TIM_SelectSlaveMode                      0x08005e57   Thumb Code   134  stm32f4xx_tim_1.o(.text)
    TIM_SelectMasterSlaveMode                0x08005edd   Thumb Code   126  stm32f4xx_tim_1.o(.text)
    TIM_EncoderInterfaceConfig               0x08005f5b   Thumb Code   210  stm32f4xx_tim_1.o(.text)
    TIM_SelectHallSensor                     0x0800602d   Thumb Code   128  stm32f4xx_tim_1.o(.text)
    TIM_RemapConfig                          0x080060ad   Thumb Code   102  stm32f4xx_tim_1.o(.text)
    USART_DeInit                             0x08006119   Thumb Code   206  stm32f4xx_usart.o(.text)
    USART_Init                               0x080061e7   Thumb Code   398  stm32f4xx_usart.o(.text)
    USART_StructInit                         0x08006375   Thumb Code    22  stm32f4xx_usart.o(.text)
    USART_ClockInit                          0x0800638b   Thumb Code   170  stm32f4xx_usart.o(.text)
    USART_ClockStructInit                    0x08006435   Thumb Code    12  stm32f4xx_usart.o(.text)
    USART_Cmd                                0x08006441   Thumb Code   112  stm32f4xx_usart.o(.text)
    USART_SetPrescaler                       0x080064b1   Thumb Code   188  stm32f4xx_usart.o(.text)
    USART_OverSampling8Cmd                   0x0800656d   Thumb Code   116  stm32f4xx_usart.o(.text)
    USART_OneBitMethodCmd                    0x080065e1   Thumb Code   116  stm32f4xx_usart.o(.text)
    USART_SendData                           0x08006655   Thumb Code   104  stm32f4xx_usart.o(.text)
    USART_ReceiveData                        0x080066bd   Thumb Code    84  stm32f4xx_usart.o(.text)
    USART_SetAddress                         0x08006711   Thumb Code   110  stm32f4xx_usart.o(.text)
    USART_ReceiverWakeUpCmd                  0x0800677f   Thumb Code   116  stm32f4xx_usart.o(.text)
    USART_WakeUpConfig                       0x080067f3   Thumb Code   116  stm32f4xx_usart.o(.text)
    USART_LINBreakDetectLengthConfig         0x08006867   Thumb Code   114  stm32f4xx_usart.o(.text)
    USART_LINCmd                             0x080068d9   Thumb Code   116  stm32f4xx_usart.o(.text)
    USART_SendBreak                          0x0800694d   Thumb Code    86  stm32f4xx_usart.o(.text)
    USART_HalfDuplexCmd                      0x080069a3   Thumb Code   116  stm32f4xx_usart.o(.text)
    USART_SetGuardTime                       0x08006a17   Thumb Code    74  stm32f4xx_usart.o(.text)
    USART_SmartCardCmd                       0x08006a61   Thumb Code    96  stm32f4xx_usart.o(.text)
    USART_SmartCardNACKCmd                   0x08006ac1   Thumb Code    96  stm32f4xx_usart.o(.text)
    USART_IrDAConfig                         0x08006b21   Thumb Code   114  stm32f4xx_usart.o(.text)
    USART_IrDACmd                            0x08006b93   Thumb Code   116  stm32f4xx_usart.o(.text)
    USART_DMACmd                             0x08006c07   Thumb Code   134  stm32f4xx_usart.o(.text)
    USART_ITConfig                           0x08006c8d   Thumb Code   252  stm32f4xx_usart.o(.text)
    USART_GetFlagStatus                      0x08006d89   Thumb Code   170  stm32f4xx_usart.o(.text)
    USART_ClearFlag                          0x08006e33   Thumb Code   128  stm32f4xx_usart.o(.text)
    USART_GetITStatus                        0x08006eb3   Thumb Code   258  stm32f4xx_usart.o(.text)
    USART_ClearITPendingBit                  0x08006fb5   Thumb Code   160  stm32f4xx_usart.o(.text)
    EXTI_DeInit                              0x08007065   Thumb Code    26  stm32f4xx_exti.o(.text)
    EXTI_Init                                0x0800707f   Thumb Code   200  stm32f4xx_exti.o(.text)
    EXTI_StructInit                          0x08007147   Thumb Code    14  stm32f4xx_exti.o(.text)
    EXTI_GenerateSWInterrupt                 0x08007155   Thumb Code    28  stm32f4xx_exti.o(.text)
    EXTI_GetFlagStatus                       0x08007171   Thumb Code   148  stm32f4xx_exti.o(.text)
    EXTI_ClearFlag                           0x08007205   Thumb Code    24  stm32f4xx_exti.o(.text)
    EXTI_GetITStatus                         0x0800721d   Thumb Code   158  stm32f4xx_exti.o(.text)
    EXTI_ClearITPendingBit                   0x080072bb   Thumb Code    26  stm32f4xx_exti.o(.text)
    GPIO_DeInit                              0x08007329   Thumb Code   298  stm32f4xx_gpio.o(.text)
    GPIO_Init                                0x08007453   Thumb Code   332  stm32f4xx_gpio.o(.text)
    GPIO_StructInit                          0x0800759f   Thumb Code    18  stm32f4xx_gpio.o(.text)
    GPIO_PinLockConfig                       0x080075b1   Thumb Code   144  stm32f4xx_gpio.o(.text)
    GPIO_ReadInputDataBit                    0x08007641   Thumb Code   208  stm32f4xx_gpio.o(.text)
    GPIO_ReadInputData                       0x08007711   Thumb Code   206  stm32f4xx_gpio.o(.text)
    GPIO_ReadOutputDataBit                   0x080077df   Thumb Code   212  stm32f4xx_gpio.o(.text)
    GPIO_ReadOutputData                      0x080078b3   Thumb Code   110  stm32f4xx_gpio.o(.text)
    GPIO_SetBits                             0x08007921   Thumb Code   124  stm32f4xx_gpio.o(.text)
    GPIO_ResetBits                           0x0800799d   Thumb Code   124  stm32f4xx_gpio.o(.text)
    GPIO_WriteBit                            0x08007a19   Thumb Code   228  stm32f4xx_gpio.o(.text)
    GPIO_Write                               0x08007afd   Thumb Code   110  stm32f4xx_gpio.o(.text)
    GPIO_ToggleBits                          0x08007b6b   Thumb Code   114  stm32f4xx_gpio.o(.text)
    GPIO_PinAFConfig                         0x08007bdd   Thumb Code   292  stm32f4xx_gpio.o(.text)
    NVIC_PriorityGroupConfig                 0x08007d01   Thumb Code    54  misc.o(.text)
    NVIC_Init                                0x08007d37   Thumb Code   152  misc.o(.text)
    NVIC_SetVectorTable                      0x08007dcf   Thumb Code    56  misc.o(.text)
    NVIC_SystemLPConfig                      0x08007e07   Thumb Code    56  misc.o(.text)
    SysTick_CLKSourceConfig                  0x08007e3f   Thumb Code    42  misc.o(.text)
    SYSCFG_DeInit                            0x08007ead   Thumb Code    24  stm32f4xx_syscfg.o(.text)
    SYSCFG_MemoryRemapConfig                 0x08007ec5   Thumb Code    32  stm32f4xx_syscfg.o(.text)
    SYSCFG_EXTILineConfig                    0x08007ee5   Thumb Code   168  stm32f4xx_syscfg.o(.text)
    SYSCFG_ETH_MediaInterfaceConfig          0x08007f8d   Thumb Code    26  stm32f4xx_syscfg.o(.text)
    SYSCFG_CompensationCellCmd               0x08007fa7   Thumb Code    24  stm32f4xx_syscfg.o(.text)
    SYSCFG_GetCompensationCellStatus         0x08007fbf   Thumb Code    16  stm32f4xx_syscfg.o(.text)
    SPI_I2S_DeInit                           0x08008021   Thumb Code   102  stm32f4xx_spi.o(.text)
    SPI_Init                                 0x08008087   Thumb Code   316  stm32f4xx_spi.o(.text)
    I2S_Init                                 0x080081c3   Thumb Code   418  stm32f4xx_spi.o(.text)
    SPI_StructInit                           0x08008365   Thumb Code    24  stm32f4xx_spi.o(.text)
    I2S_StructInit                           0x0800837d   Thumb Code    18  stm32f4xx_spi.o(.text)
    SPI_Cmd                                  0x0800838f   Thumb Code    80  stm32f4xx_spi.o(.text)
    I2S_Cmd                                  0x080083df   Thumb Code   174  stm32f4xx_spi.o(.text)
    SPI_DataSizeConfig                       0x0800848d   Thumb Code    84  stm32f4xx_spi.o(.text)
    SPI_BiDirectionalLineConfig              0x080084e1   Thumb Code    90  stm32f4xx_spi.o(.text)
    SPI_NSSInternalSoftwareConfig            0x0800853b   Thumb Code    90  stm32f4xx_spi.o(.text)
    SPI_SSOutputCmd                          0x08008595   Thumb Code    84  stm32f4xx_spi.o(.text)
    SPI_TIModeCmd                            0x080085e9   Thumb Code    84  stm32f4xx_spi.o(.text)
    I2S_FullDuplexConfig                     0x0800863d   Thumb Code   210  stm32f4xx_spi.o(.text)
    SPI_I2S_ReceiveData                      0x0800870f   Thumb Code    64  stm32f4xx_spi.o(.text)
    SPI_I2S_SendData                         0x0800874f   Thumb Code    66  stm32f4xx_spi.o(.text)
    SPI_CalculateCRC                         0x08008791   Thumb Code    84  stm32f4xx_spi.o(.text)
    SPI_TransmitCRC                          0x080087e5   Thumb Code    54  stm32f4xx_spi.o(.text)
    SPI_GetCRC                               0x0800881b   Thumb Code    72  stm32f4xx_spi.o(.text)
    SPI_GetCRCPolynomial                     0x08008863   Thumb Code    48  stm32f4xx_spi.o(.text)
    SPI_I2S_DMACmd                           0x08008893   Thumb Code   116  stm32f4xx_spi.o(.text)
    SPI_I2S_ITConfig                         0x08008907   Thumb Code   132  stm32f4xx_spi.o(.text)
    SPI_I2S_GetFlagStatus                    0x0800898b   Thumb Code   124  stm32f4xx_spi.o(.text)
    SPI_I2S_ClearFlag                        0x08008a07   Thumb Code    84  stm32f4xx_spi.o(.text)
    SPI_I2S_GetITStatus                      0x08008a5b   Thumb Code   138  stm32f4xx_spi.o(.text)
    SPI_I2S_ClearITPendingBit                0x08008ae5   Thumb Code    94  stm32f4xx_spi.o(.text)
    USBH_Connected                           0x08008b45   Thumb Code    10  usbh_core.o(.text)
    USBH_Disconnected                        0x08008b4f   Thumb Code    10  usbh_core.o(.text)
    USBH_SOF                                 0x08008b59   Thumb Code     4  usbh_core.o(.text)
    USBH_DeInit                              0x08008b5d   Thumb Code    52  usbh_core.o(.text)
    USBH_Init                                0x08008b91   Thumb Code    96  usbh_core.o(.text)
    USBH_HandleControl                       0x08008bf1   Thumb Code   448  usbh_core.o(.text)
    USBH_ErrorHandle                         0x08008db1   Thumb Code    46  usbh_core.o(.text)
    USBH_Process                             0x08008ddf   Thumb Code  1092  usbh_core.o(.text)
    USBH_Open_Channel                        0x08009229   Thumb Code    86  usbh_hcs.o(.text)
    USBH_Modify_Channel                      0x0800927f   Thumb Code    52  usbh_hcs.o(.text)
    USBH_Alloc_Channel                       0x080092b3   Thumb Code    58  usbh_hcs.o(.text)
    USBH_Free_Channel                        0x080092ed   Thumb Code    24  usbh_hcs.o(.text)
    USBH_DeAllocate_AllChannel               0x08009305   Thumb Code    18  usbh_hcs.o(.text)
    USBH_CtlReq                              0x08009317   Thumb Code    90  usbh_ioreq.o(.text)
    USBH_CtlSendSetup                        0x08009371   Thumb Code    42  usbh_ioreq.o(.text)
    USBH_CtlSendData                         0x0800939b   Thumb Code    58  usbh_ioreq.o(.text)
    USBH_CtlReceiveData                      0x080093d5   Thumb Code    32  usbh_ioreq.o(.text)
    USBH_BulkSendData                        0x080093f5   Thumb Code    42  usbh_ioreq.o(.text)
    USBH_BulkReceiveData                     0x0800941f   Thumb Code    40  usbh_ioreq.o(.text)
    USBH_InterruptReceiveData                0x08009447   Thumb Code    50  usbh_ioreq.o(.text)
    USBH_InterruptSendData                   0x08009479   Thumb Code    50  usbh_ioreq.o(.text)
    USBH_IsocReceiveData                     0x080094ab   Thumb Code    32  usbh_ioreq.o(.text)
    USBH_IsocSendData                        0x080094cb   Thumb Code    32  usbh_ioreq.o(.text)
    USBH_GetDescriptor                       0x080094ed   Thumb Code    50  usbh_stdreq.o(.text)
    USBH_Get_DevDesc                         0x0800951f   Thumb Code   184  usbh_stdreq.o(.text)
    USBH_GetNextDesc                         0x080095d7   Thumb Code    14  usbh_stdreq.o(.text)
    USBH_Get_CfgDesc                         0x080095e5   Thumb Code   512  usbh_stdreq.o(.text)
    USBH_Get_StringDesc                      0x080097e5   Thumb Code   130  usbh_stdreq.o(.text)
    USBH_SetAddress                          0x08009867   Thumb Code    24  usbh_stdreq.o(.text)
    USBH_SetCfg                              0x0800987f   Thumb Code    24  usbh_stdreq.o(.text)
    USBH_SetInterface                        0x08009897   Thumb Code    30  usbh_stdreq.o(.text)
    USBH_ClrFeature                          0x080098b5   Thumb Code    60  usbh_stdreq.o(.text)
    USB_OTG_WritePacket                      0x080098f9   Thumb Code    86  usb_core.o(.text)
    USB_OTG_ReadPacket                       0x0800994f   Thumb Code    56  usb_core.o(.text)
    USB_OTG_SelectCore                       0x08009987   Thumb Code   284  usb_core.o(.text)
    USB_OTG_CoreInit                         0x08009aa3   Thumb Code   280  usb_core.o(.text)
    USB_OTG_EnableGlobalInt                  0x08009bbb   Thumb Code    16  usb_core.o(.text)
    USB_OTG_DisableGlobalInt                 0x08009bcb   Thumb Code    16  usb_core.o(.text)
    USB_OTG_FlushTxFifo                      0x08009bdb   Thumb Code    66  usb_core.o(.text)
    USB_OTG_FlushRxFifo                      0x08009c1d   Thumb Code    60  usb_core.o(.text)
    USB_OTG_SetCurrentMode                   0x08009c59   Thumb Code    42  usb_core.o(.text)
    USB_OTG_GetMode                          0x08009c83   Thumb Code    10  usb_core.o(.text)
    USB_OTG_IsDeviceMode                     0x08009c8d   Thumb Code    16  usb_core.o(.text)
    USB_OTG_IsHostMode                       0x08009c9d   Thumb Code    14  usb_core.o(.text)
    USB_OTG_ReadCoreItr                      0x08009cab   Thumb Code    10  usb_core.o(.text)
    USB_OTG_ReadOtgItr                       0x08009cb5   Thumb Code     6  usb_core.o(.text)
    USB_OTG_EnableHostInt                    0x08009cbb   Thumb Code    82  usb_core.o(.text)
    USB_OTG_ReadHPRT0                        0x08009d0d   Thumb Code    12  usb_core.o(.text)
    USB_OTG_DriveVbus                        0x08009d19   Thumb Code    64  usb_core.o(.text)
    USB_OTG_ResetPort                        0x08009d59   Thumb Code    46  usb_core.o(.text)
    USB_OTG_InitFSLSPClkSel                  0x08009d87   Thumb Code    12  usb_core.o(.text)
    USB_OTG_CoreInitHost                     0x08009d93   Thumb Code   390  usb_core.o(.text)
    USB_OTG_IsEvenFrame                      0x08009f19   Thumb Code    12  usb_core.o(.text)
    USB_OTG_ReadHostAllChannels_intr         0x08009f25   Thumb Code     6  usb_core.o(.text)
    USB_OTG_HC_Init                          0x08009f2b   Thumb Code   230  usb_core.o(.text)
    USB_OTG_HC_StartXfer                     0x0800a011   Thumb Code   308  usb_core.o(.text)
    USB_OTG_HC_Halt                          0x0800a145   Thumb Code    64  usb_core.o(.text)
    USB_OTG_HC_DoPing                        0x0800a185   Thumb Code    44  usb_core.o(.text)
    USB_OTG_StopHost                         0x0800a1b1   Thumb Code   168  usb_core.o(.text)
    HCD_Init                                 0x0800a259   Thumb Code    86  usb_hcd.o(.text)
    HCD_GetCurrentSpeed                      0x0800a2af   Thumb Code    12  usb_hcd.o(.text)
    HCD_ResetPort                            0x0800a2bb   Thumb Code    10  usb_hcd.o(.text)
    HCD_IsDeviceConnected                    0x0800a2c5   Thumb Code     6  usb_hcd.o(.text)
    HCD_GetCurrentFrame                      0x0800a2cb   Thumb Code     8  usb_hcd.o(.text)
    HCD_GetURB_State                         0x0800a2d3   Thumb Code     8  usb_hcd.o(.text)
    HCD_GetXferCnt                           0x0800a2db   Thumb Code    10  usb_hcd.o(.text)
    HCD_GetHCState                           0x0800a2e5   Thumb Code     8  usb_hcd.o(.text)
    HCD_HC_Init                              0x0800a2ed   Thumb Code     4  usb_hcd.o(.text)
    HCD_SubmitRequest                        0x0800a2f1   Thumb Code    20  usb_hcd.o(.text)
    USBH_OTG_ISR_Handler                     0x0800b0cf   Thumb Code   168  usb_hcd_int.o(.text)
    USBH_Set_Report                          0x0800b475   Thumb Code    36  usbh_hid_core.o(.text)
    Reset_Handler                            0x0800b5c5   Thumb Code    18  startup_stm32f4xx.o(.text)
    ADC_IRQHandler                           0x0800b5e9   Thumb Code     0  startup_stm32f4xx.o(.text)
    CAN1_RX0_IRQHandler                      0x0800b5e9   Thumb Code     0  startup_stm32f4xx.o(.text)
    CAN1_RX1_IRQHandler                      0x0800b5e9   Thumb Code     0  startup_stm32f4xx.o(.text)
    CAN1_SCE_IRQHandler                      0x0800b5e9   Thumb Code     0  startup_stm32f4xx.o(.text)
    CAN1_TX_IRQHandler                       0x0800b5e9   Thumb Code     0  startup_stm32f4xx.o(.text)
    CAN2_RX0_IRQHandler                      0x0800b5e9   Thumb Code     0  startup_stm32f4xx.o(.text)
    CAN2_RX1_IRQHandler                      0x0800b5e9   Thumb Code     0  startup_stm32f4xx.o(.text)
    CAN2_SCE_IRQHandler                      0x0800b5e9   Thumb Code     0  startup_stm32f4xx.o(.text)
    CAN2_TX_IRQHandler                       0x0800b5e9   Thumb Code     0  startup_stm32f4xx.o(.text)
    CRYP_IRQHandler                          0x0800b5e9   Thumb Code     0  startup_stm32f4xx.o(.text)
    DCMI_IRQHandler                          0x0800b5e9   Thumb Code     0  startup_stm32f4xx.o(.text)
    DMA1_Stream0_IRQHandler                  0x0800b5e9   Thumb Code     0  startup_stm32f4xx.o(.text)
    DMA1_Stream1_IRQHandler                  0x0800b5e9   Thumb Code     0  startup_stm32f4xx.o(.text)
    DMA1_Stream2_IRQHandler                  0x0800b5e9   Thumb Code     0  startup_stm32f4xx.o(.text)
    DMA1_Stream3_IRQHandler                  0x0800b5e9   Thumb Code     0  startup_stm32f4xx.o(.text)
    DMA1_Stream4_IRQHandler                  0x0800b5e9   Thumb Code     0  startup_stm32f4xx.o(.text)
    DMA1_Stream5_IRQHandler                  0x0800b5e9   Thumb Code     0  startup_stm32f4xx.o(.text)
    DMA1_Stream6_IRQHandler                  0x0800b5e9   Thumb Code     0  startup_stm32f4xx.o(.text)
    DMA1_Stream7_IRQHandler                  0x0800b5e9   Thumb Code     0  startup_stm32f4xx.o(.text)
    DMA2_Stream0_IRQHandler                  0x0800b5e9   Thumb Code     0  startup_stm32f4xx.o(.text)
    DMA2_Stream1_IRQHandler                  0x0800b5e9   Thumb Code     0  startup_stm32f4xx.o(.text)
    DMA2_Stream2_IRQHandler                  0x0800b5e9   Thumb Code     0  startup_stm32f4xx.o(.text)
    DMA2_Stream3_IRQHandler                  0x0800b5e9   Thumb Code     0  startup_stm32f4xx.o(.text)
    DMA2_Stream4_IRQHandler                  0x0800b5e9   Thumb Code     0  startup_stm32f4xx.o(.text)
    DMA2_Stream5_IRQHandler                  0x0800b5e9   Thumb Code     0  startup_stm32f4xx.o(.text)
    DMA2_Stream6_IRQHandler                  0x0800b5e9   Thumb Code     0  startup_stm32f4xx.o(.text)
    DMA2_Stream7_IRQHandler                  0x0800b5e9   Thumb Code     0  startup_stm32f4xx.o(.text)
    ETH_IRQHandler                           0x0800b5e9   Thumb Code     0  startup_stm32f4xx.o(.text)
    ETH_WKUP_IRQHandler                      0x0800b5e9   Thumb Code     0  startup_stm32f4xx.o(.text)
    EXTI15_10_IRQHandler                     0x0800b5e9   Thumb Code     0  startup_stm32f4xx.o(.text)
    EXTI1_IRQHandler                         0x0800b5e9   Thumb Code     0  startup_stm32f4xx.o(.text)
    EXTI2_IRQHandler                         0x0800b5e9   Thumb Code     0  startup_stm32f4xx.o(.text)
    EXTI3_IRQHandler                         0x0800b5e9   Thumb Code     0  startup_stm32f4xx.o(.text)
    EXTI4_IRQHandler                         0x0800b5e9   Thumb Code     0  startup_stm32f4xx.o(.text)
    EXTI9_5_IRQHandler                       0x0800b5e9   Thumb Code     0  startup_stm32f4xx.o(.text)
    FLASH_IRQHandler                         0x0800b5e9   Thumb Code     0  startup_stm32f4xx.o(.text)
    FPU_IRQHandler                           0x0800b5e9   Thumb Code     0  startup_stm32f4xx.o(.text)
    FSMC_IRQHandler                          0x0800b5e9   Thumb Code     0  startup_stm32f4xx.o(.text)
    HASH_RNG_IRQHandler                      0x0800b5e9   Thumb Code     0  startup_stm32f4xx.o(.text)
    I2C1_ER_IRQHandler                       0x0800b5e9   Thumb Code     0  startup_stm32f4xx.o(.text)
    I2C1_EV_IRQHandler                       0x0800b5e9   Thumb Code     0  startup_stm32f4xx.o(.text)
    I2C2_ER_IRQHandler                       0x0800b5e9   Thumb Code     0  startup_stm32f4xx.o(.text)
    I2C2_EV_IRQHandler                       0x0800b5e9   Thumb Code     0  startup_stm32f4xx.o(.text)
    I2C3_ER_IRQHandler                       0x0800b5e9   Thumb Code     0  startup_stm32f4xx.o(.text)
    I2C3_EV_IRQHandler                       0x0800b5e9   Thumb Code     0  startup_stm32f4xx.o(.text)
    OTG_FS_WKUP_IRQHandler                   0x0800b5e9   Thumb Code     0  startup_stm32f4xx.o(.text)
    OTG_HS_EP1_IN_IRQHandler                 0x0800b5e9   Thumb Code     0  startup_stm32f4xx.o(.text)
    OTG_HS_EP1_OUT_IRQHandler                0x0800b5e9   Thumb Code     0  startup_stm32f4xx.o(.text)
    OTG_HS_IRQHandler                        0x0800b5e9   Thumb Code     0  startup_stm32f4xx.o(.text)
    OTG_HS_WKUP_IRQHandler                   0x0800b5e9   Thumb Code     0  startup_stm32f4xx.o(.text)
    PVD_IRQHandler                           0x0800b5e9   Thumb Code     0  startup_stm32f4xx.o(.text)
    RCC_IRQHandler                           0x0800b5e9   Thumb Code     0  startup_stm32f4xx.o(.text)
    RTC_Alarm_IRQHandler                     0x0800b5e9   Thumb Code     0  startup_stm32f4xx.o(.text)
    RTC_WKUP_IRQHandler                      0x0800b5e9   Thumb Code     0  startup_stm32f4xx.o(.text)
    SDIO_IRQHandler                          0x0800b5e9   Thumb Code     0  startup_stm32f4xx.o(.text)
    SPI1_IRQHandler                          0x0800b5e9   Thumb Code     0  startup_stm32f4xx.o(.text)
    SPI2_IRQHandler                          0x0800b5e9   Thumb Code     0  startup_stm32f4xx.o(.text)
    SPI3_IRQHandler                          0x0800b5e9   Thumb Code     0  startup_stm32f4xx.o(.text)
    TAMP_STAMP_IRQHandler                    0x0800b5e9   Thumb Code     0  startup_stm32f4xx.o(.text)
    TIM1_BRK_TIM9_IRQHandler                 0x0800b5e9   Thumb Code     0  startup_stm32f4xx.o(.text)
    TIM1_CC_IRQHandler                       0x0800b5e9   Thumb Code     0  startup_stm32f4xx.o(.text)
    TIM1_TRG_COM_TIM11_IRQHandler            0x0800b5e9   Thumb Code     0  startup_stm32f4xx.o(.text)
    TIM1_UP_TIM10_IRQHandler                 0x0800b5e9   Thumb Code     0  startup_stm32f4xx.o(.text)
    TIM4_IRQHandler                          0x0800b5e9   Thumb Code     0  startup_stm32f4xx.o(.text)
    TIM6_DAC_IRQHandler                      0x0800b5e9   Thumb Code     0  startup_stm32f4xx.o(.text)
    TIM7_IRQHandler                          0x0800b5e9   Thumb Code     0  startup_stm32f4xx.o(.text)
    TIM8_BRK_TIM12_IRQHandler                0x0800b5e9   Thumb Code     0  startup_stm32f4xx.o(.text)
    TIM8_CC_IRQHandler                       0x0800b5e9   Thumb Code     0  startup_stm32f4xx.o(.text)
    TIM8_TRG_COM_TIM14_IRQHandler            0x0800b5e9   Thumb Code     0  startup_stm32f4xx.o(.text)
    TIM8_UP_TIM13_IRQHandler                 0x0800b5e9   Thumb Code     0  startup_stm32f4xx.o(.text)
    UART4_IRQHandler                         0x0800b5e9   Thumb Code     0  startup_stm32f4xx.o(.text)
    UART5_IRQHandler                         0x0800b5e9   Thumb Code     0  startup_stm32f4xx.o(.text)
    USART6_IRQHandler                        0x0800b5e9   Thumb Code     0  startup_stm32f4xx.o(.text)
    WWDG_IRQHandler                          0x0800b5e9   Thumb Code     0  startup_stm32f4xx.o(.text)
    __user_initial_stackheap                 0x0800b5ed   Thumb Code     0  startup_stm32f4xx.o(.text)
    getDistRef                               0x0800b615   Thumb Code   158  steering.o(.text)
    correctAngle                             0x0800b6b3   Thumb Code   184  steering.o(.text)
    getAngleRef                              0x0800b76b   Thumb Code   162  steering.o(.text)
    TIM3_IRQHandler                          0x0800b80d   Thumb Code   286  steering.o(.text)
    initPID                                  0x0800b92b   Thumb Code    80  steering.o(.text)
    initSteering                             0x0800b97b   Thumb Code   232  steering.o(.text)
    commitParam                              0x0800ba63   Thumb Code    82  steering.o(.text)
    addPoint                                 0x0800bab5   Thumb Code    76  steering.o(.text)
    loadRoute                                0x0800bb01   Thumb Code   178  steering.o(.text)
    switchCurrentPoint                       0x0800bbb3   Thumb Code    36  steering.o(.text)
    startPID                                 0x0800bbd7   Thumb Code   268  steering.o(.text)
    pidF                                     0x0800bce3   Thumb Code     8  steering.o(.text)
    stopPID                                  0x0800bceb   Thumb Code     8  steering.o(.text)
    timPulse                                 0x0800bd09   Thumb Code    18  motorcontrol.o(.text)
    setPWMLeftB                              0x0800bd1b   Thumb Code    50  motorcontrol.o(.text)
    setPWMRightB                             0x0800bd4d   Thumb Code    50  motorcontrol.o(.text)
    setPWMLeftF                              0x0800bd7f   Thumb Code    50  motorcontrol.o(.text)
    setPWMRightF                             0x0800bdb1   Thumb Code    50  motorcontrol.o(.text)
    InitializeLEDs                           0x0800bde3   Thumb Code    88  motorcontrol.o(.text)
    InitializePWMChannel                     0x0800be3b   Thumb Code   100  motorcontrol.o(.text)
    InitializeTimer                          0x0800be9f   Thumb Code    50  motorcontrol.o(.text)
    initMotorControl                         0x0800bed1   Thumb Code   220  motorcontrol.o(.text)
    goForward                                0x0800bfad   Thumb Code   152  motorcontrol.o(.text)
    turn                                     0x0800c045   Thumb Code   318  motorcontrol.o(.text)
    updateCarStatus                          0x0800c189   Thumb Code    56  car.o(.text)
    sendReport                               0x0800c1c1   Thumb Code   148  car.o(.text)
    sendPos                                  0x0800c255   Thumb Code    50  car.o(.text)
    initHorn                                 0x0800c287   Thumb Code     2  car.o(.text)
    playHorn                                 0x0800c289   Thumb Code     2  car.o(.text)
    TIM5_IRQHandler                          0x0800c28b   Thumb Code    30  car.o(.text)
    carInit                                  0x0800c2a9   Thumb Code    88  car.o(.text)
    CHCKSTAT                                 0x0800c301   Thumb Code    42  car.o(.text)
    ESPinit                                  0x0800c36d   Thumb Code    24  esp8266.o(.text)
    sendData                                 0x0800c385   Thumb Code    36  esp8266.o(.text)
    usart3_init                              0x0800c3cd   Thumb Code   180  serie3.o(.text)
    _getkey3                                 0x0800c481   Thumb Code    48  serie3.o(.text)
    putbuf3                                  0x0800c4b1   Thumb Code    90  serie3.o(.text)
    _putchar3                                0x0800c50b   Thumb Code    38  serie3.o(.text)
    putString3                               0x0800c531   Thumb Code    54  serie3.o(.text)
    USART3_IRQHandler                        0x0800c567   Thumb Code   138  serie3.o(.text)
    usart1_init                              0x0800c60d   Thumb Code   178  serie1.o(.text)
    _getkey1                                 0x0800c6bf   Thumb Code    48  serie1.o(.text)
    putbuf1                                  0x0800c6ef   Thumb Code    88  serie1.o(.text)
    _putchar1                                0x0800c747   Thumb Code    38  serie1.o(.text)
    putString1                               0x0800c76d   Thumb Code    54  serie1.o(.text)
    USART1_IRQHandler                        0x0800c7a3   Thumb Code   132  serie1.o(.text)
    uart2_init                               0x0800c83d   Thumb Code   174  serie2.o(.text)
    _getkey2                                 0x0800c8eb   Thumb Code    48  serie2.o(.text)
    putbuf2                                  0x0800c91b   Thumb Code    90  serie2.o(.text)
    _putchar2                                0x0800c975   Thumb Code    38  serie2.o(.text)
    putString2                               0x0800c99b   Thumb Code    54  serie2.o(.text)
    USART2_IRQHandler                        0x0800c9d1   Thumb Code   138  serie2.o(.text)
    IRinit                                   0x0800ca7d   Thumb Code    50  irsensors.o(.text)
    SPI_send                                 0x0800cab5   Thumb Code   108  accelerometer.o(.text)
    accelInit                                0x0800cb21   Thumb Code   258  accelerometer.o(.text)
    SPI_read                                 0x0800cc23   Thumb Code   108  accelerometer.o(.text)
    updateAccel                              0x0800cc8f   Thumb Code    72  accelerometer.o(.text)
    __2printf                                0x0800cce9   Thumb Code    20  noretval__2printf.o(.text)
    __2fprintf                               0x0800cd01   Thumb Code    20  noretval__2fprintf.o(.text)
    _printf_pre_padding                      0x0800cd15   Thumb Code    44  _printf_pad.o(.text)
    _printf_post_padding                     0x0800cd41   Thumb Code    34  _printf_pad.o(.text)
    _printf_str                              0x0800cd63   Thumb Code    82  _printf_str.o(.text)
    _printf_int_dec                          0x0800cdb5   Thumb Code   104  _printf_dec.o(.text)
    _printf_longlong_dec                     0x0800ce2d   Thumb Code   108  _printf_longlong_dec.o(.text)
    _printf_int_hex                          0x0800cea9   Thumb Code    84  _printf_hex_int.o(.text)
    _printf_longlong_hex                     0x0800cea9   Thumb Code     0  _printf_hex_int.o(.text)
    __printf                                 0x0800cf01   Thumb Code   388  __printf_flags_ss_wp.o(.text)
    __0sscanf                                0x0800d089   Thumb Code    52  __0sscanf.o(.text)
    _scanf_longlong                          0x0800d0c5   Thumb Code   342  _scanf_longlong.o(.text)
    _scanf_int                               0x0800d21b   Thumb Code   332  _scanf_int.o(.text)
    putc                                     0x0800d367   Thumb Code     4  putc.o(.text)
    strcpy                                   0x0800d36b   Thumb Code    72  strcpy.o(.text)
    strcmp                                   0x0800d3b5   Thumb Code   128  strcmpv7m.o(.text)
    __use_two_region_memory                  0x0800d435   Thumb Code     2  heapauxi.o(.text)
    __rt_heap_escrow$2region                 0x0800d437   Thumb Code     2  heapauxi.o(.text)
    __rt_heap_expand$2region                 0x0800d439   Thumb Code     2  heapauxi.o(.text)
    _ll_udiv10                               0x0800d43b   Thumb Code   138  lludiv10.o(.text)
    __read_errno                             0x0800d4c5   Thumb Code    10  _rserrno.o(.text)
    __set_errno                              0x0800d4cf   Thumb Code    12  _rserrno.o(.text)
    _printf_int_common                       0x0800d4db   Thumb Code   178  _printf_intcommon.o(.text)
    __lib_sel_fp_printf                      0x0800d58d   Thumb Code     2  _printf_fp_dec.o(.text)
    _printf_fp_dec_real                      0x0800d73b   Thumb Code   620  _printf_fp_dec.o(.text)
    _printf_cs_common                        0x0800d9a7   Thumb Code    20  _printf_char.o(.text)
    _printf_char                             0x0800d9bb   Thumb Code    16  _printf_char.o(.text)
    _printf_string                           0x0800d9cb   Thumb Code     8  _printf_char.o(.text)
    _printf_char_file                        0x0800d9d5   Thumb Code    32  _printf_char_file.o(.text)
    _chval                                   0x0800d9f9   Thumb Code    28  _chval.o(.text)
    __vfscanf_char                           0x0800da21   Thumb Code    24  scanf_char.o(.text)
    _sgetc                                   0x0800da41   Thumb Code    30  _sgetc.o(.text)
    _sbackspace                              0x0800da5f   Thumb Code    34  _sgetc.o(.text)
    __rt_locale                              0x0800da81   Thumb Code     8  rt_locale_intlibspace.o(.text)
    __aeabi_errno_addr                       0x0800da89   Thumb Code     8  rt_errno_addr_intlibspace.o(.text)
    __errno$intlibspace                      0x0800da89   Thumb Code     0  rt_errno_addr_intlibspace.o(.text)
    __rt_errno_addr$intlibspace              0x0800da89   Thumb Code     0  rt_errno_addr_intlibspace.o(.text)
    isspace                                  0x0800da91   Thumb Code    18  isspace.o(.text)
    _printf_char_common                      0x0800daaf   Thumb Code    32  _printf_char_common.o(.text)
    _printf_fp_infnan                        0x0800dad5   Thumb Code   112  _printf_fp_infnan.o(.text)
    __vfscanf                                0x0800db55   Thumb Code   878  _scanf.o(.text)
    _btod_etento                             0x0800dec9   Thumb Code   216  bigflt0.o(.text)
    __user_libspace                          0x0800dfa5   Thumb Code     8  libspace.o(.text)
    __user_perproc_libspace                  0x0800dfa5   Thumb Code     0  libspace.o(.text)
    __user_perthread_libspace                0x0800dfa5   Thumb Code     0  libspace.o(.text)
    __user_setup_stackheap                   0x0800dfad   Thumb Code    74  sys_stackheap_outer.o(.text)
    __rt_ctype_table                         0x0800dff9   Thumb Code    16  rt_ctype_table.o(.text)
    exit                                     0x0800e009   Thumb Code    12  exit.o(.text)
    _btod_d2e                                0x0800e015   Thumb Code    62  btod.o(CL$$btod_d2e)
    _d2e_denorm_low                          0x0800e053   Thumb Code    70  btod.o(CL$$btod_d2e_denorm_low)
    _d2e_norm_op1                            0x0800e099   Thumb Code    96  btod.o(CL$$btod_d2e_norm_op1)
    __btod_div_common                        0x0800e0f9   Thumb Code   696  btod.o(CL$$btod_div_common)
    _e2e                                     0x0800e431   Thumb Code   198  btod.o(CL$$btod_e2e)
    _btod_ediv                               0x0800e4f7   Thumb Code    40  btod.o(CL$$btod_ediv)
    _btod_emul                               0x0800e51f   Thumb Code    40  btod.o(CL$$btod_emul)
    __btod_mult_common                       0x0800e547   Thumb Code   580  btod.o(CL$$btod_mult_common)
    __ARM_fpclassify                         0x0800e78b   Thumb Code    48  fpclassify.o(i.__ARM_fpclassify)
    __ARM_fpclassifyf                        0x0800e7bb   Thumb Code    38  fpclassifyf.o(i.__ARM_fpclassifyf)
    __hardfp_atanf                           0x0800e7e1   Thumb Code   296  atanf.o(i.__hardfp_atanf)
    __hardfp_cosf                            0x0800e941   Thumb Code   280  cosf.o(i.__hardfp_cosf)
    __hardfp_sinf                            0x0800ea91   Thumb Code   344  sinf.o(i.__hardfp_sinf)
    __hardfp_sqrtf                           0x0800ec21   Thumb Code    58  sqrtf.o(i.__hardfp_sqrtf)
    __mathlib_flt_infnan                     0x0800ec5b   Thumb Code     6  funder.o(i.__mathlib_flt_infnan)
    __mathlib_flt_invalid                    0x0800ec61   Thumb Code    10  funder.o(i.__mathlib_flt_invalid)
    __mathlib_flt_underflow                  0x0800ec71   Thumb Code    10  funder.o(i.__mathlib_flt_underflow)
    __mathlib_rredf2                         0x0800ec81   Thumb Code   316  rredf.o(i.__mathlib_rredf2)
    _is_digit                                0x0800edd5   Thumb Code    14  __printf_wp.o(i._is_digit)
    _get_lc_numeric                          0x0800ede5   Thumb Code    44  lc_numeric_c.o(locale$$code)
    _get_lc_ctype                            0x0800ee11   Thumb Code    44  lc_ctype_c.o(locale$$code)
    __fpl_dretinf                            0x0800ee3d   Thumb Code    12  dretinf.o(x$fpl$dretinf)
    __aeabi_f2d                              0x0800ee49   Thumb Code     0  f2d.o(x$fpl$f2d)
    _f2d                                     0x0800ee49   Thumb Code    86  f2d.o(x$fpl$f2d)
    __aeabi_ul2f                             0x0800ee9f   Thumb Code     0  ffltll_clz.o(x$fpl$ffltll)
    _ll_uto_f                                0x0800ee9f   Thumb Code     6  ffltll_clz.o(x$fpl$ffltll)
    __aeabi_l2f                              0x0800eea5   Thumb Code     0  ffltll_clz.o(x$fpl$ffltll)
    _ll_sto_f                                0x0800eea5   Thumb Code    90  ffltll_clz.o(x$fpl$ffltll)
    __fpl_fnaninf                            0x0800eeff   Thumb Code   140  fnaninf.o(x$fpl$fnaninf)
    _fp_init                                 0x0800ef8b   Thumb Code    10  fpinit.o(x$fpl$fpinit)
    __fplib_config_fpu_vfp                   0x0800ef93   Thumb Code     0  fpinit.o(x$fpl$fpinit)
    __fplib_config_pureend_doubles           0x0800ef93   Thumb Code     0  fpinit.o(x$fpl$fpinit)
    __aeabi_f2lz                             0x0800ef95   Thumb Code     0  ffixll.o(x$fpl$llsfromf)
    _ll_sfrom_f                              0x0800ef95   Thumb Code   134  ffixll.o(x$fpl$llsfromf)
    _printf_fp_dec                           0x0800f01b   Thumb Code     4  printf1.o(x$fpl$printf1)
    MSG_DEV_HIGHSPEED                        0x0800f01e   Data          29  usbh_usr.o(.constdata)
    __I$use$fp                               0x0800f01e   Number         0  usenofp.o(x$fpl$usenofp)
    MSG_DEV_FULLSPEED                        0x0800f03b   Data          29  usbh_usr.o(.constdata)
    MSG_DEV_LOWSPEED                         0x0800f058   Data          28  usbh_usr.o(.constdata)
    MSG_DEV_ERROR                            0x0800f074   Data          15  usbh_usr.o(.constdata)
    MSG_MSC_CLASS                            0x0800f083   Data          32  usbh_usr.o(.constdata)
    MSG_HID_CLASS                            0x0800f0a3   Data          23  usbh_usr.o(.constdata)
    allowedSymbols                           0x0800f0bc   Data          10  interface.o(.constdata)
    commandVec                               0x0800f0c8   Data        1056  interface.o(.constdata)
    Region$$Table$$Base                      0x0800f810   Number         0  anon$$obj.o(Region$$Table)
    Region$$Table$$Limit                     0x0800f830   Number         0  anon$$obj.o(Region$$Table)
    __ctype                                  0x0800f859   Data           0  lc_ctype_c.o(locale$$data)
    reset                                    0x20000000   Data           1  main.o(.data)
    CYCLE_ENABLED                            0x20000004   Data           4  main.o(.data)
    TimingDelay                              0x20000010   Data           4  main.o(.data)
    BSP_delay                                0x20000014   Data           4  usb_bsp.o(.data)
    USR_Callbacks                            0x20000018   Data          72  usbh_usr.o(.data)
    __stdout                                 0x2000006c   Data           4  retarget.o(.data)
    __wifiOut                                0x20000070   Data           4  retarget.o(.data)
    __wifiIn                                 0x20000074   Data           4  retarget.o(.data)
    __joyStickOut                            0x20000078   Data           4  retarget.o(.data)
    __joyStickIn                             0x2000007c   Data           4  retarget.o(.data)
    SystemCoreClock                          0x20000080   Data           4  system_stm32f4xx.o(.data)
    AHBPrescTable                            0x20000084   Data          16  system_stm32f4xx.o(.data)
    USBH_HCD_INT_cb                          0x200000a4   Data          12  usbh_core.o(.data)
    USBH_HCD_INT_fops                        0x200000b0   Data           4  usbh_core.o(.data)
    Previous_status                          0x200000b8   Data           4  usbh_core.o(.data)
    Tab_State_Machine_incr                   0x200000bc   Data           4  usbh_core.o(.data)
    start_toggle                             0x200000c4   Data           1  usbh_hid_core.o(.data)
    HID_cb                                   0x200000c8   Data          16  usbh_hid_core.o(.data)
    HID_KEYBRD_cb                            0x200000d8   Data           8  usbh_hid_keybd.o(.data)
    HID_MOUSE_cb                             0x200000f8   Data           8  usbh_hid_mouse.o(.data)
    HID_MOUSE_Data                           0x20000100   Data           4  usbh_hid_mouse.o(.data)
    pidFlag                                  0x20000104   Data           1  steering.o(.data)
    sendfull3                                0x20000108   Data           1  serie3.o(.data)
    sendactive3                              0x20000109   Data           1  serie3.o(.data)
    ostart3                                  0x2000010c   Data           4  serie3.o(.data)
    oend3                                    0x20000110   Data           4  serie3.o(.data)
    istart3                                  0x20000114   Data           4  serie3.o(.data)
    iend3                                    0x20000118   Data           4  serie3.o(.data)
    sendfull1                                0x2000011c   Data           1  serie1.o(.data)
    sendactive1                              0x2000011d   Data           1  serie1.o(.data)
    ostart1                                  0x20000120   Data           4  serie1.o(.data)
    oend1                                    0x20000124   Data           4  serie1.o(.data)
    istart1                                  0x20000128   Data           4  serie1.o(.data)
    iend1                                    0x2000012c   Data           4  serie1.o(.data)
    sendfull2                                0x20000130   Data           1  serie2.o(.data)
    sendactive2                              0x20000131   Data           1  serie2.o(.data)
    ostart2                                  0x20000134   Data           4  serie2.o(.data)
    oend2                                    0x20000138   Data           4  serie2.o(.data)
    istart2                                  0x2000013c   Data           4  serie2.o(.data)
    iend2                                    0x20000140   Data           4  serie2.o(.data)
    accel                                    0x20000144   Data           6  accelerometer.o(.data)
    USB_OTG_Core_dev                         0x2000014c   Data        1452  main.o(.bss)
    USB_Host                                 0x200006f8   Data         132  main.o(.bss)
    mrCar                                    0x2000077c   Data          28  main.o(.bss)
    mouz                                     0x20000798   Data          32  usbh_usr.o(.bss)
    Tab_State_Machine                        0x200007b8   Data         100  usbh_core.o(.bss)
    USBH_CfgDesc                             0x2000081c   Data         512  usbh_stdreq.o(.bss)
    HID_Machine                              0x20000a1c   Data          84  usbh_hid_core.o(.bss)
    HID_Desc                                 0x20000a70   Data          10  usbh_hid_core.o(.bss)
    pid                                      0x20000a80   Data         104  steering.o(.bss)
    dist                                     0x20000ae8   Data         104  steering.o(.bss)
    angle                                    0x20000b50   Data         104  steering.o(.bss)
    route                                    0x20000bb8   Data       16008  steering.o(.bss)
    outputChannelInit                        0x20004a40   Data          20  motorcontrol.o(.bss)
    timerInitStructure                       0x20004a54   Data          12  motorcontrol.o(.bss)
    orient                                   0x20004a60   Data          12  motorcontrol.o(.bss)
    outbuf3                                  0x20004a6c   Data          64  serie3.o(.bss)
    inbuf3                                   0x20004aac   Data          64  serie3.o(.bss)
    outbuf1                                  0x20004aec   Data          64  serie1.o(.bss)
    inbuf1                                   0x20004b2c   Data          64  serie1.o(.bss)
    outbuf2                                  0x20004b6c   Data          64  serie2.o(.bss)
    inbuf2                                   0x20004bac   Data          64  serie2.o(.bss)
    __libspace_start                         0x20004bec   Data          96  libspace.o(.bss)
    __temporary_stack_top$libspace           0x20004c4c   Data           0  libspace.o(.bss)



==============================================================================

Memory Map of the image

  Image Entry point : 0x08000189

  Load Region LR_IROM1 (Base: 0x08000000, Size: 0x0000faa8, Max: 0x00100000, ABSOLUTE, COMPRESSED[0x0000f9dc])

    Execution Region ER_IROM1 (Base: 0x08000000, Size: 0x0000f95c, Max: 0x00100000, ABSOLUTE)

    Base Addr    Size         Type   Attr      Idx    E Section Name        Object

    0x08000000   0x00000188   Data   RO          809    RESET               startup_stm32f4xx.o
    0x08000188   0x00000008   Code   RO         1097  * !!!main             c_w.l(__main.o)
    0x08000190   0x00000034   Code   RO         1410    !!!scatter          c_w.l(__scatter.o)
    0x080001c4   0x0000005a   Code   RO         1408    !!dczerorl2         c_w.l(__dczerorl2.o)
    0x0800021e   0x00000002   PAD
    0x08000220   0x0000001c   Code   RO         1412    !!handler_zi        c_w.l(__scatter_zi.o)
    0x0800023c   0x00000000   Code   RO         1081    .ARM.Collect$$_printf_percent$$00000000  c_w.l(_printf_percent.o)
    0x0800023c   0x00000006   Code   RO         1080    .ARM.Collect$$_printf_percent$$00000003  c_w.l(_printf_f.o)
    0x08000242   0x0000000a   Code   RO         1171    .ARM.Collect$$_printf_percent$$00000007  c_w.l(_printf_ll.o)
    0x0800024c   0x00000006   Code   RO         1079    .ARM.Collect$$_printf_percent$$00000009  c_w.l(_printf_d.o)
    0x08000252   0x00000006   Code   RO         1078    .ARM.Collect$$_printf_percent$$0000000C  c_w.l(_printf_x.o)
    0x08000258   0x00000006   Code   RO         1082    .ARM.Collect$$_printf_percent$$0000000E  c_w.l(_printf_lld.o)
    0x0800025e   0x00000006   Code   RO         1076    .ARM.Collect$$_printf_percent$$00000013  c_w.l(_printf_c.o)
    0x08000264   0x00000006   Code   RO         1077    .ARM.Collect$$_printf_percent$$00000014  c_w.l(_printf_s.o)
    0x0800026a   0x00000004   Code   RO         1170    .ARM.Collect$$_printf_percent$$00000017  c_w.l(_printf_percent_end.o)
    0x0800026e   0x00000002   Code   RO         1283    .ARM.Collect$$libinit$$00000000  c_w.l(libinit.o)
    0x08000270   0x00000004   Code   RO         1284    .ARM.Collect$$libinit$$00000001  c_w.l(libinit2.o)
    0x08000274   0x00000000   Code   RO         1287    .ARM.Collect$$libinit$$00000004  c_w.l(libinit2.o)
    0x08000274   0x00000000   Code   RO         1290    .ARM.Collect$$libinit$$0000000A  c_w.l(libinit2.o)
    0x08000274   0x00000000   Code   RO         1292    .ARM.Collect$$libinit$$0000000C  c_w.l(libinit2.o)
    0x08000274   0x00000000   Code   RO         1294    .ARM.Collect$$libinit$$0000000E  c_w.l(libinit2.o)
    0x08000274   0x00000006   Code   RO         1295    .ARM.Collect$$libinit$$0000000F  c_w.l(libinit2.o)
    0x0800027a   0x00000000   Code   RO         1297    .ARM.Collect$$libinit$$00000011  c_w.l(libinit2.o)
    0x0800027a   0x0000000c   Code   RO         1298    .ARM.Collect$$libinit$$00000012  c_w.l(libinit2.o)
    0x08000286   0x00000000   Code   RO         1299    .ARM.Collect$$libinit$$00000013  c_w.l(libinit2.o)
    0x08000286   0x00000000   Code   RO         1301    .ARM.Collect$$libinit$$00000015  c_w.l(libinit2.o)
    0x08000286   0x0000000a   Code   RO         1302    .ARM.Collect$$libinit$$00000016  c_w.l(libinit2.o)
    0x08000290   0x00000000   Code   RO         1303    .ARM.Collect$$libinit$$00000017  c_w.l(libinit2.o)
    0x08000290   0x00000000   Code   RO         1305    .ARM.Collect$$libinit$$00000019  c_w.l(libinit2.o)
    0x08000290   0x00000000   Code   RO         1307    .ARM.Collect$$libinit$$0000001B  c_w.l(libinit2.o)
    0x08000290   0x00000000   Code   RO         1309    .ARM.Collect$$libinit$$0000001D  c_w.l(libinit2.o)
    0x08000290   0x00000000   Code   RO         1311    .ARM.Collect$$libinit$$0000001F  c_w.l(libinit2.o)
    0x08000290   0x00000000   Code   RO         1313    .ARM.Collect$$libinit$$00000021  c_w.l(libinit2.o)
    0x08000290   0x00000000   Code   RO         1315    .ARM.Collect$$libinit$$00000023  c_w.l(libinit2.o)
    0x08000290   0x00000000   Code   RO         1317    .ARM.Collect$$libinit$$00000025  c_w.l(libinit2.o)
    0x08000290   0x00000000   Code   RO         1321    .ARM.Collect$$libinit$$0000002C  c_w.l(libinit2.o)
    0x08000290   0x00000000   Code   RO         1323    .ARM.Collect$$libinit$$0000002E  c_w.l(libinit2.o)
    0x08000290   0x00000000   Code   RO         1325    .ARM.Collect$$libinit$$00000030  c_w.l(libinit2.o)
    0x08000290   0x00000000   Code   RO         1327    .ARM.Collect$$libinit$$00000032  c_w.l(libinit2.o)
    0x08000290   0x00000002   Code   RO         1328    .ARM.Collect$$libinit$$00000033  c_w.l(libinit2.o)
    0x08000292   0x00000002   Code   RO         1359    .ARM.Collect$$libshutdown$$00000000  c_w.l(libshutdown.o)
    0x08000294   0x00000000   Code   RO         1371    .ARM.Collect$$libshutdown$$00000003  c_w.l(libshutdown2.o)
    0x08000294   0x00000000   Code   RO         1374    .ARM.Collect$$libshutdown$$00000006  c_w.l(libshutdown2.o)
    0x08000294   0x00000000   Code   RO         1377    .ARM.Collect$$libshutdown$$00000009  c_w.l(libshutdown2.o)
    0x08000294   0x00000000   Code   RO         1379    .ARM.Collect$$libshutdown$$0000000B  c_w.l(libshutdown2.o)
    0x08000294   0x00000000   Code   RO         1382    .ARM.Collect$$libshutdown$$0000000E  c_w.l(libshutdown2.o)
    0x08000294   0x00000002   Code   RO         1383    .ARM.Collect$$libshutdown$$0000000F  c_w.l(libshutdown2.o)
    0x08000296   0x00000000   Code   RO         1157    .ARM.Collect$$rtentry$$00000000  c_w.l(__rtentry.o)
    0x08000296   0x00000000   Code   RO         1203    .ARM.Collect$$rtentry$$00000002  c_w.l(__rtentry2.o)
    0x08000296   0x00000006   Code   RO         1215    .ARM.Collect$$rtentry$$00000004  c_w.l(__rtentry4.o)
    0x0800029c   0x00000000   Code   RO         1205    .ARM.Collect$$rtentry$$00000009  c_w.l(__rtentry2.o)
    0x0800029c   0x00000004   Code   RO         1206    .ARM.Collect$$rtentry$$0000000A  c_w.l(__rtentry2.o)
    0x080002a0   0x00000000   Code   RO         1208    .ARM.Collect$$rtentry$$0000000C  c_w.l(__rtentry2.o)
    0x080002a0   0x00000008   Code   RO         1209    .ARM.Collect$$rtentry$$0000000D  c_w.l(__rtentry2.o)
    0x080002a8   0x00000002   Code   RO         1329    .ARM.Collect$$rtexit$$00000000  c_w.l(rtexit.o)
    0x080002aa   0x00000000   Code   RO         1339    .ARM.Collect$$rtexit$$00000002  c_w.l(rtexit2.o)
    0x080002aa   0x00000004   Code   RO         1340    .ARM.Collect$$rtexit$$00000003  c_w.l(rtexit2.o)
    0x080002ae   0x00000006   Code   RO         1341    .ARM.Collect$$rtexit$$00000004  c_w.l(rtexit2.o)
    0x080002b4   0x00000724   Code   RO            2    .text               main.o
    0x080009d8   0x000002c4   Code   RO          210    .text               usb_bsp.o
    0x08000c9c   0x000005fc   Code   RO          235    .text               usbh_usr.o
    0x08001298   0x000000d4   Code   RO          282    .text               general.o
    0x0800136c   0x00000038   Code   RO          299    .text               ledring.o
    0x080013a4   0x000004b8   Code   RO          315    .text               interface.o
    0x0800185c   0x00000054   Code   RO          339    .text               retarget.o
    0x080018b0   0x00000004   Code   RO          364    .text               joystick.o
    0x080018b4   0x000001d8   Code   RO          380    .text               pid.o
    0x08001a8c   0x00000188   Code   RO          396    .text               system_stm32f4xx.o
    0x08001c14   0x00000024   Code   RO          418    .text               stm32f4xx_it.o
    0x08001c38   0x00000be8   Code   RO          442    .text               stm32f4xx_rcc.o
    0x08002820   0x000038f8   Code   RO          461    .text               stm32f4xx_tim_1.o
    0x08006118   0x00000f4c   Code   RO          478    .text               stm32f4xx_usart.o
    0x08007064   0x000002c4   Code   RO          494    .text               stm32f4xx_exti.o
    0x08007328   0x000009d8   Code   RO          510    .text               stm32f4xx_gpio.o
    0x08007d00   0x000001ac   Code   RO          526    .text               misc.o
    0x08007eac   0x00000174   Code   RO          542    .text               stm32f4xx_syscfg.o
    0x08008020   0x00000b22   Code   RO          558    .text               stm32f4xx_spi.o
    0x08008b42   0x00000002   PAD
    0x08008b44   0x000006e4   Code   RO          574    .text               usbh_core.o
    0x08009228   0x000000ee   Code   RO          600    .text               usbh_hcs.o
    0x08009316   0x000001d4   Code   RO          616    .text               usbh_ioreq.o
    0x080094ea   0x00000002   PAD
    0x080094ec   0x0000040c   Code   RO          632    .text               usbh_stdreq.o
    0x080098f8   0x00000960   Code   RO          656    .text               usb_core.o
    0x0800a258   0x000000ac   Code   RO          673    .text               usb_hcd.o
    0x0800a304   0x00000e78   Code   RO          689    .text               usb_hcd_int.o
    0x0800b17c   0x00000330   Code   RO          705    .text               usbh_hid_core.o
    0x0800b4ac   0x000000fc   Code   RO          739    .text               usbh_hid_keybd.o
    0x0800b5a8   0x0000001c   Code   RO          762    .text               usbh_hid_mouse.o
    0x0800b5c4   0x00000050   Code   RO          810    .text               startup_stm32f4xx.o
    0x0800b614   0x000006f4   Code   RO          815    .text               steering.o
    0x0800bd08   0x00000480   Code   RO          842    .text               motorcontrol.o
    0x0800c188   0x000001e4   Code   RO          866    .text               car.o
    0x0800c36c   0x00000060   Code   RO          888    .text               esp8266.o
    0x0800c3cc   0x00000240   Code   RO          905    .text               serie3.o
    0x0800c60c   0x00000230   Code   RO          929    .text               serie1.o
    0x0800c83c   0x00000240   Code   RO          953    .text               serie2.o
    0x0800ca7c   0x00000038   Code   RO          977    .text               irsensors.o
    0x0800cab4   0x00000234   Code   RO          993    .text               accelerometer.o
    0x0800cce8   0x00000018   Code   RO         1021    .text               c_w.l(noretval__2printf.o)
    0x0800cd00   0x00000014   Code   RO         1023    .text               c_w.l(noretval__2fprintf.o)
    0x0800cd14   0x0000004e   Code   RO         1027    .text               c_w.l(_printf_pad.o)
    0x0800cd62   0x00000052   Code   RO         1029    .text               c_w.l(_printf_str.o)
    0x0800cdb4   0x00000078   Code   RO         1031    .text               c_w.l(_printf_dec.o)
    0x0800ce2c   0x0000007c   Code   RO         1033    .text               c_w.l(_printf_longlong_dec.o)
    0x0800cea8   0x00000058   Code   RO         1038    .text               c_w.l(_printf_hex_int.o)
    0x0800cf00   0x00000188   Code   RO         1073    .text               c_w.l(__printf_flags_ss_wp.o)
    0x0800d088   0x0000003c   Code   RO         1083    .text               c_w.l(__0sscanf.o)
    0x0800d0c4   0x00000156   Code   RO         1085    .text               c_w.l(_scanf_longlong.o)
    0x0800d21a   0x0000014c   Code   RO         1087    .text               c_w.l(_scanf_int.o)
    0x0800d366   0x00000004   Code   RO         1089    .text               c_w.l(putc.o)
    0x0800d36a   0x00000048   Code   RO         1091    .text               c_w.l(strcpy.o)
    0x0800d3b2   0x00000002   PAD
    0x0800d3b4   0x00000080   Code   RO         1093    .text               c_w.l(strcmpv7m.o)
    0x0800d434   0x00000006   Code   RO         1095    .text               c_w.l(heapauxi.o)
    0x0800d43a   0x0000008a   Code   RO         1158    .text               c_w.l(lludiv10.o)
    0x0800d4c4   0x00000016   Code   RO         1160    .text               c_w.l(_rserrno.o)
    0x0800d4da   0x000000b2   Code   RO         1162    .text               c_w.l(_printf_intcommon.o)
    0x0800d58c   0x0000041a   Code   RO         1164    .text               c_w.l(_printf_fp_dec.o)
    0x0800d9a6   0x0000002c   Code   RO         1166    .text               c_w.l(_printf_char.o)
    0x0800d9d2   0x00000002   PAD
    0x0800d9d4   0x00000024   Code   RO         1168    .text               c_w.l(_printf_char_file.o)
    0x0800d9f8   0x0000001c   Code   RO         1172    .text               c_w.l(_chval.o)
    0x0800da14   0x0000002c   Code   RO         1174    .text               c_w.l(scanf_char.o)
    0x0800da40   0x00000040   Code   RO         1176    .text               c_w.l(_sgetc.o)
    0x0800da80   0x00000008   Code   RO         1220    .text               c_w.l(rt_locale_intlibspace.o)
    0x0800da88   0x00000008   Code   RO         1225    .text               c_w.l(rt_errno_addr_intlibspace.o)
    0x0800da90   0x00000012   Code   RO         1227    .text               c_w.l(isspace.o)
    0x0800daa2   0x00000002   PAD
    0x0800daa4   0x00000030   Code   RO         1229    .text               c_w.l(_printf_char_common.o)
    0x0800dad4   0x00000080   Code   RO         1231    .text               c_w.l(_printf_fp_infnan.o)
    0x0800db54   0x00000374   Code   RO         1233    .text               c_w.l(_scanf.o)
    0x0800dec8   0x000000dc   Code   RO         1235    .text               c_w.l(bigflt0.o)
    0x0800dfa4   0x00000008   Code   RO         1267    .text               c_w.l(libspace.o)
    0x0800dfac   0x0000004a   Code   RO         1270    .text               c_w.l(sys_stackheap_outer.o)
    0x0800dff6   0x00000002   PAD
    0x0800dff8   0x00000010   Code   RO         1272    .text               c_w.l(rt_ctype_table.o)
    0x0800e008   0x0000000c   Code   RO         1276    .text               c_w.l(exit.o)
    0x0800e014   0x0000003e   Code   RO         1238    CL$$btod_d2e        c_w.l(btod.o)
    0x0800e052   0x00000046   Code   RO         1240    CL$$btod_d2e_denorm_low  c_w.l(btod.o)
    0x0800e098   0x00000060   Code   RO         1239    CL$$btod_d2e_norm_op1  c_w.l(btod.o)
    0x0800e0f8   0x00000338   Code   RO         1248    CL$$btod_div_common  c_w.l(btod.o)
    0x0800e430   0x000000c6   Code   RO         1245    CL$$btod_e2e        c_w.l(btod.o)
    0x0800e4f6   0x00000028   Code   RO         1242    CL$$btod_ediv       c_w.l(btod.o)
    0x0800e51e   0x00000028   Code   RO         1241    CL$$btod_emul       c_w.l(btod.o)
    0x0800e546   0x00000244   Code   RO         1247    CL$$btod_mult_common  c_w.l(btod.o)
    0x0800e78a   0x00000030   Code   RO         1265    i.__ARM_fpclassify  m_wm.l(fpclassify.o)
    0x0800e7ba   0x00000026   Code   RO         1183    i.__ARM_fpclassifyf  m_wm.l(fpclassifyf.o)
    0x0800e7e0   0x00000160   Code   RO         1109    i.__hardfp_atanf    m_wm.l(atanf.o)
    0x0800e940   0x00000150   Code   RO         1121    i.__hardfp_cosf     m_wm.l(cosf.o)
    0x0800ea90   0x00000190   Code   RO         1133    i.__hardfp_sinf     m_wm.l(sinf.o)
    0x0800ec20   0x0000003a   Code   RO         1145    i.__hardfp_sqrtf    m_wm.l(sqrtf.o)
    0x0800ec5a   0x00000006   Code   RO         1186    i.__mathlib_flt_infnan  m_wm.l(funder.o)
    0x0800ec60   0x00000010   Code   RO         1188    i.__mathlib_flt_invalid  m_wm.l(funder.o)
    0x0800ec70   0x00000010   Code   RO         1191    i.__mathlib_flt_underflow  m_wm.l(funder.o)
    0x0800ec80   0x00000154   Code   RO         1199    i.__mathlib_rredf2  m_wm.l(rredf.o)
    0x0800edd4   0x0000000e   Code   RO         1066    i._is_digit         c_w.l(__printf_wp.o)
    0x0800ede2   0x00000002   PAD
    0x0800ede4   0x0000002c   Code   RO         1261    locale$$code        c_w.l(lc_numeric_c.o)
    0x0800ee10   0x0000002c   Code   RO         1332    locale$$code        c_w.l(lc_ctype_c.o)
    0x0800ee3c   0x0000000c   Code   RO         1178    x$fpl$dretinf       fz_wm.l(dretinf.o)
    0x0800ee48   0x00000056   Code   RO         1099    x$fpl$f2d           fz_wm.l(f2d.o)
    0x0800ee9e   0x00000060   Code   RO         1105    x$fpl$ffltll        fz_wm.l(ffltll_clz.o)
    0x0800eefe   0x0000008c   Code   RO         1180    x$fpl$fnaninf       fz_wm.l(fnaninf.o)
    0x0800ef8a   0x0000000a   Code   RO         1336    x$fpl$fpinit        fz_wm.l(fpinit.o)
    0x0800ef94   0x00000086   Code   RO         1101    x$fpl$llsfromf      fz_wm.l(ffixll.o)
    0x0800f01a   0x00000004   Code   RO         1107    x$fpl$printf1       fz_wm.l(printf1.o)
    0x0800f01e   0x00000000   Code   RO         1182    x$fpl$usenofp       fz_wm.l(usenofp.o)
    0x0800f01e   0x0000009c   Data   RO          241    .constdata          usbh_usr.o
    0x0800f0ba   0x00000002   PAD
    0x0800f0bc   0x0000042c   Data   RO          316    .constdata          interface.o
    0x0800f4e8   0x000001ec   Data   RO          740    .constdata          usbh_hid_keybd.o
    0x0800f6d4   0x00000028   Data   RO         1039    .constdata          c_w.l(_printf_hex_int.o)
    0x0800f6fc   0x00000011   Data   RO         1074    .constdata          c_w.l(__printf_flags_ss_wp.o)
    0x0800f70d   0x00000003   PAD
    0x0800f710   0x00000020   Data   RO         1200    .constdata          m_wm.l(rredf.o)
    0x0800f730   0x00000094   Data   RO         1236    .constdata          c_w.l(bigflt0.o)
    0x0800f7c4   0x0000004a   Data   RO          868    .conststring        car.o
    0x0800f80e   0x00000002   PAD
    0x0800f810   0x00000020   Data   RO         1406    Region$$Table       anon$$obj.o
    0x0800f830   0x0000001c   Data   RO         1260    locale$$data        c_w.l(lc_numeric_c.o)
    0x0800f84c   0x00000110   Data   RO         1331    locale$$data        c_w.l(lc_ctype_c.o)


    Execution Region RW_IRAM1 (Base: 0x20000000, Size: 0x00005250, Max: 0x00020000, ABSOLUTE, COMPRESSED[0x00000080])

    Base Addr    Size         Type   Attr      Idx    E Section Name        Object

    0x20000000   0x00000014   Data   RW            4    .data               main.o
    0x20000014   0x00000004   Data   RW          211    .data               usb_bsp.o
    0x20000018   0x00000048   Data   RW          245    .data               usbh_usr.o
    0x20000060   0x00000008   Data   RW          246    .data               usbh_usr.o
    0x20000068   0x00000004   Data   RW          317    .data               interface.o
    0x2000006c   0x00000004   Data   RW          340    .data               retarget.o
    0x20000070   0x00000010   Data   RW          342    .data               retarget.o
    0x20000080   0x00000014   Data   RW          397    .data               system_stm32f4xx.o
    0x20000094   0x00000010   Data   RW          443    .data               stm32f4xx_rcc.o
    0x200000a4   0x0000000c   Data   RW          576    .data               usbh_core.o
    0x200000b0   0x00000004   Data   RW          577    .data               usbh_core.o
    0x200000b4   0x0000000c   Data   RW          578    .data               usbh_core.o
    0x200000c0   0x00000004   Data   RW          634    .data               usbh_stdreq.o
    0x200000c4   0x00000001   Data   RW          708    .data               usbh_hid_core.o
    0x200000c5   0x00000003   PAD
    0x200000c8   0x00000010   Data   RW          709    .data               usbh_hid_core.o
    0x200000d8   0x00000008   Data   RW          741    .data               usbh_hid_keybd.o
    0x200000e0   0x00000017   Data   RW          742    .data               usbh_hid_keybd.o
    0x200000f7   0x00000001   PAD
    0x200000f8   0x00000008   Data   RW          766    .data               usbh_hid_mouse.o
    0x20000100   0x00000004   Data   RW          767    .data               usbh_hid_mouse.o
    0x20000104   0x00000001   Data   RW          817    .data               steering.o
    0x20000105   0x00000001   PAD
    0x20000106   0x00000002   Data   RW          869    .data               car.o
    0x20000108   0x00000014   Data   RW          907    .data               serie3.o
    0x2000011c   0x00000014   Data   RW          931    .data               serie1.o
    0x20000130   0x00000014   Data   RW          955    .data               serie2.o
    0x20000144   0x00000006   Data   RW          994    .data               accelerometer.o
    0x2000014a   0x00000002   PAD
    0x2000014c   0x0000064c   Zero   RW            3    .bss                main.o
    0x20000798   0x00000020   Zero   RW          236    .bss                usbh_usr.o
    0x200007b8   0x00000064   Zero   RW          575    .bss                usbh_core.o
    0x2000081c   0x00000200   Zero   RW          633    .bss                usbh_stdreq.o
    0x20000a1c   0x0000005e   Zero   RW          706    .bss                usbh_hid_core.o
    0x20000a7a   0x00000006   PAD
    0x20000a80   0x00003fc0   Zero   RW          816    .bss                steering.o
    0x20004a40   0x00000020   Zero   RW          843    .bss                motorcontrol.o
    0x20004a60   0x0000000c   Zero   RW          844    .bss                motorcontrol.o
    0x20004a6c   0x00000080   Zero   RW          906    .bss                serie3.o
    0x20004aec   0x00000080   Zero   RW          930    .bss                serie1.o
    0x20004b6c   0x00000080   Zero   RW          954    .bss                serie2.o
    0x20004bec   0x00000060   Zero   RW         1268    .bss                c_w.l(libspace.o)
    0x20004c4c   0x00000004   PAD
    0x20004c50   0x00000200   Zero   RW          808    HEAP                startup_stm32f4xx.o
    0x20004e50   0x00000400   Zero   RW          807    STACK               startup_stm32f4xx.o


==============================================================================

Image component sizes


      Code (inc. data)   RO Data    RW Data    ZI Data      Debug   Object Name

       564         18          0          6          0       2684   accelerometer.o
       484         66         74          2          0       2252   car.o
        96         36          0          0          0        655   esp8266.o
       212          6          0          0          0       1249   general.o
      1208        204       1068          4          0       6622   interface.o
        56          6          0          0          0        541   irsensors.o
         4          0          0          0          0        443   joystick.o
        56          4          0          0          0        539   ledring.o
      1828        206          0         20       1612     324006   main.o
       428         68          0          0          0       1969   misc.o
      1152         26          0          0         44       5029   motorcontrol.o
       472         58          0          0          0       1429   pid.o
        84         18          0         20          0       2996   retarget.o
       560         22          0         20        128       3031   serie1.o
       576         34          0         20        128       3038   serie2.o
       576         28          0         20        128       3027   serie3.o
        80         32        392          0       1536        848   startup_stm32f4xx.o
      1780         96          0          1      16320       5922   steering.o
       708         84          0          0          0       2751   stm32f4xx_exti.o
      2520         94          0          0          0       4669   stm32f4xx_gpio.o
        36          6          0          0          0       1532   stm32f4xx_it.o
      3048        314          0         16          0      12501   stm32f4xx_rcc.o
      2850         84          0          0          0       7161   stm32f4xx_spi.o
       372         82          0          0          0       1743   stm32f4xx_syscfg.o
     14584        210          0          0          0      24714   stm32f4xx_tim_1.o
      3916        112          0          0          0       8576   stm32f4xx_usart.o
       392         56          0         20          0       1779   system_stm32f4xx.o
       708         14          0          4          0       3794   usb_bsp.o
      2400         22          0          0          0      10504   usb_core.o
       172          0          0          0          0       2652   usb_hcd.o
      3704         10          0          0          0       6851   usb_hcd_int.o
      1764         48          0         28        100       7610   usbh_core.o
       238          0          0          0          0       2328   usbh_hcs.o
       816         26          0         17         94       5650   usbh_hid_core.o
       252         22        492         31          0       2004   usbh_hid_keybd.o
        28          4          0         12          0       1959   usbh_hid_mouse.o
       468          0          0          0          0       3680   usbh_ioreq.o
      1036          8          0          4        512       5347   usbh_stdreq.o
      1532        296        156         80         32       8115   usbh_usr.o

    ----------------------------------------------------------------------
     51764       2420       2218        332      20640     492200   Object Totals
         0          0         32          0          0          0   (incl. Generated)
         4          0          4          7          6          0   (incl. Padding)

    ----------------------------------------------------------------------

      Code (inc. data)   RO Data    RW Data    ZI Data      Debug   Library Member Name

        60          8          0          0          0         84   __0sscanf.o
        90          0          0          0          0          0   __dczerorl2.o
         8          0          0          0          0         68   __main.o
       392          4         17          0          0         92   __printf_flags_ss_wp.o
        14          0          0          0          0         68   __printf_wp.o
         0          0          0          0          0          0   __rtentry.o
        12          0          0          0          0          0   __rtentry2.o
         6          0          0          0          0          0   __rtentry4.o
        52          8          0          0          0          0   __scatter.o
        28          0          0          0          0          0   __scatter_zi.o
        28          0          0          0          0         68   _chval.o
         6          0          0          0          0          0   _printf_c.o
        44          0          0          0          0        108   _printf_char.o
        48          6          0          0          0         96   _printf_char_common.o
        36          4          0          0          0         80   _printf_char_file.o
         6          0          0          0          0          0   _printf_d.o
       120         16          0          0          0         92   _printf_dec.o
         6          0          0          0          0          0   _printf_f.o
      1050          0          0          0          0        216   _printf_fp_dec.o
       128         16          0          0          0         84   _printf_fp_infnan.o
        88          4         40          0          0         88   _printf_hex_int.o
       178          0          0          0          0         88   _printf_intcommon.o
        10          0          0          0          0          0   _printf_ll.o
         6          0          0          0          0          0   _printf_lld.o
       124         16          0          0          0         92   _printf_longlong_dec.o
        78          0          0          0          0        108   _printf_pad.o
         0          0          0          0          0          0   _printf_percent.o
         4          0          0          0          0          0   _printf_percent_end.o
         6          0          0          0          0          0   _printf_s.o
        82          0          0          0          0         80   _printf_str.o
         6          0          0          0          0          0   _printf_x.o
        22          0          0          0          0        100   _rserrno.o
       884          6          0          0          0        100   _scanf.o
       332          0          0          0          0         96   _scanf_int.o
       342          0          0          0          0        100   _scanf_longlong.o
        64          0          0          0          0         84   _sgetc.o
       220          4        148          0          0         96   bigflt0.o
      1910        128          0          0          0        672   btod.o
        12          0          0          0          0         72   exit.o
         6          0          0          0          0        152   heapauxi.o
        18          0          0          0          0         76   isspace.o
        44         10        272          0          0         76   lc_ctype_c.o
        44         10         28          0          0         76   lc_numeric_c.o
         2          0          0          0          0          0   libinit.o
        34          0          0          0          0          0   libinit2.o
         2          0          0          0          0          0   libshutdown.o
         2          0          0          0          0          0   libshutdown2.o
         8          4          0          0         96         68   libspace.o
       138          0          0          0          0         80   lludiv10.o
        20          0          0          0          0         84   noretval__2fprintf.o
        24          4          0          0          0         84   noretval__2printf.o
         4          0          0          0          0         68   putc.o
        16          4          0          0          0         76   rt_ctype_table.o
         8          4          0          0          0         68   rt_errno_addr_intlibspace.o
         8          4          0          0          0         68   rt_locale_intlibspace.o
         2          0          0          0          0          0   rtexit.o
        10          0          0          0          0          0   rtexit2.o
        44          8          0          0          0         84   scanf_char.o
       128          0          0          0          0         68   strcmpv7m.o
        72          0          0          0          0         80   strcpy.o
        74          0          0          0          0         80   sys_stackheap_outer.o
        12          0          0          0          0        116   dretinf.o
        86          4          0          0          0        132   f2d.o
       134          4          0          0          0        132   ffixll.o
        96          0          0          0          0        132   ffltll_clz.o
       140          4          0          0          0        132   fnaninf.o
        10          0          0          0          0        116   fpinit.o
         4          0          0          0          0        116   printf1.o
         0          0          0          0          0          0   usenofp.o
       352         56          0          0          0        172   atanf.o
       336         56          0          0          0        136   cosf.o
        48          0          0          0          0        124   fpclassify.o
        38          0          0          0          0        116   fpclassifyf.o
        38         12          0          0          0        348   funder.o
       340         24         32          0          0        160   rredf.o
       400         56          0          0          0        212   sinf.o
        58          0          0          0          0        136   sqrtf.o

    ----------------------------------------------------------------------
      9314        484        540          0        100       6400   Library Totals
        12          0          3          0          4          0   (incl. Padding)

    ----------------------------------------------------------------------

      Code (inc. data)   RO Data    RW Data    ZI Data      Debug   Library Name

      7210        268        505          0         96       4120   c_w.l
       482         12          0          0          0        876   fz_wm.l
      1610        204         32          0          0       1404   m_wm.l

    ----------------------------------------------------------------------
      9314        484        540          0        100       6400   Library Totals

    ----------------------------------------------------------------------

==============================================================================


      Code (inc. data)   RO Data    RW Data    ZI Data      Debug   

     61078       2904       2758        332      20740     487212   Grand Totals
     61078       2904       2758        128      20740     487212   ELF Image Totals (compressed)
     61078       2904       2758        128          0          0   ROM Totals

==============================================================================

    Total RO  Size (Code + RO Data)                63836 (  62.34kB)
    Total RW  Size (RW Data + ZI Data)             21072 (  20.58kB)
    Total ROM Size (Code + RO Data + RW Data)      63964 (  62.46kB)

==============================================================================

