<html>
<body>
<pre>
<h1>µVision Build Log</h1>
<h2>Project:</h2>
C:\Documents and Settings\dmphuong\Desktop\STMF4_HID_DEMO_14012013\MDK\STM32F407VGT6.uvproj
Project File Date:  01/15/2013

<h2>Output:</h2>
Rebuild target 'STM32G407VGT6'
compiling main.c...
compiling stm32f4xx_it.c...
compiling system_stm32f4xx.c...
compiling uart_debug.c...
compiling usb_bsp.c...
compiling usbh_usr.c...
compiling stm32f4xx_rcc.c...
compiling stm32f4xx_tim.c...
compiling stm32f4xx_usart.c...
compiling stm32f4xx_exti.c...
compiling stm32f4xx_gpio.c...
compiling misc.c...
compiling stm32f4xx_syscfg.c...
compiling usbh_core.c...
compiling usbh_hcs.c...
compiling usbh_ioreq.c...
compiling usbh_stdreq.c...
compiling usb_core.c...
compiling usb_hcd.c...
compiling usb_hcd_int.c...
compiling usbh_hid_core.c...
compiling usbh_hid_keybd.c...
compiling usbh_hid_mouse.c...
compiling stm32f4_discovery.c...
assembling startup_stm32f4xx.s...
linking...
.\OBJ\STM32F407VGT6.axf: Error: L6218E: Undefined symbol prev_x (referred from usbh_usr.o).
.\OBJ\STM32F407VGT6.axf: Error: L6218E: Undefined symbol prev_y (referred from usbh_usr.o).
.\OBJ\STM32F407VGT6.axf: Error: L6218E: Undefined symbol x_loc (referred from usbh_usr.o).
.\OBJ\STM32F407VGT6.axf: Error: L6218E: Undefined symbol y_loc (referred from usbh_usr.o).
Target not created
Rebuild target 'STM32G407VGT6'
compiling main.c...
compiling stm32f4xx_it.c...
compiling system_stm32f4xx.c...
compiling uart_debug.c...
compiling usb_bsp.c...
compiling usbh_usr.c...
compiling stm32f4xx_rcc.c...
compiling stm32f4xx_tim.c...
compiling stm32f4xx_usart.c...
compiling stm32f4xx_exti.c...
compiling stm32f4xx_gpio.c...
compiling misc.c...
compiling stm32f4xx_syscfg.c...
compiling usbh_core.c...
compiling usbh_hcs.c...
compiling usbh_ioreq.c...
compiling usbh_stdreq.c...
compiling usb_core.c...
compiling usb_hcd.c...
compiling usb_hcd_int.c...
compiling usbh_hid_core.c...
compiling usbh_hid_keybd.c...
compiling usbh_hid_mouse.c...
compiling stm32f4_discovery.c...
assembling startup_stm32f4xx.s...
linking...
Program Size: Code=40256 RO-data=1012 RW-data=284 ZI-data=3996  
FromELF: creating hex file...
".\OBJ\STM32F407VGT6.axf" - 0 Error(s), 0 Warning(s).
Build target 'STM32G407VGT6'
compiling usbh_usr.c...
linking...
Program Size: Code=40304 RO-data=1356 RW-data=276 ZI-data=3996  
FromELF: creating hex file...
".\OBJ\STM32F407VGT6.axf" - 0 Error(s), 0 Warning(s).
Build target 'STM32G407VGT6'
compiling usbh_usr.c...
linking...
Program Size: Code=40424 RO-data=1356 RW-data=276 ZI-data=3996  
FromELF: creating hex file...
".\OBJ\STM32F407VGT6.axf" - 0 Error(s), 0 Warning(s).
Load "C:\\Documents and Settings\\dmphuong\\Desktop\\STMF4_HID_DEMO_14012013\\MDK\\OBJ\\STM32F407VGT6.AXF" 
Load "C:\\Documents and Settings\\dmphuong\\Desktop\\STMF4_HID_DEMO_14012013\\MDK\\OBJ\\STM32F407VGT6.AXF" 
Erase Done.
Programming Done.
Verify OK.
Build target 'STM32G407VGT6'
compiling main.c...
compiling uart_debug.c...
compiling usbh_usr.c...
linking...
Program Size: Code=40492 RO-data=1356 RW-data=276 ZI-data=3996  
FromELF: creating hex file...
".\OBJ\STM32F407VGT6.axf" - 0 Error(s), 0 Warning(s).
Load "C:\\Documents and Settings\\dmphuong\\Desktop\\STMF4_HID_DEMO_14012013\\MDK\\OBJ\\STM32F407VGT6.AXF" 
Erase Done.
Programming Done.
Verify OK.
Build target 'STM32G407VGT6'
compiling stm32f4xx_it.c...
compiling usbh_usr.c...
linking...
Program Size: Code=40528 RO-data=1356 RW-data=276 ZI-data=3996  
FromELF: creating hex file...
".\OBJ\STM32F407VGT6.axf" - 0 Error(s), 0 Warning(s).
Load "C:\\Documents and Settings\\dmphuong\\Desktop\\STMF4_HID_DEMO_14012013\\MDK\\OBJ\\STM32F407VGT6.AXF" 
Erase Done.
Programming Done.
Verify OK.
Build target 'STM32G407VGT6'
compiling usbh_usr.c...
linking...
Program Size: Code=40560 RO-data=1356 RW-data=276 ZI-data=3996  
FromELF: creating hex file...
".\OBJ\STM32F407VGT6.axf" - 0 Error(s), 0 Warning(s).
Load "C:\\Documents and Settings\\dmphuong\\Desktop\\STMF4_HID_DEMO_14012013\\MDK\\OBJ\\STM32F407VGT6.AXF" 
Erase Done.
Programming Done.
Verify OK.
Build target 'STM32G407VGT6'
compiling usbh_hid_mouse.c...
..\Libraries\STM32_USB_HOST_Library\Class\HID\src\usbh_hid_mouse.c(140): warning:  #223-D: function "printf" declared implicitly
linking...
Program Size: Code=40584 RO-data=1356 RW-data=276 ZI-data=3996  
FromELF: creating hex file...
".\OBJ\STM32F407VGT6.axf" - 0 Error(s), 1 Warning(s).
Build target 'STM32G407VGT6'
compiling main.c...
compiling usbh_usr.c...
compiling usbh_hid_mouse.c...
linking...
Program Size: Code=40584 RO-data=1356 RW-data=276 ZI-data=3996  
FromELF: creating hex file...
".\OBJ\STM32F407VGT6.axf" - 0 Error(s), 0 Warning(s).
Build target 'STM32G407VGT6'
linking...
Program Size: Code=40584 RO-data=1356 RW-data=276 ZI-data=3996  
FromELF: creating hex file...
".\OBJ\STM32F407VGT6.axf" - 0 Error(s), 0 Warning(s).
Load "C:\\Documents and Settings\\dmphuong\\Desktop\\STMF4_HID_DEMO_14012013\\MDK\\OBJ\\STM32F407VGT6.AXF" 
Erase Done.
Programming Done.
Verify OK.
Rebuild target 'STM32G407VGT6'
compiling main.c...
..\inc\usb_conf.h(158): error:  #35: #error directive: "USE_ULPI_PHY or USE_EMBEDDED_PHY or USE_I2C_PHY should be defined"
compiling stm32f4xx_it.c...
..\inc\usb_conf.h(158): error:  #35: #error directive: "USE_ULPI_PHY or USE_EMBEDDED_PHY or USE_I2C_PHY should be defined"
compiling system_stm32f4xx.c...
compiling uart_debug.c...
compiling usb_bsp.c...
..\inc\usb_conf.h(158): error:  #35: #error directive: "USE_ULPI_PHY or USE_EMBEDDED_PHY or USE_I2C_PHY should be defined"
compiling usbh_usr.c...
..\inc\usb_conf.h(158): error:  #35: #error directive: "USE_ULPI_PHY or USE_EMBEDDED_PHY or USE_I2C_PHY should be defined"
compiling stm32f4xx_rcc.c...
compiling stm32f4xx_tim.c...
compiling stm32f4xx_usart.c...
compiling stm32f4xx_exti.c...
compiling stm32f4xx_gpio.c...
compiling misc.c...
compiling stm32f4xx_syscfg.c...
compiling usbh_core.c...
..\inc\usb_conf.h(158): error:  #35: #error directive: "USE_ULPI_PHY or USE_EMBEDDED_PHY or USE_I2C_PHY should be defined"
compiling usbh_hcs.c...
..\inc\usb_conf.h(158): error:  #35: #error directive: "USE_ULPI_PHY or USE_EMBEDDED_PHY or USE_I2C_PHY should be defined"
compiling usbh_ioreq.c...
..\inc\usb_conf.h(158): error:  #35: #error directive: "USE_ULPI_PHY or USE_EMBEDDED_PHY or USE_I2C_PHY should be defined"
compiling usbh_stdreq.c...
..\inc\usb_conf.h(158): error:  #35: #error directive: "USE_ULPI_PHY or USE_EMBEDDED_PHY or USE_I2C_PHY should be defined"
compiling usb_core.c...
..\inc\usb_conf.h(158): error:  #35: #error directive: "USE_ULPI_PHY or USE_EMBEDDED_PHY or USE_I2C_PHY should be defined"
compiling usb_hcd.c...
..\inc\usb_conf.h(158): error:  #35: #error directive: "USE_ULPI_PHY or USE_EMBEDDED_PHY or USE_I2C_PHY should be defined"
compiling usb_hcd_int.c...
..\inc\usb_conf.h(158): error:  #35: #error directive: "USE_ULPI_PHY or USE_EMBEDDED_PHY or USE_I2C_PHY should be defined"
compiling usbh_hid_core.c...
..\inc\usb_conf.h(158): error:  #35: #error directive: "USE_ULPI_PHY or USE_EMBEDDED_PHY or USE_I2C_PHY should be defined"
compiling usbh_hid_keybd.c...
..\inc\usb_conf.h(158): error:  #35: #error directive: "USE_ULPI_PHY or USE_EMBEDDED_PHY or USE_I2C_PHY should be defined"
compiling usbh_hid_mouse.c...
..\inc\usb_conf.h(158): error:  #35: #error directive: "USE_ULPI_PHY or USE_EMBEDDED_PHY or USE_I2C_PHY should be defined"
compiling stm32f4_discovery.c...
assembling startup_stm32f4xx.s...
Target not created
Rebuild target 'STM32G407VGT6'
compiling main.c...
compiling stm32f4xx_it.c...
compiling system_stm32f4xx.c...
compiling uart_debug.c...
compiling usb_bsp.c...
compiling usbh_usr.c...
compiling stm32f4xx_rcc.c...
compiling stm32f4xx_tim.c...
compiling stm32f4xx_usart.c...
compiling stm32f4xx_exti.c...
compiling stm32f4xx_gpio.c...
compiling misc.c...
compiling stm32f4xx_syscfg.c...
compiling usbh_core.c...
compiling usbh_hcs.c...
compiling usbh_ioreq.c...
compiling usbh_stdreq.c...
compiling usb_core.c...
compiling usb_hcd.c...
compiling usb_hcd_int.c...
compiling usbh_hid_core.c...
compiling usbh_hid_keybd.c...
compiling usbh_hid_mouse.c...
compiling stm32f4_discovery.c...
assembling startup_stm32f4xx.s...
linking...
Program Size: Code=40696 RO-data=1356 RW-data=276 ZI-data=3996  
FromELF: creating hex file...
".\OBJ\STM32F407VGT6.axf" - 0 Error(s), 0 Warning(s).
Load "C:\\Documents and Settings\\dmphuong\\Desktop\\STMF4_HID_DEMO_14012013\\MDK\\OBJ\\STM32F407VGT6.AXF" 
Erase Done.
Programming Done.
Verify OK.
Build target 'STM32G407VGT6'
compiling main.c...
compiling stm32f4xx_it.c...
compiling system_stm32f4xx.c...
compiling uart_debug.c...
compiling usb_bsp.c...
compiling usbh_usr.c...
compiling stm32f4xx_rcc.c...
compiling stm32f4xx_tim.c...
compiling stm32f4xx_usart.c...
compiling stm32f4xx_exti.c...
compiling stm32f4xx_gpio.c...
compiling misc.c...
compiling stm32f4xx_syscfg.c...
compiling usbh_core.c...
compiling usbh_hcs.c...
compiling usbh_ioreq.c...
compiling usbh_stdreq.c...
compiling usb_core.c...
compiling usb_hcd.c...
compiling usb_hcd_int.c...
compiling usbh_hid_core.c...
compiling usbh_hid_keybd.c...
compiling usbh_hid_mouse.c...
compiling stm32f4_discovery.c...
linking...
Program Size: Code=40584 RO-data=1356 RW-data=276 ZI-data=3996  
FromELF: creating hex file...
".\OBJ\STM32F407VGT6.axf" - 0 Error(s), 0 Warning(s).
Load "C:\\Documents and Settings\\dmphuong\\Desktop\\STMF4_HID_DEMO_14012013\\MDK\\OBJ\\STM32F407VGT6.AXF" 
Erase Done.
Programming Done.
Verify OK.
Build target 'STM32G407VGT6'
compiling usbh_usr.c...
linking...
Program Size: Code=40604 RO-data=1356 RW-data=276 ZI-data=3996  
FromELF: creating hex file...
".\OBJ\STM32F407VGT6.axf" - 0 Error(s), 0 Warning(s).
Load "C:\\Documents and Settings\\dmphuong\\Desktop\\STMF4_HID_DEMO_14012013\\MDK\\OBJ\\STM32F407VGT6.AXF" 
Erase Done.
Programming Done.
Verify OK.
Build target 'STM32G407VGT6'
compiling main.c...
linking...
Program Size: Code=40604 RO-data=1356 RW-data=276 ZI-data=3996  
FromELF: creating hex file...
".\OBJ\STM32F407VGT6.axf" - 0 Error(s), 0 Warning(s).
Load "C:\\Documents and Settings\\dmphuong\\Desktop\\STMF4_HID_DEMO_14012013\\MDK\\OBJ\\STM32F407VGT6.AXF" 
Erase Done.
Programming Done.
Verify OK.
Build target 'STM32G407VGT6'
compiling usbh_usr.c...
linking...
Program Size: Code=40588 RO-data=1356 RW-data=276 ZI-data=3996  
FromELF: creating hex file...
".\OBJ\STM32F407VGT6.axf" - 0 Error(s), 0 Warning(s).
Load "C:\\Documents and Settings\\dmphuong\\Desktop\\STMF4_HID_DEMO_14012013\\MDK\\OBJ\\STM32F407VGT6.AXF" 
Erase Done.
Programming Done.
Verify OK.
Rebuild target 'STM32G407VGT6'
compiling main.c...
compiling stm32f4xx_it.c...
compiling system_stm32f4xx.c...
compiling uart_debug.c...
compiling usb_bsp.c...
compiling usbh_usr.c...
compiling stm32f4xx_rcc.c...
compiling stm32f4xx_tim.c...
compiling stm32f4xx_usart.c...
compiling stm32f4xx_exti.c...
compiling stm32f4xx_gpio.c...
compiling misc.c...
compiling stm32f4xx_syscfg.c...
compiling usbh_core.c...
compiling usbh_hcs.c...
compiling usbh_ioreq.c...
compiling usbh_stdreq.c...
compiling usb_core.c...
compiling usb_hcd.c...
compiling usb_hcd_int.c...
compiling usbh_hid_core.c...
compiling usbh_hid_keybd.c...
compiling usbh_hid_mouse.c...
compiling stm32f4_discovery.c...
assembling startup_stm32f4xx.s...
linking...
Program Size: Code=40564 RO-data=1356 RW-data=276 ZI-data=3996  
FromELF: creating hex file...
".\OBJ\STM32F407VGT6.axf" - 0 Error(s), 0 Warning(s).
Load "C:\\Documents and Settings\\dmphuong\\Desktop\\STMF4_HID_DEMO_14012013\\MDK\\OBJ\\STM32F407VGT6.AXF" 
Erase Done.
Programming Done.
Verify OK.
Rebuild target 'STM32G407VGT6'
compiling main.c...
compiling stm32f4xx_it.c...
compiling system_stm32f4xx.c...
compiling uart_debug.c...
compiling usb_bsp.c...
compiling usbh_usr.c...
compiling stm32f4xx_rcc.c...
compiling stm32f4xx_tim.c...
compiling stm32f4xx_usart.c...
compiling stm32f4xx_exti.c...
compiling stm32f4xx_gpio.c...
compiling misc.c...
compiling stm32f4xx_syscfg.c...
compiling usbh_core.c...
compiling usbh_hcs.c...
compiling usbh_ioreq.c...
compiling usbh_stdreq.c...
compiling usb_core.c...
compiling usb_hcd.c...
compiling usb_hcd_int.c...
compiling usbh_hid_core.c...
compiling usbh_hid_keybd.c...
compiling usbh_hid_mouse.c...
compiling stm32f4_discovery.c...
assembling startup_stm32f4xx.s...
linking...
Program Size: Code=40580 RO-data=1356 RW-data=276 ZI-data=3996  
FromELF: creating hex file...
".\OBJ\STM32F407VGT6.axf" - 0 Error(s), 0 Warning(s).
Build target 'STM32G407VGT6'
compiling usbh_usr.c...
linking...
Program Size: Code=40560 RO-data=1356 RW-data=276 ZI-data=3996  
FromELF: creating hex file...
".\OBJ\STM32F407VGT6.axf" - 0 Error(s), 0 Warning(s).
Load "C:\\Documents and Settings\\dmphuong\\Desktop\\STMF4_HID_DEMO_14012013\\MDK\\OBJ\\STM32F407VGT6.AXF" 
Erase Done.
Programming Done.
Verify OK.
Build target 'STM32G407VGT6'
compiling usbh_usr.c...
linking...
Program Size: Code=40536 RO-data=1356 RW-data=276 ZI-data=3996  
FromELF: creating hex file...
".\OBJ\STM32F407VGT6.axf" - 0 Error(s), 0 Warning(s).
Load "C:\\Documents and Settings\\dmphuong\\Desktop\\STMF4_HID_DEMO_14012013\\MDK\\OBJ\\STM32F407VGT6.AXF" 
Erase Done.
Programming Done.
Verify OK.
Build target 'STM32G407VGT6'
compiling usbh_usr.c...
..\src\usbh_usr.c(260): warning:  #177-D: variable "temp" was declared but never referenced
..\src\usbh_usr.c(318): warning:  #177-D: variable "temp" was declared but never referenced
..\src\usbh_usr.c(331): warning:  #177-D: variable "temp" was declared but never referenced
..\src\usbh_usr.c(344): warning:  #177-D: variable "temp" was declared but never referenced
linking...
Program Size: Code=40460 RO-data=1356 RW-data=276 ZI-data=3996  
FromELF: creating hex file...
".\OBJ\STM32F407VGT6.axf" - 0 Error(s), 4 Warning(s).
Build target 'STM32G407VGT6'
compiling usbh_usr.c...
linking...
Program Size: Code=40460 RO-data=1356 RW-data=276 ZI-data=3996  
FromELF: creating hex file...
".\OBJ\STM32F407VGT6.axf" - 0 Error(s), 0 Warning(s).
Load "C:\\Documents and Settings\\dmphuong\\Desktop\\STMF4_HID_DEMO_14012013\\MDK\\OBJ\\STM32F407VGT6.AXF" 
Erase Done.
Programming Done.
Verify OK.
Build target 'STM32G407VGT6'
compiling usbh_usr.c...
..\src\usbh_usr.c(455): warning:  #224-D: the format string requires additional arguments
linking...
Program Size: Code=40472 RO-data=1356 RW-data=276 ZI-data=3996  
FromELF: creating hex file...
".\OBJ\STM32F407VGT6.axf" - 0 Error(s), 1 Warning(s).
Build target 'STM32G407VGT6'
compiling usbh_usr.c...
linking...
Program Size: Code=40476 RO-data=1356 RW-data=276 ZI-data=3996  
FromELF: creating hex file...
".\OBJ\STM32F407VGT6.axf" - 0 Error(s), 0 Warning(s).
Load "C:\\Documents and Settings\\dmphuong\\Desktop\\STMF4_HID_DEMO_14012013\\MDK\\OBJ\\STM32F407VGT6.AXF" 
Erase Done.
Programming Done.
Verify OK.
Build target 'STM32G407VGT6'
compiling main.c...
linking...
Program Size: Code=40476 RO-data=1356 RW-data=276 ZI-data=3996  
FromELF: creating hex file...
".\OBJ\STM32F407VGT6.axf" - 0 Error(s), 0 Warning(s).
Load "C:\\Documents and Settings\\dmphuong\\Desktop\\STMF4_HID_DEMO_14012013\\MDK\\OBJ\\STM32F407VGT6.AXF" 
Erase Done.
Programming Done.
Verify OK.
Build target 'STM32G407VGT6'
compiling main.c...
linking...
Program Size: Code=40468 RO-data=1356 RW-data=276 ZI-data=3996  
FromELF: creating hex file...
".\OBJ\STM32F407VGT6.axf" - 0 Error(s), 0 Warning(s).
Load "C:\\Documents and Settings\\dmphuong\\Desktop\\STMF4_HID_DEMO_14012013\\MDK\\OBJ\\STM32F407VGT6.AXF" 
Erase Done.
Programming Done.
Verify OK.
Build target 'STM32G407VGT6'
compiling main.c...
linking...
Program Size: Code=40476 RO-data=1356 RW-data=276 ZI-data=3996  
FromELF: creating hex file...
".\OBJ\STM32F407VGT6.axf" - 0 Error(s), 0 Warning(s).
Load "C:\\Documents and Settings\\dmphuong\\Desktop\\STMF4_HID_DEMO_14012013\\MDK\\OBJ\\STM32F407VGT6.AXF" 
Erase Done.
Programming Done.
Verify OK.
Load "C:\\Documents and Settings\\dmphuong\\Desktop\\STMF4_HID_DEMO_14012013\\MDK\\OBJ\\STM32F407VGT6.AXF" 
Erase Done.
Programming Done.
Verify OK.
Build target 'STM32G407VGT6'
compiling usbh_hid_mouse.c...
..\Libraries\STM32_USB_HOST_Library\Class\HID\src\usbh_hid_mouse.c(139): warning:  #223-D: function "DBG" declared implicitly
linking...
.\OBJ\STM32F407VGT6.axf: Error: L6218E: Undefined symbol DBG (referred from usbh_hid_mouse.o).
Target not created
Build target 'STM32G407VGT6'
compiling usbh_hid_mouse.c...
linking...
Program Size: Code=40500 RO-data=1356 RW-data=276 ZI-data=3996  
FromELF: creating hex file...
".\OBJ\STM32F407VGT6.axf" - 0 Error(s), 0 Warning(s).
Load "C:\\Documents and Settings\\dmphuong\\Desktop\\STMF4_HID_DEMO_14012013\\MDK\\OBJ\\STM32F407VGT6.AXF" 
Erase Done.
Programming Done.
Verify OK.
Build target 'STM32G407VGT6'
compiling usbh_hid_core.c...
..\Libraries\STM32_USB_HOST_Library\Class\HID\src\usbh_hid_core.c(194): warning:  #223-D: function "DBG" declared implicitly
linking...
.\OBJ\STM32F407VGT6.axf: Error: L6218E: Undefined symbol DBG (referred from usbh_hid_core.o).
Target not created
Build target 'STM32G407VGT6'
compiling usbh_hid_core.c...
..\Libraries\STM32_USB_HOST_Library\Class\HID\src\usbh_hid_core.c(196): warning:  #225-D: the format string ends before this argument
linking...
Program Size: Code=40580 RO-data=1356 RW-data=276 ZI-data=3996  
FromELF: creating hex file...
".\OBJ\STM32F407VGT6.axf" - 0 Error(s), 1 Warning(s).
Build target 'STM32G407VGT6'
compiling usbh_hid_core.c...
..\Libraries\STM32_USB_HOST_Library\Class\HID\src\usbh_hid_core.c(196): warning:  #225-D: the format string ends before this argument
linking...
Program Size: Code=40704 RO-data=1356 RW-data=276 ZI-data=3996  
FromELF: creating hex file...
".\OBJ\STM32F407VGT6.axf" - 0 Error(s), 1 Warning(s).
Build target 'STM32G407VGT6'
compiling usbh_hid_core.c...
..\Libraries\STM32_USB_HOST_Library\Class\HID\src\usbh_hid_core.c(195): error:  #20: identifier "device_prop" is undefined
Target not created
Build target 'STM32G407VGT6'
compiling usbh_hid_core.c...
linking...
Program Size: Code=40580 RO-data=1356 RW-data=276 ZI-data=3996  
FromELF: creating hex file...
".\OBJ\STM32F407VGT6.axf" - 0 Error(s), 0 Warning(s).
Load "C:\\Documents and Settings\\dmphuong\\Desktop\\STMF4_HID_DEMO_14012013\\MDK\\OBJ\\STM32F407VGT6.AXF" 
Erase Done.
Programming Done.
Verify OK.
Build target 'STM32G407VGT6'
compiling usbh_hid_core.c...
linking...
Program Size: Code=40620 RO-data=1356 RW-data=276 ZI-data=3996  
FromELF: creating hex file...
".\OBJ\STM32F407VGT6.axf" - 0 Error(s), 0 Warning(s).
Load "C:\\Documents and Settings\\dmphuong\\Desktop\\STMF4_HID_DEMO_14012013\\MDK\\OBJ\\STM32F407VGT6.AXF" 
Erase Done.
Programming Done.
Verify OK.
Build target 'STM32G407VGT6'
compiling usbh_hid_core.c...
linking...
Program Size: Code=40656 RO-data=1356 RW-data=276 ZI-data=3996  
FromELF: creating hex file...
".\OBJ\STM32F407VGT6.axf" - 0 Error(s), 0 Warning(s).
Load "C:\\Documents and Settings\\dmphuong\\Desktop\\STMF4_HID_DEMO_14012013\\MDK\\OBJ\\STM32F407VGT6.AXF" 
Erase Done.
Programming Done.
Verify OK.
Build target 'STM32G407VGT6'
compiling usbh_hid_core.c...
linking...
Program Size: Code=40720 RO-data=1356 RW-data=276 ZI-data=3996  
FromELF: creating hex file...
".\OBJ\STM32F407VGT6.axf" - 0 Error(s), 0 Warning(s).
Load "C:\\Documents and Settings\\dmphuong\\Desktop\\STMF4_HID_DEMO_14012013\\MDK\\OBJ\\STM32F407VGT6.AXF" 
Erase Done.
Programming Done.
Verify OK.
Build target 'STM32G407VGT6'
compiling usbh_hid_core.c...
linking...
Program Size: Code=40656 RO-data=1356 RW-data=276 ZI-data=3996  
FromELF: creating hex file...
".\OBJ\STM32F407VGT6.axf" - 0 Error(s), 0 Warning(s).
Load "C:\\Documents and Settings\\dmphuong\\Desktop\\STMF4_HID_DEMO_14012013\\MDK\\OBJ\\STM32F407VGT6.AXF" 
Erase Done.
Programming Done.
Verify OK.
Build target 'STM32G407VGT6'
compiling usbh_hid_core.c...
..\Libraries\STM32_USB_HOST_Library\Class\HID\src\usbh_hid_core.c(217): warning:  #224-D: the format string requires additional arguments
linking...
Program Size: Code=40740 RO-data=1356 RW-data=276 ZI-data=3996  
FromELF: creating hex file...
".\OBJ\STM32F407VGT6.axf" - 0 Error(s), 1 Warning(s).
Build target 'STM32G407VGT6'
compiling usbh_hid_core.c...
linking...
Program Size: Code=40728 RO-data=1356 RW-data=276 ZI-data=3996  
FromELF: creating hex file...
".\OBJ\STM32F407VGT6.axf" - 0 Error(s), 0 Warning(s).
Load "C:\\Documents and Settings\\dmphuong\\Desktop\\STMF4_HID_DEMO_14012013\\MDK\\OBJ\\STM32F407VGT6.AXF" 
Erase Done.
Programming Done.
Verify OK.
Build target 'STM32G407VGT6'
compiling main.c...
linking...
Program Size: Code=40728 RO-data=1356 RW-data=276 ZI-data=3996  
FromELF: creating hex file...
".\OBJ\STM32F407VGT6.axf" - 0 Error(s), 0 Warning(s).
Load "C:\\Documents and Settings\\dmphuong\\Desktop\\STMF4_HID_DEMO_14012013\\MDK\\OBJ\\STM32F407VGT6.AXF" 
Erase Done.
Programming Done.
Verify OK.
Build target 'STM32G407VGT6'
compiling usbh_hid_core.c...
linking...
Program Size: Code=40908 RO-data=1356 RW-data=276 ZI-data=3996  
FromELF: creating hex file...
".\OBJ\STM32F407VGT6.axf" - 0 Error(s), 0 Warning(s).
Load "C:\\Documents and Settings\\dmphuong\\Desktop\\STMF4_HID_DEMO_14012013\\MDK\\OBJ\\STM32F407VGT6.AXF" 
Erase Done.
Programming Done.
Verify OK.
Build target 'STM32G407VGT6'
compiling usbh_hid_core.c...
linking...
Program Size: Code=40984 RO-data=1356 RW-data=276 ZI-data=3996  
FromELF: creating hex file...
".\OBJ\STM32F407VGT6.axf" - 0 Error(s), 0 Warning(s).
Load "C:\\Documents and Settings\\dmphuong\\Desktop\\STMF4_HID_DEMO_14012013\\MDK\\OBJ\\STM32F407VGT6.AXF" 
Erase Done.
Programming Done.
Verify OK.
Build target 'STM32G407VGT6'
compiling usbh_hid_core.c...
linking...
Program Size: Code=40984 RO-data=1356 RW-data=276 ZI-data=3996  
FromELF: creating hex file...
".\OBJ\STM32F407VGT6.axf" - 0 Error(s), 0 Warning(s).
Load "C:\\Documents and Settings\\dmphuong\\Desktop\\STMF4_HID_DEMO_14012013\\MDK\\OBJ\\STM32F407VGT6.AXF" 
Erase Done.
Programming Done.
Verify OK.
Load "C:\\Documents and Settings\\dmphuong\\Desktop\\STMF4_HID_DEMO_14012013\\MDK\\OBJ\\STM32F407VGT6.AXF" 
Erase Done.
Programming Done.
Verify OK.
Build target 'STM32G407VGT6'
compiling usbh_hid_core.c...
linking...
Program Size: Code=40984 RO-data=1356 RW-data=276 ZI-data=3996  
FromELF: creating hex file...
".\OBJ\STM32F407VGT6.axf" - 0 Error(s), 0 Warning(s).
Load "C:\\Documents and Settings\\dmphuong\\Desktop\\STMF4_HID_DEMO_14012013\\MDK\\OBJ\\STM32F407VGT6.AXF" 
Erase Done.
Programming Done.
Verify OK.
Build target 'STM32G407VGT6'
compiling usbh_hid_core.c...
linking...
Program Size: Code=40984 RO-data=1356 RW-data=276 ZI-data=3996  
FromELF: creating hex file...
".\OBJ\STM32F407VGT6.axf" - 0 Error(s), 0 Warning(s).
Load "C:\\Documents and Settings\\dmphuong\\Desktop\\STMF4_HID_DEMO_14012013\\MDK\\OBJ\\STM32F407VGT6.AXF" 
Erase Done.
Programming Done.
Verify OK.
Build target 'STM32G407VGT6'
compiling usbh_hid_core.c...
linking...
Program Size: Code=40984 RO-data=1356 RW-data=276 ZI-data=3996  
FromELF: creating hex file...
".\OBJ\STM32F407VGT6.axf" - 0 Error(s), 0 Warning(s).
Load "C:\\Documents and Settings\\dmphuong\\Desktop\\STMF4_HID_DEMO_14012013\\MDK\\OBJ\\STM32F407VGT6.AXF" 
Erase Done.
Programming Done.
Verify OK.
Build target 'STM32G407VGT6'
linking...
Program Size: Code=40984 RO-data=1356 RW-data=276 ZI-data=3996  
FromELF: creating hex file...
".\OBJ\STM32F407VGT6.axf" - 0 Error(s), 0 Warning(s).
Load "C:\\Documents and Settings\\dmphuong\\Desktop\\STMF4_HID_DEMO_14012013\\MDK\\OBJ\\STM32F407VGT6.AXF" 
Erase Done.
Programming Done.
Verify OK.
Build target 'STM32G407VGT6'
compiling usbh_hid_core.c...
linking...
Program Size: Code=40976 RO-data=1356 RW-data=276 ZI-data=3996  
FromELF: creating hex file...
".\OBJ\STM32F407VGT6.axf" - 0 Error(s), 0 Warning(s).
Load "C:\\Documents and Settings\\dmphuong\\Desktop\\STMF4_HID_DEMO_14012013\\MDK\\OBJ\\STM32F407VGT6.AXF" 
Erase Done.
Programming Done.
Verify OK.
Build target 'STM32G407VGT6'
compiling usbh_hid_core.c...
..\Libraries\STM32_USB_HOST_Library\Class\HID\src\usbh_hid_core.c(373): warning:  #111-D: statement is unreachable
..\Libraries\STM32_USB_HOST_Library\Class\HID\src\usbh_hid_core.c(375): warning:  #111-D: statement is unreachable
..\Libraries\STM32_USB_HOST_Library\Class\HID\src\usbh_hid_core.c(378): warning:  #111-D: statement is unreachable
..\Libraries\STM32_USB_HOST_Library\Class\HID\src\usbh_hid_core.c(552): warning:  #177-D: function "USBH_Set_Idle" was declared but never referenced
linking...
Program Size: Code=40888 RO-data=1356 RW-data=276 ZI-data=3996  
FromELF: creating hex file...
".\OBJ\STM32F407VGT6.axf" - 0 Error(s), 4 Warning(s).
Load "C:\\Documents and Settings\\dmphuong\\Desktop\\STMF4_HID_DEMO_14012013\\MDK\\OBJ\\STM32F407VGT6.AXF" 
Erase Done.
Programming Done.
Verify OK.
Build target 'STM32G407VGT6'
compiling usbh_hid_core.c...
linking...
Program Size: Code=40532 RO-data=1356 RW-data=276 ZI-data=3996  
FromELF: creating hex file...
".\OBJ\STM32F407VGT6.axf" - 0 Error(s), 0 Warning(s).
Load "C:\\Documents and Settings\\dmphuong\\Desktop\\STMF4_HID_DEMO_14012013\\MDK\\OBJ\\STM32F407VGT6.AXF" 
Erase Done.
Programming Done.
Verify OK.
Rebuild target 'STM32G407VGT6'
compiling main.c...
compiling stm32f4xx_it.c...
compiling system_stm32f4xx.c...
compiling uart_debug.c...
compiling usb_bsp.c...
compiling usbh_usr.c...
compiling stm32f4xx_rcc.c...
compiling stm32f4xx_tim.c...
compiling stm32f4xx_usart.c...
compiling stm32f4xx_exti.c...
compiling stm32f4xx_gpio.c...
compiling misc.c...
compiling stm32f4xx_syscfg.c...
compiling usbh_core.c...
compiling usbh_hcs.c...
compiling usbh_ioreq.c...
compiling usbh_stdreq.c...
compiling usb_core.c...
compiling usb_hcd.c...
compiling usb_hcd_int.c...
compiling usbh_hid_core.c...
compiling usbh_hid_keybd.c...
compiling usbh_hid_mouse.c...
compiling stm32f4_discovery.c...
assembling startup_stm32f4xx.s...
linking...
Program Size: Code=40532 RO-data=1356 RW-data=276 ZI-data=3996  
FromELF: creating hex file...
".\OBJ\STM32F407VGT6.axf" - 0 Error(s), 0 Warning(s).
Load "C:\\Documents and Settings\\dmphuong\\Desktop\\STMF4_HID_DEMO_14012013\\MDK\\OBJ\\STM32F407VGT6.AXF" 
Erase Done.
Programming Done.
Verify OK.
Build target 'STM32G407VGT6'
compiling usbh_hid_core.c...
linking...
Program Size: Code=40500 RO-data=1356 RW-data=276 ZI-data=3996  
FromELF: creating hex file...
".\OBJ\STM32F407VGT6.axf" - 0 Error(s), 0 Warning(s).
Load "C:\\Documents and Settings\\dmphuong\\Desktop\\STMF4_HID_DEMO_14012013\\MDK\\OBJ\\STM32F407VGT6.AXF" 
Erase Done.
Programming Done.
Verify OK.
Build target 'STM32G407VGT6'
compiling main.c...
linking...
Program Size: Code=40500 RO-data=1356 RW-data=276 ZI-data=3996  
FromELF: creating hex file...
".\OBJ\STM32F407VGT6.axf" - 0 Error(s), 0 Warning(s).
Rebuild target 'STM32G407VGT6'
compiling main.c...
compiling stm32f4xx_it.c...
compiling system_stm32f4xx.c...
compiling uart_debug.c...
compiling usb_bsp.c...
compiling usbh_usr.c...
compiling stm32f4xx_rcc.c...
compiling stm32f4xx_tim.c...
compiling stm32f4xx_usart.c...
compiling stm32f4xx_exti.c...
compiling stm32f4xx_gpio.c...
compiling misc.c...
compiling stm32f4xx_syscfg.c...
compiling usbh_core.c...
compiling usbh_hcs.c...
compiling usbh_ioreq.c...
compiling usbh_stdreq.c...
compiling usb_core.c...
compiling usb_hcd.c...
compiling usb_hcd_int.c...
compiling usbh_hid_core.c...
compiling usbh_hid_keybd.c...
compiling usbh_hid_mouse.c...
compiling stm32f4_discovery.c...
assembling startup_stm32f4xx.s...
linking...
Program Size: Code=40500 RO-data=1356 RW-data=276 ZI-data=3996  
FromELF: creating hex file...
".\OBJ\STM32F407VGT6.axf" - 0 Error(s), 0 Warning(s).
Load "C:\\Documents and Settings\\dmphuong\\Desktop\\STMF4_HID_DEMO_14012013\\MDK\\OBJ\\STM32F407VGT6.AXF" 
Erase Done.
Programming Done.
Verify OK.
Build target 'STM32G407VGT6'
compiling main.c...
linking...
Program Size: Code=40500 RO-data=1356 RW-data=276 ZI-data=3996  
FromELF: creating hex file...
".\OBJ\STM32F407VGT6.axf" - 0 Error(s), 0 Warning(s).
Load "C:\\Documents and Settings\\dmphuong\\Desktop\\STMF4_HID_DEMO_14012013\\MDK\\OBJ\\STM32F407VGT6.AXF" 
Erase Done.
Programming Done.
Verify OK.
Build target 'STM32G407VGT6'
compiling usbh_hid_core.c...
linking...
Program Size: Code=40532 RO-data=1356 RW-data=276 ZI-data=3996  
FromELF: creating hex file...
".\OBJ\STM32F407VGT6.axf" - 0 Error(s), 0 Warning(s).
Load "C:\\Documents and Settings\\dmphuong\\Desktop\\STMF4_HID_DEMO_14012013\\MDK\\OBJ\\STM32F407VGT6.AXF" 
Erase Done.
Programming Done.
Verify OK.
Build target 'STM32G407VGT6'
compiling main.c...
linking...
Program Size: Code=40532 RO-data=1356 RW-data=276 ZI-data=3996  
FromELF: creating hex file...
".\OBJ\STM32F407VGT6.axf" - 0 Error(s), 0 Warning(s).
Load "C:\\Documents and Settings\\dmphuong\\Desktop\\STMF4_HID_DEMO_14012013\\MDK\\OBJ\\STM32F407VGT6.AXF" 
Erase Done.
Programming Done.
Verify OK.
Build target 'STM32G407VGT6'
compiling usbh_hid_core.c...
linking...
Program Size: Code=40520 RO-data=1356 RW-data=276 ZI-data=3996  
FromELF: creating hex file...
".\OBJ\STM32F407VGT6.axf" - 0 Error(s), 0 Warning(s).
Load "C:\\Documents and Settings\\dmphuong\\Desktop\\STMF4_HID_DEMO_14012013\\MDK\\OBJ\\STM32F407VGT6.AXF" 
Erase Done.
Programming Done.
Verify OK.
Build target 'STM32G407VGT6'
compiling usbh_hid_mouse.c...
linking...
Program Size: Code=40496 RO-data=1356 RW-data=276 ZI-data=3996  
FromELF: creating hex file...
".\OBJ\STM32F407VGT6.axf" - 0 Error(s), 0 Warning(s).
Build target 'STM32G407VGT6'
compiling usbh_usr.c...
linking...
Program Size: Code=40504 RO-data=1356 RW-data=276 ZI-data=3996  
FromELF: creating hex file...
".\OBJ\STM32F407VGT6.axf" - 0 Error(s), 0 Warning(s).
Load "C:\\Documents and Settings\\dmphuong\\Desktop\\STMF4_HID_DEMO_14012013\\MDK\\OBJ\\STM32F407VGT6.AXF" 
Erase Done.
Programming Done.
Verify OK.
Build target 'STM32G407VGT6'
compiling usbh_usr.c...
compiling usbh_hid_mouse.c...
linking...
Program Size: Code=40544 RO-data=1356 RW-data=276 ZI-data=3996  
FromELF: creating hex file...
".\OBJ\STM32F407VGT6.axf" - 0 Error(s), 0 Warning(s).
Load "C:\\Documents and Settings\\dmphuong\\Desktop\\STMF4_HID_DEMO_14012013\\MDK\\OBJ\\STM32F407VGT6.AXF" 
Erase Done.
Programming Done.
Verify OK.
Build target 'STM32G407VGT6'
compiling usbh_usr.c...
linking...
Program Size: Code=40560 RO-data=1356 RW-data=276 ZI-data=3996  
FromELF: creating hex file...
".\OBJ\STM32F407VGT6.axf" - 0 Error(s), 0 Warning(s).
Load "C:\\Documents and Settings\\dmphuong\\Desktop\\STMF4_HID_DEMO_14012013\\MDK\\OBJ\\STM32F407VGT6.AXF" 
Erase Done.
Programming Done.
Verify OK.
Build target 'STM32G407VGT6'
compiling usbh_usr.c...
linking...
Program Size: Code=40508 RO-data=1356 RW-data=276 ZI-data=3996  
FromELF: creating hex file...
".\OBJ\STM32F407VGT6.axf" - 0 Error(s), 0 Warning(s).
Rebuild target 'STM32G407VGT6'
compiling main.c...
compiling stm32f4xx_it.c...
compiling system_stm32f4xx.c...
compiling uart_debug.c...
compiling usb_bsp.c...
compiling usbh_usr.c...
compiling stm32f4xx_rcc.c...
compiling stm32f4xx_tim.c...
compiling stm32f4xx_usart.c...
compiling stm32f4xx_exti.c...
compiling stm32f4xx_gpio.c...
compiling misc.c...
compiling stm32f4xx_syscfg.c...
compiling usbh_core.c...
compiling usbh_hcs.c...
compiling usbh_ioreq.c...
compiling usbh_stdreq.c...
compiling usb_core.c...
compiling usb_hcd.c...
compiling usb_hcd_int.c...
compiling usbh_hid_core.c...
compiling usbh_hid_keybd.c...
compiling usbh_hid_mouse.c...
compiling stm32f4_discovery.c...
assembling startup_stm32f4xx.s...
linking...
Program Size: Code=40508 RO-data=1356 RW-data=276 ZI-data=3996  
FromELF: creating hex file...
".\OBJ\STM32F407VGT6.axf" - 0 Error(s), 0 Warning(s).
Load "C:\\Documents and Settings\\dmphuong\\Desktop\\STMF4_HID_DEMO_14012013\\MDK\\OBJ\\STM32F407VGT6.AXF" 
Erase Done.
Programming Done.
Verify OK.
Build target 'STM32G407VGT6'
compiling usbh_usr.c...
linking...
Program Size: Code=40492 RO-data=1356 RW-data=276 ZI-data=3996  
FromELF: creating hex file...
".\OBJ\STM32F407VGT6.axf" - 0 Error(s), 0 Warning(s).
Load "C:\\Documents and Settings\\dmphuong\\Desktop\\STMF4_HID_DEMO_14012013\\MDK\\OBJ\\STM32F407VGT6.AXF" 
Erase Done.
Programming Done.
Verify OK.
Build target 'STM32G407VGT6'
compiling usbh_usr.c...
linking...
Program Size: Code=40496 RO-data=1356 RW-data=276 ZI-data=3996  
FromELF: creating hex file...
".\OBJ\STM32F407VGT6.axf" - 0 Error(s), 0 Warning(s).
Load "C:\\Documents and Settings\\dmphuong\\Desktop\\STMF4_HID_DEMO_14012013\\MDK\\OBJ\\STM32F407VGT6.AXF" 
Erase Done.
Programming Done.
Verify OK.
Build target 'STM32G407VGT6'
compiling usbh_usr.c...
linking...
Program Size: Code=40492 RO-data=1356 RW-data=276 ZI-data=3996  
FromELF: creating hex file...
".\OBJ\STM32F407VGT6.axf" - 0 Error(s), 0 Warning(s).
Load "C:\\Documents and Settings\\dmphuong\\Desktop\\STMF4_HID_DEMO_14012013\\MDK\\OBJ\\STM32F407VGT6.AXF" 
Erase Done.
Programming Done.
Verify OK.
Build target 'STM32G407VGT6'
compiling usbh_usr.c...
linking...
Program Size: Code=40492 RO-data=1356 RW-data=276 ZI-data=3996  
FromELF: creating hex file...
".\OBJ\STM32F407VGT6.axf" - 0 Error(s), 0 Warning(s).
Load "C:\\Documents and Settings\\dmphuong\\Desktop\\STMF4_HID_DEMO_14012013\\MDK\\OBJ\\STM32F407VGT6.AXF" 
Erase Done.
Programming Done.
Verify OK.
Build target 'STM32G407VGT6'
compiling usbh_usr.c...
linking...
Program Size: Code=40496 RO-data=1356 RW-data=276 ZI-data=3996  
FromELF: creating hex file...
".\OBJ\STM32F407VGT6.axf" - 0 Error(s), 0 Warning(s).
Load "C:\\Documents and Settings\\dmphuong\\Desktop\\STMF4_HID_DEMO_14012013\\MDK\\OBJ\\STM32F407VGT6.AXF" 
Erase Done.
Programming Done.
Verify OK.
Build target 'STM32G407VGT6'
compiling usbh_usr.c...
linking...
Program Size: Code=40496 RO-data=1356 RW-data=276 ZI-data=3996  
FromELF: creating hex file...
".\OBJ\STM32F407VGT6.axf" - 0 Error(s), 0 Warning(s).
Load "C:\\Documents and Settings\\dmphuong\\Desktop\\STMF4_HID_DEMO_14012013\\MDK\\OBJ\\STM32F407VGT6.AXF" 
Erase Done.
Programming Done.
Verify OK.
Build target 'STM32G407VGT6'
compiling usbh_usr.c...
linking...
Program Size: Code=40504 RO-data=1356 RW-data=276 ZI-data=3996  
FromELF: creating hex file...
".\OBJ\STM32F407VGT6.axf" - 0 Error(s), 0 Warning(s).
Load "C:\\Documents and Settings\\dmphuong\\Desktop\\STMF4_HID_DEMO_14012013\\MDK\\OBJ\\STM32F407VGT6.AXF" 
Erase Done.
Programming Done.
Verify OK.
Build target 'STM32G407VGT6'
compiling usbh_usr.c...
linking...
Program Size: Code=40512 RO-data=1356 RW-data=276 ZI-data=3996  
FromELF: creating hex file...
".\OBJ\STM32F407VGT6.axf" - 0 Error(s), 0 Warning(s).
Load "C:\\Documents and Settings\\dmphuong\\Desktop\\STMF4_HID_DEMO_14012013\\MDK\\OBJ\\STM32F407VGT6.AXF" 
Erase Done.
Programming Done.
Verify OK.
Build target 'STM32G407VGT6'
compiling usbh_usr.c...
linking...
Program Size: Code=40528 RO-data=1356 RW-data=276 ZI-data=3996  
FromELF: creating hex file...
".\OBJ\STM32F407VGT6.axf" - 0 Error(s), 0 Warning(s).
Load "C:\\Documents and Settings\\dmphuong\\Desktop\\STMF4_HID_DEMO_14012013\\MDK\\OBJ\\STM32F407VGT6.AXF" 
Erase Done.
Programming Done.
Verify OK.
Build target 'STM32G407VGT6'
compiling usbh_usr.c...
linking...
Program Size: Code=40564 RO-data=1356 RW-data=276 ZI-data=3996  
FromELF: creating hex file...
".\OBJ\STM32F407VGT6.axf" - 0 Error(s), 0 Warning(s).
Load "C:\\Documents and Settings\\dmphuong\\Desktop\\STMF4_HID_DEMO_14012013\\MDK\\OBJ\\STM32F407VGT6.AXF" 
Erase Done.
Programming Done.
Verify OK.
Build target 'STM32G407VGT6'
compiling usbh_usr.c...
linking...
Program Size: Code=40564 RO-data=1356 RW-data=276 ZI-data=3996  
FromELF: creating hex file...
".\OBJ\STM32F407VGT6.axf" - 0 Error(s), 0 Warning(s).
Load "C:\\Documents and Settings\\dmphuong\\Desktop\\STMF4_HID_DEMO_14012013\\MDK\\OBJ\\STM32F407VGT6.AXF" 
Erase Done.
Programming Done.
Verify OK.
Build target 'STM32G407VGT6'
compiling usbh_usr.c...
linking...
Program Size: Code=40688 RO-data=1356 RW-data=276 ZI-data=3996  
FromELF: creating hex file...
".\OBJ\STM32F407VGT6.axf" - 0 Error(s), 0 Warning(s).
Load "C:\\Documents and Settings\\dmphuong\\Desktop\\STMF4_HID_DEMO_14012013\\MDK\\OBJ\\STM32F407VGT6.AXF" 
Erase Done.
Programming Done.
Verify OK.
Build target 'STM32G407VGT6'
compiling usbh_usr.c...
linking...
Program Size: Code=40688 RO-data=1356 RW-data=276 ZI-data=3996  
FromELF: creating hex file...
".\OBJ\STM32F407VGT6.axf" - 0 Error(s), 0 Warning(s).
Build target 'STM32G407VGT6'
compiling usbh_usr.c...
linking...
Program Size: Code=40568 RO-data=1356 RW-data=276 ZI-data=3996  
FromELF: creating hex file...
".\OBJ\STM32F407VGT6.axf" - 0 Error(s), 0 Warning(s).
Load "C:\\Documents and Settings\\dmphuong\\Desktop\\STMF4_HID_DEMO_14012013\\MDK\\OBJ\\STM32F407VGT6.AXF" 
Erase Done.
Programming Done.
Verify OK.
Build target 'STM32G407VGT6'
compiling usbh_usr.c...
linking...
Program Size: Code=40688 RO-data=1356 RW-data=276 ZI-data=3996  
FromELF: creating hex file...
".\OBJ\STM32F407VGT6.axf" - 0 Error(s), 0 Warning(s).
Load "C:\\Documents and Settings\\dmphuong\\Desktop\\STMF4_HID_DEMO_14012013\\MDK\\OBJ\\STM32F407VGT6.AXF" 
Erase Done.
Programming Done.
Verify OK.
Build target 'STM32G407VGT6'
compiling usbh_usr.c...
linking...
Program Size: Code=40744 RO-data=1356 RW-data=276 ZI-data=3996  
FromELF: creating hex file...
".\OBJ\STM32F407VGT6.axf" - 0 Error(s), 0 Warning(s).
Load "C:\\Documents and Settings\\dmphuong\\Desktop\\STMF4_HID_DEMO_14012013\\MDK\\OBJ\\STM32F407VGT6.AXF" 
Erase Done.
Programming Done.
Verify OK.
Build target 'STM32G407VGT6'
compiling usbh_usr.c...
linking...
Program Size: Code=40696 RO-data=1356 RW-data=276 ZI-data=3996  
FromELF: creating hex file...
".\OBJ\STM32F407VGT6.axf" - 0 Error(s), 0 Warning(s).
Load "C:\\Documents and Settings\\dmphuong\\Desktop\\STMF4_HID_DEMO_14012013\\MDK\\OBJ\\STM32F407VGT6.AXF" 
Erase Done.
Programming Done.
Verify OK.
Build target 'STM32G407VGT6'
compiling usbh_usr.c...
linking...
Program Size: Code=40668 RO-data=1356 RW-data=276 ZI-data=3996  
FromELF: creating hex file...
".\OBJ\STM32F407VGT6.axf" - 0 Error(s), 0 Warning(s).
Load "C:\\Documents and Settings\\dmphuong\\Desktop\\STMF4_HID_DEMO_14012013\\MDK\\OBJ\\STM32F407VGT6.AXF" 
Erase Done.
Programming Done.
Verify OK.
Build target 'STM32G407VGT6'
compiling usbh_usr.c...
linking...
Program Size: Code=40668 RO-data=1356 RW-data=276 ZI-data=3996  
FromELF: creating hex file...
".\OBJ\STM32F407VGT6.axf" - 0 Error(s), 0 Warning(s).
Load "C:\\Documents and Settings\\dmphuong\\Desktop\\STMF4_HID_DEMO_14012013\\MDK\\OBJ\\STM32F407VGT6.AXF" 
Erase Done.
Programming Done.
Verify OK.
Build target 'STM32G407VGT6'
compiling usbh_usr.c...
linking...
Program Size: Code=40668 RO-data=1356 RW-data=276 ZI-data=3996  
FromELF: creating hex file...
".\OBJ\STM32F407VGT6.axf" - 0 Error(s), 0 Warning(s).
Load "C:\\Documents and Settings\\dmphuong\\Desktop\\STMF4_HID_DEMO_14012013\\MDK\\OBJ\\STM32F407VGT6.AXF" 
Erase Done.
Programming Done.
Verify OK.
Build target 'STM32G407VGT6'
compiling usbh_usr.c...
linking...
Program Size: Code=40668 RO-data=1356 RW-data=276 ZI-data=3996  
FromELF: creating hex file...
".\OBJ\STM32F407VGT6.axf" - 0 Error(s), 0 Warning(s).
Load "C:\\Documents and Settings\\dmphuong\\Desktop\\STMF4_HID_DEMO_14012013\\MDK\\OBJ\\STM32F407VGT6.AXF" 
Erase Done.
Programming Done.
Verify OK.
Build target 'STM32G407VGT6'
compiling usbh_usr.c...
linking...
Program Size: Code=40696 RO-data=1356 RW-data=276 ZI-data=3996  
FromELF: creating hex file...
".\OBJ\STM32F407VGT6.axf" - 0 Error(s), 0 Warning(s).
Load "C:\\Documents and Settings\\dmphuong\\Desktop\\STMF4_HID_DEMO_14012013\\MDK\\OBJ\\STM32F407VGT6.AXF" 
Erase Done.
Programming Done.
Verify OK.
Build target 'STM32G407VGT6'
compiling usbh_usr.c...
linking...
Program Size: Code=40696 RO-data=1356 RW-data=276 ZI-data=3996  
FromELF: creating hex file...
".\OBJ\STM32F407VGT6.axf" - 0 Error(s), 0 Warning(s).
Build target 'STM32G407VGT6'
compiling main.c...
compiling uart_debug.c...
linking...
Program Size: Code=40708 RO-data=1356 RW-data=276 ZI-data=3996  
FromELF: creating hex file...
".\OBJ\STM32F407VGT6.axf" - 0 Error(s), 0 Warning(s).
Build target 'STM32G407VGT6'
compiling uart_debug.c...
linking...
Program Size: Code=40700 RO-data=1356 RW-data=276 ZI-data=3996  
FromELF: creating hex file...
".\OBJ\STM32F407VGT6.axf" - 0 Error(s), 0 Warning(s).
Load "C:\\Documents and Settings\\dmphuong\\Desktop\\STMF4_HID_DEMO_14012013\\MDK\\OBJ\\STM32F407VGT6.AXF" 
Erase Done.
Programming Done.
Verify OK.
Build target 'STM32G407VGT6'
compiling main.c...
compiling uart_debug.c...
linking...
Program Size: Code=40772 RO-data=1356 RW-data=276 ZI-data=3996  
FromELF: creating hex file...
".\OBJ\STM32F407VGT6.axf" - 0 Error(s), 0 Warning(s).
Load "C:\\Documents and Settings\\dmphuong\\Desktop\\STMF4_HID_DEMO_14012013\\MDK\\OBJ\\STM32F407VGT6.AXF" 
Erase Done.
Programming Done.
Verify OK.
Build target 'STM32G407VGT6'
compiling main.c...
linking...
Program Size: Code=40772 RO-data=1356 RW-data=276 ZI-data=3996  
FromELF: creating hex file...
".\OBJ\STM32F407VGT6.axf" - 0 Error(s), 0 Warning(s).
Load "C:\\Documents and Settings\\dmphuong\\Desktop\\STMF4_HID_DEMO_14012013\\MDK\\OBJ\\STM32F407VGT6.AXF" 
Erase Done.
Programming Done.
Verify OK.
Build target 'STM32G407VGT6'
compiling usbh_hid_core.c...
linking...
Program Size: Code=40800 RO-data=1356 RW-data=276 ZI-data=3996  
FromELF: creating hex file...
".\OBJ\STM32F407VGT6.axf" - 0 Error(s), 0 Warning(s).
Load "C:\\Documents and Settings\\dmphuong\\Desktop\\STMF4_HID_DEMO_14012013\\MDK\\OBJ\\STM32F407VGT6.AXF" 
Erase Done.
Programming Done.
Verify OK.
Build target 'STM32G407VGT6'
compiling usbh_hid_core.c...
..\Libraries\STM32_USB_HOST_Library\Class\HID\src\usbh_hid_core.c(196): error:  #268: declaration may not appear after executable statement in block
Target not created
Build target 'STM32G407VGT6'
compiling usbh_hid_core.c...
linking...
Program Size: Code=40788 RO-data=1356 RW-data=276 ZI-data=3996  
FromELF: creating hex file...
".\OBJ\STM32F407VGT6.axf" - 0 Error(s), 0 Warning(s).
Load "C:\\Documents and Settings\\dmphuong\\Desktop\\STMF4_HID_DEMO_14012013\\MDK\\OBJ\\STM32F407VGT6.AXF" 
Erase Done.
Programming Done.
Verify OK.
Build target 'STM32G407VGT6'
compiling usbh_hid_core.c...
linking...
Program Size: Code=40808 RO-data=1356 RW-data=276 ZI-data=3996  
FromELF: creating hex file...
".\OBJ\STM32F407VGT6.axf" - 0 Error(s), 0 Warning(s).
Load "C:\\Documents and Settings\\dmphuong\\Desktop\\STMF4_HID_DEMO_14012013\\MDK\\OBJ\\STM32F407VGT6.AXF" 
Erase Done.
Programming Done.
Verify OK.
Build target 'STM32G407VGT6'
compiling usbh_hid_core.c...
linking...
Program Size: Code=40808 RO-data=1356 RW-data=276 ZI-data=3996  
FromELF: creating hex file...
".\OBJ\STM32F407VGT6.axf" - 0 Error(s), 0 Warning(s).
Build target 'STM32G407VGT6'
linking...
Program Size: Code=40808 RO-data=1356 RW-data=276 ZI-data=3996  
FromELF: creating hex file...
".\OBJ\STM32F407VGT6.axf" - 0 Error(s), 0 Warning(s).
Load "C:\\Documents and Settings\\dmphuong\\Desktop\\STMF4_HID_DEMO_14012013\\MDK\\OBJ\\STM32F407VGT6.AXF" 
Erase Done.
Programming Done.
Verify OK.
Build target 'STM32G407VGT6'
compiling usbh_hid_core.c...
linking...
Program Size: Code=40800 RO-data=1356 RW-data=276 ZI-data=3996  
FromELF: creating hex file...
".\OBJ\STM32F407VGT6.axf" - 0 Error(s), 0 Warning(s).
Build target 'STM32G407VGT6'
compiling usbh_hid_core.c...
linking...
Program Size: Code=40772 RO-data=1356 RW-data=276 ZI-data=3996  
FromELF: creating hex file...
".\OBJ\STM32F407VGT6.axf" - 0 Error(s), 0 Warning(s).
Load "C:\\Documents and Settings\\dmphuong\\Desktop\\STMF4_HID_DEMO_14012013\\MDK\\OBJ\\STM32F407VGT6.AXF" 
Erase Done.
Programming Done.
Verify OK.
Build target 'STM32G407VGT6'
compiling usbh_usr.c...
linking...
Program Size: Code=40780 RO-data=1356 RW-data=276 ZI-data=3996  
FromELF: creating hex file...
".\OBJ\STM32F407VGT6.axf" - 0 Error(s), 0 Warning(s).
Load "C:\\Documents and Settings\\dmphuong\\Desktop\\STMF4_HID_DEMO_14012013\\MDK\\OBJ\\STM32F407VGT6.AXF" 
Erase Done.
Programming Done.
Verify OK.
Build target 'STM32G407VGT6'
compiling main.c...
linking...
Program Size: Code=40780 RO-data=1356 RW-data=276 ZI-data=3996  
FromELF: creating hex file...
".\OBJ\STM32F407VGT6.axf" - 0 Error(s), 0 Warning(s).
Load "C:\\Documents and Settings\\dmphuong\\Desktop\\STMF4_HID_DEMO_14012013\\MDK\\OBJ\\STM32F407VGT6.AXF" 
Erase Done.
Programming Done.
Verify OK.
Build target 'STM32G407VGT6'
compiling main.c...
linking...
Program Size: Code=40776 RO-data=1356 RW-data=276 ZI-data=3996  
FromELF: creating hex file...
".\OBJ\STM32F407VGT6.axf" - 0 Error(s), 0 Warning(s).
Load "C:\\Documents and Settings\\dmphuong\\Desktop\\STMF4_HID_DEMO_14012013\\MDK\\OBJ\\STM32F407VGT6.AXF" 
Erase Done.
Programming Done.
Verify OK.
Build target 'STM32G407VGT6'
compiling main.c...
linking...
Program Size: Code=40780 RO-data=1356 RW-data=276 ZI-data=3996  
FromELF: creating hex file...
".\OBJ\STM32F407VGT6.axf" - 0 Error(s), 0 Warning(s).
Load "C:\\Documents and Settings\\dmphuong\\Desktop\\STMF4_HID_DEMO_14012013\\MDK\\OBJ\\STM32F407VGT6.AXF" 
Erase Done.
Programming Done.
Verify OK.
Build target 'STM32G407VGT6'
compiling main.c...
linking...
Program Size: Code=40780 RO-data=1356 RW-data=276 ZI-data=3996  
FromELF: creating hex file...
".\OBJ\STM32F407VGT6.axf" - 0 Error(s), 0 Warning(s).
Load "C:\\Documents and Settings\\dmphuong\\Desktop\\STMF4_HID_DEMO_14012013\\MDK\\OBJ\\STM32F407VGT6.AXF" 
Erase Done.
Programming Done.
Verify OK.
Build target 'STM32G407VGT6'
compiling main.c...
linking...
Program Size: Code=40780 RO-data=1356 RW-data=276 ZI-data=3996  
FromELF: creating hex file...
".\OBJ\STM32F407VGT6.axf" - 0 Error(s), 0 Warning(s).
Load "C:\\Documents and Settings\\dmphuong\\Desktop\\STMF4_HID_DEMO_14012013\\MDK\\OBJ\\STM32F407VGT6.AXF" 
Erase Done.
Programming Done.
Verify OK.
Build target 'STM32G407VGT6'
linking...
Program Size: Code=40780 RO-data=1356 RW-data=276 ZI-data=3996  
FromELF: creating hex file...
".\OBJ\STM32F407VGT6.axf" - 0 Error(s), 0 Warning(s).
Load "C:\\Documents and Settings\\dmphuong\\Desktop\\STMF4_HID_DEMO_14012013\\MDK\\OBJ\\STM32F407VGT6.AXF" 
Erase Done.
Programming Done.
Verify OK.
Build target 'STM32G407VGT6'
compiling usbh_hid_core.c...
linking...
Program Size: Code=40780 RO-data=1356 RW-data=276 ZI-data=3996  
FromELF: creating hex file...
".\OBJ\STM32F407VGT6.axf" - 0 Error(s), 0 Warning(s).
Build target 'STM32G407VGT6'
compiling main.c...
compiling usbh_usr.c...
compiling usbh_hid_core.c...
linking...
Program Size: Code=40780 RO-data=1356 RW-data=276 ZI-data=3996  
FromELF: creating hex file...
".\OBJ\STM32F407VGT6.axf" - 0 Error(s), 0 Warning(s).
Load "C:\\Documents and Settings\\dmphuong\\Desktop\\STMF4_HID_DEMO_14012013\\MDK\\OBJ\\STM32F407VGT6.AXF" 
Erase Done.
Programming Done.
Verify OK.
Clean started: Project: 'STM32F407VGT6'
   deleting intermediate output files for target 'STM32G407VGT6'
