<html>
<body>
<pre>
<h1>µVision Build Log</h1>
<h2>Tool Versions:</h2>
IDE-Version: µVision V5.14.0.0
Copyright (C) 2015 ARM Ltd and ARM Germany GmbH. All rights reserved.
License Information: D C, UM, LIC=FQQEV-PZ85W-NSGYQ-N6H14-5UIXS-YI4YE
 
Tool Versions:
Toolchain:       MDK-ARM Professional  Version: 5.14.0.0
Toolchain Path:  C:\Keil_v5\ARM\ARMCC\Bin
C Compiler:      Armcc.exe V5.05 update 1 (build 106)
Assembler:       Armasm.exe V5.05 update 1 (build 106)
Linker/Locator:  ArmLink.exe V5.05 update 1 (build 106)
Library Manager: ArmAr.exe V5.05 update 1 (build 106)
Hex Converter:   FromElf.exe V5.05 update 1 (build 106)
CPU DLL:         SARMCM3.DLL V5.14.0.0
Dialog DLL:      DCM.DLL V1.13.1.0
Target DLL:      STLink\ST-LINKIII-KEIL_SWO.dll V2.0.14.0_KEIL
Dialog DLL:      TCM.DLL V1.14.4.0
 
<h2>Project:</h2>
E:\Universidade\workspace\STM\LPI_carrinho\v0.00\MDK\STM32F407VGT6.uvprojx
Project File Date:  06/30/2015

<h2>Output:</h2>
Rebuild target 'STM32G407VGT6'
compiling main.c...
compiling usb_bsp.c...
compiling usbh_usr.c...
compiling car.c...
compiling Accelerometer.c...
compiling general.c...
compiling IRSensors.c...
compiling ledRing.c...
compiling motorControl.c...
compiling serie2.c...
compiling steering.c...
compiling interface.c...
compiling serie1.c...
compiling ESP8266.c...
compiling retarget.c...
compiling system_stm32f4xx.c...
compiling stm32f4xx_it.c...
compiling stm32f4xx_rcc.c...
compiling stm32f4xx_tim.c...
compiling stm32f4xx_usart.c...
compiling stm32f4xx_exti.c...
compiling stm32f4xx_gpio.c...
compiling misc.c...
compiling stm32f4xx_syscfg.c...
compiling stm32f4xx_spi.c...
compiling usbh_core.c...
compiling usbh_hcs.c...
compiling usbh_ioreq.c...
compiling usbh_stdreq.c...
compiling usb_core.c...
compiling usb_hcd.c...
compiling usb_hcd_int.c...
compiling usbh_hid_core.c...
compiling usbh_hid_keybd.c...
compiling usbh_hid_mouse.c...
compiling stm32f4_discovery.c...
assembling startup_stm32f4xx.s...
linking...
Program Size: Code=56364 RO-data=2508 RW-data=288 ZI-data=20608  
FromELF: creating hex file...
".\OBJ\STM32F407VGT6.axf" - 0 Error(s), 0 Warning(s).

<h2>Collection of Component include folders:</h2>
  E:\Universidade\workspace\STM\LPI_carrinho\v0.00\MDK\RTE
  C:\Keil_v5\ARM\PACK\Keil\STM32F4xx_DFP\2.4.0

<h2>Collection of Component Files used:</h2>
</pre>
</body>
</html>
